Archive member included because of file (symbol)

/usr/lib/gcc/arm-none-eabi/4.8.2/../../../arm-none-eabi/lib/armv7e-m/softfp/libc.a(lib_a-memcpy.o)
                              build/FreeRTOS/queue.o (memcpy)
/usr/lib/gcc/arm-none-eabi/4.8.2/../../../arm-none-eabi/lib/armv7e-m/softfp/libc.a(lib_a-memset.o)
                              build/FreeRTOS/tasks.o (memset)

Discarded input sections

 .ARM.attributes
                0x0000000000000000       0x20 /usr/lib/gcc/arm-none-eabi/4.8.2/../../../arm-none-eabi/lib/armv7e-m/softfp/libc.a(lib_a-memcpy.o)
 .debug_line    0x0000000000000000       0xbb /usr/lib/gcc/arm-none-eabi/4.8.2/../../../arm-none-eabi/lib/armv7e-m/softfp/libc.a(lib_a-memcpy.o)
 .debug_info    0x0000000000000000       0xbd /usr/lib/gcc/arm-none-eabi/4.8.2/../../../arm-none-eabi/lib/armv7e-m/softfp/libc.a(lib_a-memcpy.o)
 .debug_abbrev  0x0000000000000000       0x14 /usr/lib/gcc/arm-none-eabi/4.8.2/../../../arm-none-eabi/lib/armv7e-m/softfp/libc.a(lib_a-memcpy.o)
 .debug_aranges
                0x0000000000000000       0x20 /usr/lib/gcc/arm-none-eabi/4.8.2/../../../arm-none-eabi/lib/armv7e-m/softfp/libc.a(lib_a-memcpy.o)
 .debug_info    0x0000000000000000      0x117 /usr/lib/gcc/arm-none-eabi/4.8.2/../../../arm-none-eabi/lib/armv7e-m/softfp/libc.a(lib_a-memset.o)
 .debug_abbrev  0x0000000000000000       0x9f /usr/lib/gcc/arm-none-eabi/4.8.2/../../../arm-none-eabi/lib/armv7e-m/softfp/libc.a(lib_a-memset.o)
 .debug_loc     0x0000000000000000      0x18b /usr/lib/gcc/arm-none-eabi/4.8.2/../../../arm-none-eabi/lib/armv7e-m/softfp/libc.a(lib_a-memset.o)
 .debug_aranges
                0x0000000000000000       0x20 /usr/lib/gcc/arm-none-eabi/4.8.2/../../../arm-none-eabi/lib/armv7e-m/softfp/libc.a(lib_a-memset.o)
 .debug_ranges  0x0000000000000000       0x10 /usr/lib/gcc/arm-none-eabi/4.8.2/../../../arm-none-eabi/lib/armv7e-m/softfp/libc.a(lib_a-memset.o)
 .debug_line    0x0000000000000000      0x102 /usr/lib/gcc/arm-none-eabi/4.8.2/../../../arm-none-eabi/lib/armv7e-m/softfp/libc.a(lib_a-memset.o)
 .debug_str     0x0000000000000000      0x207 /usr/lib/gcc/arm-none-eabi/4.8.2/../../../arm-none-eabi/lib/armv7e-m/softfp/libc.a(lib_a-memset.o)
 .comment       0x0000000000000000       0x20 /usr/lib/gcc/arm-none-eabi/4.8.2/../../../arm-none-eabi/lib/armv7e-m/softfp/libc.a(lib_a-memset.o)
 .ARM.attributes
                0x0000000000000000       0x32 /usr/lib/gcc/arm-none-eabi/4.8.2/../../../arm-none-eabi/lib/armv7e-m/softfp/libc.a(lib_a-memset.o)
 .debug_frame   0x0000000000000000       0x2c /usr/lib/gcc/arm-none-eabi/4.8.2/../../../arm-none-eabi/lib/armv7e-m/softfp/libc.a(lib_a-memset.o)

Memory Configuration

Name             Origin             Length             Attributes
FLASH            0x0000000008000000 0x0000000000200000 xr
RAM              0x0000000020000000 0x0000000000030000 xrw
MEMORY_B1        0x0000000060000000 0x0000000000000000 xr
CCMRAM           0x0000000010000000 0x0000000000010000 rw
*default*        0x0000000000000000 0xffffffffffffffff

Linker script and memory map

LOAD build/CORTEX_M4F_STM32F4/startup_stm32f429_439xx.o
LOAD build/CORTEX_M4F_STM32F4/startup/system_stm32f4xx.o
LOAD build/src/main.o
LOAD build/FreeRTOS/croutine.o
LOAD build/FreeRTOS/event_groups.o
LOAD build/FreeRTOS/list.o
LOAD build/FreeRTOS/queue.o
LOAD build/FreeRTOS/tasks.o
LOAD build/FreeRTOS/timers.o
LOAD build/FreeRTOS/portable/GCC/ARM_CM4F/port.o
LOAD build/FreeRTOS/portable/MemMang/heap_1.o
LOAD build/CORTEX_M4F_STM32F4/Libraries/STM32F4xx_StdPeriph_Driver/src/misc.o
LOAD build/CORTEX_M4F_STM32F4/Libraries/STM32F4xx_StdPeriph_Driver/src/stm32f4xx_gpio.o
LOAD build/CORTEX_M4F_STM32F4/Libraries/STM32F4xx_StdPeriph_Driver/src/stm32f4xx_rcc.o
LOAD build/CORTEX_M4F_STM32F4/Libraries/STM32F4xx_StdPeriph_Driver/src/stm32f4xx_usart.o
LOAD build/CORTEX_M4F_STM32F4/Libraries/STM32F4xx_StdPeriph_Driver/src/stm32f4xx_syscfg.o
LOAD build/CORTEX_M4F_STM32F4/Libraries/STM32F4xx_StdPeriph_Driver/src/stm32f4xx_i2c.o
LOAD build/CORTEX_M4F_STM32F4/Libraries/STM32F4xx_StdPeriph_Driver/src/stm32f4xx_dma.o
LOAD build/CORTEX_M4F_STM32F4/Libraries/STM32F4xx_StdPeriph_Driver/src/stm32f4xx_spi.o
LOAD build/CORTEX_M4F_STM32F4/Libraries/STM32F4xx_StdPeriph_Driver/src/stm32f4xx_exti.o
LOAD build/CORTEX_M4F_STM32F4/Libraries/STM32F4xx_StdPeriph_Driver/src/stm32f4xx_dma2d.o
LOAD build/CORTEX_M4F_STM32F4/Libraries/STM32F4xx_StdPeriph_Driver/src/stm32f4xx_ltdc.o
LOAD build/CORTEX_M4F_STM32F4/Libraries/STM32F4xx_StdPeriph_Driver/src/stm32f4xx_fmc.o
LOAD build/CORTEX_M4F_STM32F4/Libraries/STM32F4xx_StdPeriph_Driver/src/stm32f4xx_rng.o
                0x0000000020030000                _estack = 0x20030000
                0x0000000000000000                _Min_Heap_Size = 0x0
                0x0000000000000400                _Min_Stack_Size = 0x400

.isr_vector     0x0000000008000000      0x1ac
                0x0000000008000000                . = ALIGN (0x4)
 *(.isr_vector)
 .isr_vector    0x0000000008000000      0x1ac build/CORTEX_M4F_STM32F4/startup_stm32f429_439xx.o
                0x0000000008000000                g_pfnVectors
                0x00000000080001ac                . = ALIGN (0x4)

.text           0x00000000080001ac     0x6278
                0x00000000080001ac                . = ALIGN (0x4)
 *(.text)
 .text          0x00000000080001ac       0x14 build/CORTEX_M4F_STM32F4/startup_stm32f429_439xx.o
 .text          0x00000000080001c0        0x0 build/CORTEX_M4F_STM32F4/startup/system_stm32f4xx.o
 .text          0x00000000080001c0        0x0 build/src/main.o
 .text          0x00000000080001c0        0x0 build/FreeRTOS/croutine.o
 .text          0x00000000080001c0        0x0 build/FreeRTOS/event_groups.o
 .text          0x00000000080001c0        0x0 build/FreeRTOS/list.o
 .text          0x00000000080001c0        0x0 build/FreeRTOS/queue.o
 .text          0x00000000080001c0        0x0 build/FreeRTOS/tasks.o
 .text          0x00000000080001c0        0x0 build/FreeRTOS/timers.o
 .text          0x00000000080001c0        0x0 build/FreeRTOS/portable/GCC/ARM_CM4F/port.o
 .text          0x00000000080001c0        0x0 build/FreeRTOS/portable/MemMang/heap_1.o
 .text          0x00000000080001c0        0x0 build/CORTEX_M4F_STM32F4/Libraries/STM32F4xx_StdPeriph_Driver/src/misc.o
 .text          0x00000000080001c0        0x0 build/CORTEX_M4F_STM32F4/Libraries/STM32F4xx_StdPeriph_Driver/src/stm32f4xx_gpio.o
 .text          0x00000000080001c0        0x0 build/CORTEX_M4F_STM32F4/Libraries/STM32F4xx_StdPeriph_Driver/src/stm32f4xx_rcc.o
 .text          0x00000000080001c0        0x0 build/CORTEX_M4F_STM32F4/Libraries/STM32F4xx_StdPeriph_Driver/src/stm32f4xx_usart.o
 .text          0x00000000080001c0        0x0 build/CORTEX_M4F_STM32F4/Libraries/STM32F4xx_StdPeriph_Driver/src/stm32f4xx_syscfg.o
 .text          0x00000000080001c0        0x0 build/CORTEX_M4F_STM32F4/Libraries/STM32F4xx_StdPeriph_Driver/src/stm32f4xx_i2c.o
 .text          0x00000000080001c0        0x0 build/CORTEX_M4F_STM32F4/Libraries/STM32F4xx_StdPeriph_Driver/src/stm32f4xx_dma.o
 .text          0x00000000080001c0        0x0 build/CORTEX_M4F_STM32F4/Libraries/STM32F4xx_StdPeriph_Driver/src/stm32f4xx_spi.o
 .text          0x00000000080001c0        0x0 build/CORTEX_M4F_STM32F4/Libraries/STM32F4xx_StdPeriph_Driver/src/stm32f4xx_exti.o
 .text          0x00000000080001c0        0x0 build/CORTEX_M4F_STM32F4/Libraries/STM32F4xx_StdPeriph_Driver/src/stm32f4xx_dma2d.o
 .text          0x00000000080001c0        0x0 build/CORTEX_M4F_STM32F4/Libraries/STM32F4xx_StdPeriph_Driver/src/stm32f4xx_ltdc.o
 .text          0x00000000080001c0        0x0 build/CORTEX_M4F_STM32F4/Libraries/STM32F4xx_StdPeriph_Driver/src/stm32f4xx_fmc.o
 .text          0x00000000080001c0        0x0 build/CORTEX_M4F_STM32F4/Libraries/STM32F4xx_StdPeriph_Driver/src/stm32f4xx_rng.o
 .text          0x00000000080001c0      0x134 /usr/lib/gcc/arm-none-eabi/4.8.2/../../../arm-none-eabi/lib/armv7e-m/softfp/libc.a(lib_a-memcpy.o)
                0x00000000080001c0                memcpy
 .text          0x00000000080002f4        0x0 /usr/lib/gcc/arm-none-eabi/4.8.2/../../../arm-none-eabi/lib/armv7e-m/softfp/libc.a(lib_a-memset.o)
 *(.text*)
 .text.Reset_Handler
                0x00000000080002f4       0x44 build/CORTEX_M4F_STM32F4/startup_stm32f429_439xx.o
                0x00000000080002f4                Reset_Handler
 .text.Default_Handler
                0x0000000008000338        0x2 build/CORTEX_M4F_STM32F4/startup_stm32f429_439xx.o
                0x0000000008000338                RTC_Alarm_IRQHandler
                0x0000000008000338                HASH_RNG_IRQHandler
                0x0000000008000338                EXTI2_IRQHandler
                0x0000000008000338                TIM8_CC_IRQHandler
                0x0000000008000338                DebugMon_Handler
                0x0000000008000338                UART8_IRQHandler
                0x0000000008000338                SPI4_IRQHandler
                0x0000000008000338                TIM1_CC_IRQHandler
                0x0000000008000338                DMA2_Stream5_IRQHandler
                0x0000000008000338                HardFault_Handler
                0x0000000008000338                DMA1_Stream5_IRQHandler
                0x0000000008000338                PVD_IRQHandler
                0x0000000008000338                SDIO_IRQHandler
                0x0000000008000338                TAMP_STAMP_IRQHandler
                0x0000000008000338                NMI_Handler
                0x0000000008000338                CAN2_RX1_IRQHandler
                0x0000000008000338                EXTI3_IRQHandler
                0x0000000008000338                TIM8_TRG_COM_TIM14_IRQHandler
                0x0000000008000338                TIM1_UP_TIM10_IRQHandler
                0x0000000008000338                TIM8_UP_TIM13_IRQHandler
                0x0000000008000338                I2C3_ER_IRQHandler
                0x0000000008000338                I2C2_EV_IRQHandler
                0x0000000008000338                DMA1_Stream2_IRQHandler
                0x0000000008000338                CAN1_RX0_IRQHandler
                0x0000000008000338                FPU_IRQHandler
                0x0000000008000338                OTG_HS_WKUP_IRQHandler
                0x0000000008000338                UsageFault_Handler
                0x0000000008000338                LTDC_ER_IRQHandler
                0x0000000008000338                CAN2_SCE_IRQHandler
                0x0000000008000338                DMA2_Stream2_IRQHandler
                0x0000000008000338                SPI1_IRQHandler
                0x0000000008000338                TIM6_DAC_IRQHandler
                0x0000000008000338                TIM1_BRK_TIM9_IRQHandler
                0x0000000008000338                DCMI_IRQHandler
                0x0000000008000338                CAN2_RX0_IRQHandler
                0x0000000008000338                DMA2_Stream3_IRQHandler
                0x0000000008000338                USART6_IRQHandler
                0x0000000008000338                USART3_IRQHandler
                0x0000000008000338                CRYP_IRQHandler
                0x0000000008000338                CAN1_RX1_IRQHandler
                0x0000000008000338                UART5_IRQHandler
                0x0000000008000338                DMA2_Stream0_IRQHandler
                0x0000000008000338                TIM4_IRQHandler
                0x0000000008000338                I2C1_EV_IRQHandler
                0x0000000008000338                DMA1_Stream6_IRQHandler
                0x0000000008000338                DMA1_Stream1_IRQHandler
                0x0000000008000338                UART4_IRQHandler
                0x0000000008000338                TIM3_IRQHandler
                0x0000000008000338                RCC_IRQHandler
                0x0000000008000338                TIM8_BRK_TIM12_IRQHandler
                0x0000000008000338                Default_Handler
                0x0000000008000338                EXTI15_10_IRQHandler
                0x0000000008000338                ADC_IRQHandler
                0x0000000008000338                DMA1_Stream7_IRQHandler
                0x0000000008000338                SPI5_IRQHandler
                0x0000000008000338                TIM7_IRQHandler
                0x0000000008000338                CAN2_TX_IRQHandler
                0x0000000008000338                TIM5_IRQHandler
                0x0000000008000338                DMA2_Stream7_IRQHandler
                0x0000000008000338                I2C3_EV_IRQHandler
                0x0000000008000338                EXTI9_5_IRQHandler
                0x0000000008000338                RTC_WKUP_IRQHandler
                0x0000000008000338                LTDC_IRQHandler
                0x0000000008000338                ETH_WKUP_IRQHandler
                0x0000000008000338                SPI2_IRQHandler
                0x0000000008000338                OTG_HS_EP1_IN_IRQHandler
                0x0000000008000338                MemManage_Handler
                0x0000000008000338                DMA1_Stream0_IRQHandler
                0x0000000008000338                CAN1_TX_IRQHandler
                0x0000000008000338                EXTI4_IRQHandler
                0x0000000008000338                FSMC_IRQHandler
                0x0000000008000338                ETH_IRQHandler
                0x0000000008000338                OTG_HS_EP1_OUT_IRQHandler
                0x0000000008000338                WWDG_IRQHandler
                0x0000000008000338                SPI6_IRQHandler
                0x0000000008000338                TIM2_IRQHandler
                0x0000000008000338                OTG_FS_WKUP_IRQHandler
                0x0000000008000338                TIM1_TRG_COM_TIM11_IRQHandler
                0x0000000008000338                OTG_HS_IRQHandler
                0x0000000008000338                DMA2D_IRQHandler
                0x0000000008000338                EXTI1_IRQHandler
                0x0000000008000338                UART7_IRQHandler
                0x0000000008000338                USART2_IRQHandler
                0x0000000008000338                I2C2_ER_IRQHandler
                0x0000000008000338                DMA2_Stream1_IRQHandler
                0x0000000008000338                CAN1_SCE_IRQHandler
                0x0000000008000338                FLASH_IRQHandler
                0x0000000008000338                DMA2_Stream4_IRQHandler
                0x0000000008000338                BusFault_Handler
                0x0000000008000338                USART1_IRQHandler
                0x0000000008000338                OTG_FS_IRQHandler
                0x0000000008000338                SPI3_IRQHandler
                0x0000000008000338                DMA1_Stream4_IRQHandler
                0x0000000008000338                I2C1_ER_IRQHandler
                0x0000000008000338                DMA2_Stream6_IRQHandler
                0x0000000008000338                SAI1_IRQHandler
                0x0000000008000338                DMA1_Stream3_IRQHandler
 *fill*         0x000000000800033a        0x2 
 .text.SystemInit
                0x000000000800033c      0x124 build/CORTEX_M4F_STM32F4/startup/system_stm32f4xx.o
                0x000000000800033c                SystemInit
 .text.SystemCoreClockUpdate
                0x0000000008000460       0x94 build/CORTEX_M4F_STM32F4/startup/system_stm32f4xx.o
                0x0000000008000460                SystemCoreClockUpdate
 .text.RCC_Configuration
                0x00000000080004f4       0x18 build/src/main.o
                0x00000000080004f4                RCC_Configuration
 .text.GPIO_Configuration
                0x000000000800050c       0x58 build/src/main.o
                0x000000000800050c                GPIO_Configuration
 .text.Interrupts_Configuration
                0x0000000008000564       0x44 build/src/main.o
                0x0000000008000564                Interrupts_Configuration
 .text.EXTI0_IRQHandler
                0x00000000080005a8       0x2c build/src/main.o
                0x00000000080005a8                EXTI0_IRQHandler
 .text.startup.main
                0x00000000080005d4        0xc build/src/main.o
                0x00000000080005d4                main
 .text.xCoRoutineCreate
                0x00000000080005e0       0xe0 build/FreeRTOS/croutine.o
                0x00000000080005e0                xCoRoutineCreate
 .text.vCoRoutineAddToDelayedList
                0x00000000080006c0       0x54 build/FreeRTOS/croutine.o
                0x00000000080006c0                vCoRoutineAddToDelayedList
 .text.vCoRoutineSchedule
                0x0000000008000714      0x1f0 build/FreeRTOS/croutine.o
                0x0000000008000714                vCoRoutineSchedule
 .text.xCoRoutineRemoveFromEventList
                0x0000000008000904       0x38 build/FreeRTOS/croutine.o
                0x0000000008000904                xCoRoutineRemoveFromEventList
 .text.xEventGroupCreate
                0x000000000800093c       0x1c build/FreeRTOS/event_groups.o
                0x000000000800093c                xEventGroupCreate
 .text.xEventGroupWaitBits
                0x0000000008000958       0xd0 build/FreeRTOS/event_groups.o
                0x0000000008000958                xEventGroupWaitBits
 .text.xEventGroupClearBits
                0x0000000008000a28       0x28 build/FreeRTOS/event_groups.o
                0x0000000008000a28                xEventGroupClearBits
 .text.xEventGroupClearBitsFromISR
                0x0000000008000a50       0x28 build/FreeRTOS/event_groups.o
                0x0000000008000a50                xEventGroupClearBitsFromISR
 .text.xEventGroupSetBits
                0x0000000008000a78       0x70 build/FreeRTOS/event_groups.o
                0x0000000008000a78                xEventGroupSetBits
 .text.xEventGroupSync
                0x0000000008000ae8       0xb4 build/FreeRTOS/event_groups.o
                0x0000000008000ae8                xEventGroupSync
 .text.vEventGroupDelete
                0x0000000008000b9c       0x40 build/FreeRTOS/event_groups.o
                0x0000000008000b9c                vEventGroupDelete
 .text.vEventGroupSetBitsCallback
                0x0000000008000bdc       0x7c build/FreeRTOS/event_groups.o
                0x0000000008000bdc                vEventGroupSetBitsCallback
 .text.uxEventGroupGetNumber
                0x0000000008000c58        0x8 build/FreeRTOS/event_groups.o
                0x0000000008000c58                uxEventGroupGetNumber
 .text.vListInitialise
                0x0000000008000c60       0x18 build/FreeRTOS/list.o
                0x0000000008000c60                vListInitialise
 .text.vListInitialiseItem
                0x0000000008000c78        0x8 build/FreeRTOS/list.o
                0x0000000008000c78                vListInitialiseItem
 .text.vListInsertEnd
                0x0000000008000c80       0x20 build/FreeRTOS/list.o
                0x0000000008000c80                vListInsertEnd
 .text.vListInsert
                0x0000000008000ca0       0x34 build/FreeRTOS/list.o
                0x0000000008000ca0                vListInsert
 .text.uxListRemove
                0x0000000008000cd4       0x28 build/FreeRTOS/list.o
                0x0000000008000cd4                uxListRemove
 .text.unlikely.prvCopyDataFromQueue
                0x0000000008000cfc       0x28 build/FreeRTOS/queue.o
 .text.prvUnlockQueue
                0x0000000008000d24       0x84 build/FreeRTOS/queue.o
 .text.xQueueGenericReset
                0x0000000008000da8       0x74 build/FreeRTOS/queue.o
                0x0000000008000da8                xQueueGenericReset
 .text.xQueueGenericCreate
                0x0000000008000e1c       0x78 build/FreeRTOS/queue.o
                0x0000000008000e1c                xQueueGenericCreate
 .text.xQueueCreateCountingSemaphore
                0x0000000008000e94       0x84 build/FreeRTOS/queue.o
                0x0000000008000e94                xQueueCreateCountingSemaphore
 .text.xQueueGenericSend
                0x0000000008000f18      0x280 build/FreeRTOS/queue.o
                0x0000000008000f18                xQueueGenericSend
 .text.xQueueCreateMutex
                0x0000000008001198       0x50 build/FreeRTOS/queue.o
                0x0000000008001198                xQueueCreateMutex
 .text.xQueueGiveMutexRecursive
                0x00000000080011e8       0x34 build/FreeRTOS/queue.o
                0x00000000080011e8                xQueueGiveMutexRecursive
 .text.xQueueGenericSendFromISR
                0x000000000800121c      0x124 build/FreeRTOS/queue.o
                0x000000000800121c                xQueueGenericSendFromISR
 .text.xQueueGenericReceive
                0x0000000008001340      0x240 build/FreeRTOS/queue.o
                0x0000000008001340                xQueueGenericReceive
 .text.xQueueTakeMutexRecursive
                0x0000000008001580       0x3c build/FreeRTOS/queue.o
                0x0000000008001580                xQueueTakeMutexRecursive
 .text.xQueueReceiveFromISR
                0x00000000080015bc       0x84 build/FreeRTOS/queue.o
                0x00000000080015bc                xQueueReceiveFromISR
 .text.xQueuePeekFromISR
                0x0000000008001640       0x54 build/FreeRTOS/queue.o
                0x0000000008001640                xQueuePeekFromISR
 .text.uxQueueMessagesWaiting
                0x0000000008001694       0x1c build/FreeRTOS/queue.o
                0x0000000008001694                uxQueueMessagesWaiting
 .text.uxQueueSpacesAvailable
                0x00000000080016b0       0x20 build/FreeRTOS/queue.o
                0x00000000080016b0                uxQueueSpacesAvailable
 .text.uxQueueMessagesWaitingFromISR
                0x00000000080016d0       0x10 build/FreeRTOS/queue.o
                0x00000000080016d0                uxQueueMessagesWaitingFromISR
 .text.vQueueDelete
                0x00000000080016e0       0x94 build/FreeRTOS/queue.o
                0x00000000080016e0                vQueueDelete
 .text.uxQueueGetQueueNumber
                0x0000000008001774        0x4 build/FreeRTOS/queue.o
                0x0000000008001774                uxQueueGetQueueNumber
 .text.vQueueSetQueueNumber
                0x0000000008001778        0x4 build/FreeRTOS/queue.o
                0x0000000008001778                vQueueSetQueueNumber
 .text.ucQueueGetQueueType
                0x000000000800177c        0x8 build/FreeRTOS/queue.o
                0x000000000800177c                ucQueueGetQueueType
 .text.xQueueIsQueueEmptyFromISR
                0x0000000008001784       0x18 build/FreeRTOS/queue.o
                0x0000000008001784                xQueueIsQueueEmptyFromISR
 .text.xQueueIsQueueFullFromISR
                0x000000000800179c       0x18 build/FreeRTOS/queue.o
                0x000000000800179c                xQueueIsQueueFullFromISR
 .text.vQueueAddToRegistry
                0x00000000080017b4       0x5c build/FreeRTOS/queue.o
                0x00000000080017b4                vQueueAddToRegistry
 .text.vQueueUnregisterQueue
                0x0000000008001810       0x60 build/FreeRTOS/queue.o
                0x0000000008001810                vQueueUnregisterQueue
 .text.vQueueWaitForMessageRestricted
                0x0000000008001870       0xb0 build/FreeRTOS/queue.o
                0x0000000008001870                vQueueWaitForMessageRestricted
 .text.unlikely.prvInitialiseTaskLists
                0x0000000008001920       0x70 build/FreeRTOS/tasks.o
 .text.xTaskGenericCreate
                0x0000000008001990      0x1bc build/FreeRTOS/tasks.o
                0x0000000008001990                xTaskGenericCreate
 .text.vTaskDelete
                0x0000000008001b4c       0xc0 build/FreeRTOS/tasks.o
                0x0000000008001b4c                vTaskDelete
 .text.uxTaskPriorityGet
                0x0000000008001c0c       0x28 build/FreeRTOS/tasks.o
                0x0000000008001c0c                uxTaskPriorityGet
 .text.vTaskPrioritySet
                0x0000000008001c34       0xc0 build/FreeRTOS/tasks.o
                0x0000000008001c34                vTaskPrioritySet
 .text.vTaskSuspend
                0x0000000008001cf4      0x154 build/FreeRTOS/tasks.o
                0x0000000008001cf4                vTaskSuspend
 .text.vTaskResume
                0x0000000008001e48       0x88 build/FreeRTOS/tasks.o
                0x0000000008001e48                vTaskResume
 .text.xTaskResumeFromISR
                0x0000000008001ed0       0xb0 build/FreeRTOS/tasks.o
                0x0000000008001ed0                xTaskResumeFromISR
 .text.vTaskStartScheduler
                0x0000000008001f80      0x14c build/FreeRTOS/tasks.o
                0x0000000008001f80                vTaskStartScheduler
 .text.vTaskEndScheduler
                0x00000000080020cc       0x1c build/FreeRTOS/tasks.o
                0x00000000080020cc                vTaskEndScheduler
 .text.vTaskSuspendAll
                0x00000000080020e8       0x10 build/FreeRTOS/tasks.o
                0x00000000080020e8                vTaskSuspendAll
 .text.xTaskGetTickCount
                0x00000000080020f8       0x18 build/FreeRTOS/tasks.o
                0x00000000080020f8                xTaskGetTickCount
 .text.xTaskGetTickCountFromISR
                0x0000000008002110       0x1c build/FreeRTOS/tasks.o
                0x0000000008002110                xTaskGetTickCountFromISR
 .text.uxTaskGetNumberOfTasks
                0x000000000800212c        0xc build/FreeRTOS/tasks.o
                0x000000000800212c                uxTaskGetNumberOfTasks
 .text.xTaskIncrementTick
                0x0000000008002138      0x17c build/FreeRTOS/tasks.o
                0x0000000008002138                xTaskIncrementTick
 .text.xTaskResumeAll
                0x00000000080022b4       0xf0 build/FreeRTOS/tasks.o
                0x00000000080022b4                xTaskResumeAll
 .text.vTaskDelayUntil
                0x00000000080023a4       0xbc build/FreeRTOS/tasks.o
                0x00000000080023a4                vTaskDelayUntil
 .text.vTaskDelay
                0x0000000008002460       0x8c build/FreeRTOS/tasks.o
                0x0000000008002460                vTaskDelay
 .text.prvIdleTask
                0x00000000080024ec       0x94 build/FreeRTOS/tasks.o
 .text.uxTaskGetSystemState
                0x0000000008002580      0x37c build/FreeRTOS/tasks.o
                0x0000000008002580                uxTaskGetSystemState
 .text.vTaskSwitchContext
                0x00000000080028fc       0x98 build/FreeRTOS/tasks.o
                0x00000000080028fc                vTaskSwitchContext
 .text.vTaskPlaceOnEventList
                0x0000000008002994       0x90 build/FreeRTOS/tasks.o
                0x0000000008002994                vTaskPlaceOnEventList
 .text.vTaskPlaceOnUnorderedEventList
                0x0000000008002a24       0xac build/FreeRTOS/tasks.o
                0x0000000008002a24                vTaskPlaceOnUnorderedEventList
 .text.vTaskPlaceOnEventListRestricted
                0x0000000008002ad0       0x74 build/FreeRTOS/tasks.o
                0x0000000008002ad0                vTaskPlaceOnEventListRestricted
 .text.xTaskRemoveFromEventList
                0x0000000008002b44       0x8c build/FreeRTOS/tasks.o
                0x0000000008002b44                xTaskRemoveFromEventList
 .text.xTaskRemoveFromUnorderedEventList
                0x0000000008002bd0       0x80 build/FreeRTOS/tasks.o
                0x0000000008002bd0                xTaskRemoveFromUnorderedEventList
 .text.vTaskSetTimeOutState
                0x0000000008002c50       0x24 build/FreeRTOS/tasks.o
                0x0000000008002c50                vTaskSetTimeOutState
 .text.xTaskCheckForTimeOut
                0x0000000008002c74       0x74 build/FreeRTOS/tasks.o
                0x0000000008002c74                xTaskCheckForTimeOut
 .text.vTaskMissedYield
                0x0000000008002ce8       0x10 build/FreeRTOS/tasks.o
                0x0000000008002ce8                vTaskMissedYield
 .text.uxTaskGetTaskNumber
                0x0000000008002cf8        0x8 build/FreeRTOS/tasks.o
                0x0000000008002cf8                uxTaskGetTaskNumber
 .text.vTaskSetTaskNumber
                0x0000000008002d00        0x8 build/FreeRTOS/tasks.o
                0x0000000008002d00                vTaskSetTaskNumber
 .text.xTaskGetCurrentTaskHandle
                0x0000000008002d08        0xc build/FreeRTOS/tasks.o
                0x0000000008002d08                xTaskGetCurrentTaskHandle
 .text.xTaskGetSchedulerState
                0x0000000008002d14       0x24 build/FreeRTOS/tasks.o
                0x0000000008002d14                xTaskGetSchedulerState
 .text.vTaskPriorityInherit
                0x0000000008002d38       0x78 build/FreeRTOS/tasks.o
                0x0000000008002d38                vTaskPriorityInherit
 .text.vTaskPriorityDisinherit
                0x0000000008002db0       0x54 build/FreeRTOS/tasks.o
                0x0000000008002db0                vTaskPriorityDisinherit
 .text.uxTaskResetEventItemValue
                0x0000000008002e04       0x1c build/FreeRTOS/tasks.o
                0x0000000008002e04                uxTaskResetEventItemValue
 .text.xTimerCreateTimerTask
                0x0000000008002e20       0xb4 build/FreeRTOS/timers.o
                0x0000000008002e20                xTimerCreateTimerTask
 .text.xTimerCreate
                0x0000000008002ed4       0xac build/FreeRTOS/timers.o
                0x0000000008002ed4                xTimerCreate
 .text.xTimerGenericCommand
                0x0000000008002f80       0x54 build/FreeRTOS/timers.o
                0x0000000008002f80                xTimerGenericCommand
 .text.prvTimerTask
                0x0000000008002fd4      0x31c build/FreeRTOS/timers.o
 .text.xTimerIsTimerActive
                0x00000000080032f0       0x18 build/FreeRTOS/timers.o
                0x00000000080032f0                xTimerIsTimerActive
 .text.pvTimerGetTimerID
                0x0000000008003308        0x4 build/FreeRTOS/timers.o
                0x0000000008003308                pvTimerGetTimerID
 .text.prvPortStartFirstTask
                0x000000000800330c       0x1c build/FreeRTOS/portable/GCC/ARM_CM4F/port.o
 .text.vPortEnableVFP
                0x0000000008003328       0x14 build/FreeRTOS/portable/GCC/ARM_CM4F/port.o
 .text.pxPortInitialiseStack
                0x000000000800333c       0x2c build/FreeRTOS/portable/GCC/ARM_CM4F/port.o
                0x000000000800333c                pxPortInitialiseStack
 .text.SVC_Handler
                0x0000000008003368       0x20 build/FreeRTOS/portable/GCC/ARM_CM4F/port.o
                0x0000000008003368                SVC_Handler
 .text.vPortYield
                0x0000000008003388       0x18 build/FreeRTOS/portable/GCC/ARM_CM4F/port.o
                0x0000000008003388                vPortYield
 .text.ulPortSetInterruptMask
                0x00000000080033a0       0x10 build/FreeRTOS/portable/GCC/ARM_CM4F/port.o
                0x00000000080033a0                ulPortSetInterruptMask
 .text.prvTaskExitError
                0x00000000080033b0       0x1c build/FreeRTOS/portable/GCC/ARM_CM4F/port.o
 .text.vPortEndScheduler
                0x00000000080033cc       0x1c build/FreeRTOS/portable/GCC/ARM_CM4F/port.o
                0x00000000080033cc                vPortEndScheduler
 .text.vPortEnterCritical
                0x00000000080033e8       0x20 build/FreeRTOS/portable/GCC/ARM_CM4F/port.o
                0x00000000080033e8                vPortEnterCritical
 .text.vPortClearInterruptMask
                0x0000000008003408        0x8 build/FreeRTOS/portable/GCC/ARM_CM4F/port.o
                0x0000000008003408                vPortClearInterruptMask
 .text.vPortExitCritical
                0x0000000008003410       0x24 build/FreeRTOS/portable/GCC/ARM_CM4F/port.o
                0x0000000008003410                vPortExitCritical
 .text.PendSV_Handler
                0x0000000008003434       0x58 build/FreeRTOS/portable/GCC/ARM_CM4F/port.o
                0x0000000008003434                PendSV_Handler
 .text.SysTick_Handler
                0x000000000800348c       0x24 build/FreeRTOS/portable/GCC/ARM_CM4F/port.o
                0x000000000800348c                SysTick_Handler
 .text.vPortSetupTimerInterrupt
                0x00000000080034b0       0x34 build/FreeRTOS/portable/GCC/ARM_CM4F/port.o
                0x00000000080034b0                vPortSetupTimerInterrupt
 .text.xPortStartScheduler
                0x00000000080034e4       0xbc build/FreeRTOS/portable/GCC/ARM_CM4F/port.o
                0x00000000080034e4                xPortStartScheduler
 .text.vPortValidateInterruptPriority
                0x00000000080035a0       0x4c build/FreeRTOS/portable/GCC/ARM_CM4F/port.o
                0x00000000080035a0                vPortValidateInterruptPriority
 .text.pvPortMalloc
                0x00000000080035ec       0x60 build/FreeRTOS/portable/MemMang/heap_1.o
                0x00000000080035ec                pvPortMalloc
 .text.vPortFree
                0x000000000800364c        0xc build/FreeRTOS/portable/MemMang/heap_1.o
                0x000000000800364c                vPortFree
 .text.vPortInitialiseBlocks
                0x0000000008003658       0x10 build/FreeRTOS/portable/MemMang/heap_1.o
                0x0000000008003658                vPortInitialiseBlocks
 .text.xPortGetFreeHeapSize
                0x0000000008003668       0x14 build/FreeRTOS/portable/MemMang/heap_1.o
                0x0000000008003668                xPortGetFreeHeapSize
 .text.NVIC_PriorityGroupConfig
                0x000000000800367c       0x14 build/CORTEX_M4F_STM32F4/Libraries/STM32F4xx_StdPeriph_Driver/src/misc.o
                0x000000000800367c                NVIC_PriorityGroupConfig
 .text.NVIC_Init
                0x0000000008003690       0x80 build/CORTEX_M4F_STM32F4/Libraries/STM32F4xx_StdPeriph_Driver/src/misc.o
                0x0000000008003690                NVIC_Init
 .text.NVIC_SetVectorTable
                0x0000000008003710       0x18 build/CORTEX_M4F_STM32F4/Libraries/STM32F4xx_StdPeriph_Driver/src/misc.o
                0x0000000008003710                NVIC_SetVectorTable
 .text.NVIC_SystemLPConfig
                0x0000000008003728       0x1c build/CORTEX_M4F_STM32F4/Libraries/STM32F4xx_StdPeriph_Driver/src/misc.o
                0x0000000008003728                NVIC_SystemLPConfig
 .text.SysTick_CLKSourceConfig
                0x0000000008003744       0x1c build/CORTEX_M4F_STM32F4/Libraries/STM32F4xx_StdPeriph_Driver/src/misc.o
                0x0000000008003744                SysTick_CLKSourceConfig
 .text.GPIO_DeInit
                0x0000000008003760      0x170 build/CORTEX_M4F_STM32F4/Libraries/STM32F4xx_StdPeriph_Driver/src/stm32f4xx_gpio.o
                0x0000000008003760                GPIO_DeInit
 .text.GPIO_Init
                0x00000000080038d0       0xc0 build/CORTEX_M4F_STM32F4/Libraries/STM32F4xx_StdPeriph_Driver/src/stm32f4xx_gpio.o
                0x00000000080038d0                GPIO_Init
 .text.GPIO_StructInit
                0x0000000008003990       0x14 build/CORTEX_M4F_STM32F4/Libraries/STM32F4xx_StdPeriph_Driver/src/stm32f4xx_gpio.o
                0x0000000008003990                GPIO_StructInit
 .text.GPIO_PinLockConfig
                0x00000000080039a4       0x24 build/CORTEX_M4F_STM32F4/Libraries/STM32F4xx_StdPeriph_Driver/src/stm32f4xx_gpio.o
                0x00000000080039a4                GPIO_PinLockConfig
 .text.GPIO_ReadInputDataBit
                0x00000000080039c8        0xc build/CORTEX_M4F_STM32F4/Libraries/STM32F4xx_StdPeriph_Driver/src/stm32f4xx_gpio.o
                0x00000000080039c8                GPIO_ReadInputDataBit
 .text.GPIO_ReadInputData
                0x00000000080039d4        0x8 build/CORTEX_M4F_STM32F4/Libraries/STM32F4xx_StdPeriph_Driver/src/stm32f4xx_gpio.o
                0x00000000080039d4                GPIO_ReadInputData
 .text.GPIO_ReadOutputDataBit
                0x00000000080039dc        0xc build/CORTEX_M4F_STM32F4/Libraries/STM32F4xx_StdPeriph_Driver/src/stm32f4xx_gpio.o
                0x00000000080039dc                GPIO_ReadOutputDataBit
 .text.GPIO_ReadOutputData
                0x00000000080039e8        0x8 build/CORTEX_M4F_STM32F4/Libraries/STM32F4xx_StdPeriph_Driver/src/stm32f4xx_gpio.o
                0x00000000080039e8                GPIO_ReadOutputData
 .text.GPIO_SetBits
                0x00000000080039f0        0x4 build/CORTEX_M4F_STM32F4/Libraries/STM32F4xx_StdPeriph_Driver/src/stm32f4xx_gpio.o
                0x00000000080039f0                GPIO_SetBits
 .text.GPIO_ResetBits
                0x00000000080039f4        0x4 build/CORTEX_M4F_STM32F4/Libraries/STM32F4xx_StdPeriph_Driver/src/stm32f4xx_gpio.o
                0x00000000080039f4                GPIO_ResetBits
 .text.GPIO_WriteBit
                0x00000000080039f8        0xc build/CORTEX_M4F_STM32F4/Libraries/STM32F4xx_StdPeriph_Driver/src/stm32f4xx_gpio.o
                0x00000000080039f8                GPIO_WriteBit
 .text.GPIO_Write
                0x0000000008003a04        0x4 build/CORTEX_M4F_STM32F4/Libraries/STM32F4xx_StdPeriph_Driver/src/stm32f4xx_gpio.o
                0x0000000008003a04                GPIO_Write
 .text.GPIO_ToggleBits
                0x0000000008003a08        0x8 build/CORTEX_M4F_STM32F4/Libraries/STM32F4xx_StdPeriph_Driver/src/stm32f4xx_gpio.o
                0x0000000008003a08                GPIO_ToggleBits
 .text.GPIO_PinAFConfig
                0x0000000008003a10       0x28 build/CORTEX_M4F_STM32F4/Libraries/STM32F4xx_StdPeriph_Driver/src/stm32f4xx_gpio.o
                0x0000000008003a10                GPIO_PinAFConfig
 .text.RCC_DeInit
                0x0000000008003a38       0x54 build/CORTEX_M4F_STM32F4/Libraries/STM32F4xx_StdPeriph_Driver/src/stm32f4xx_rcc.o
                0x0000000008003a38                RCC_DeInit
 .text.RCC_HSEConfig
                0x0000000008003a8c       0x10 build/CORTEX_M4F_STM32F4/Libraries/STM32F4xx_StdPeriph_Driver/src/stm32f4xx_rcc.o
                0x0000000008003a8c                RCC_HSEConfig
 .text.RCC_WaitForHSEStartUp
                0x0000000008003a9c       0x40 build/CORTEX_M4F_STM32F4/Libraries/STM32F4xx_StdPeriph_Driver/src/stm32f4xx_rcc.o
                0x0000000008003a9c                RCC_WaitForHSEStartUp
 .text.RCC_AdjustHSICalibrationValue
                0x0000000008003adc       0x18 build/CORTEX_M4F_STM32F4/Libraries/STM32F4xx_StdPeriph_Driver/src/stm32f4xx_rcc.o
                0x0000000008003adc                RCC_AdjustHSICalibrationValue
 .text.RCC_HSICmd
                0x0000000008003af4        0xc build/CORTEX_M4F_STM32F4/Libraries/STM32F4xx_StdPeriph_Driver/src/stm32f4xx_rcc.o
                0x0000000008003af4                RCC_HSICmd
 .text.RCC_LSEConfig
                0x0000000008003b00       0x24 build/CORTEX_M4F_STM32F4/Libraries/STM32F4xx_StdPeriph_Driver/src/stm32f4xx_rcc.o
                0x0000000008003b00                RCC_LSEConfig
 .text.RCC_LSICmd
                0x0000000008003b24        0xc build/CORTEX_M4F_STM32F4/Libraries/STM32F4xx_StdPeriph_Driver/src/stm32f4xx_rcc.o
                0x0000000008003b24                RCC_LSICmd
 .text.RCC_PLLConfig
                0x0000000008003b30       0x28 build/CORTEX_M4F_STM32F4/Libraries/STM32F4xx_StdPeriph_Driver/src/stm32f4xx_rcc.o
                0x0000000008003b30                RCC_PLLConfig
 .text.RCC_PLLCmd
                0x0000000008003b58        0xc build/CORTEX_M4F_STM32F4/Libraries/STM32F4xx_StdPeriph_Driver/src/stm32f4xx_rcc.o
                0x0000000008003b58                RCC_PLLCmd
 .text.RCC_PLLI2SConfig
                0x0000000008003b64       0x18 build/CORTEX_M4F_STM32F4/Libraries/STM32F4xx_StdPeriph_Driver/src/stm32f4xx_rcc.o
                0x0000000008003b64                RCC_PLLI2SConfig
 .text.RCC_PLLI2SCmd
                0x0000000008003b7c        0xc build/CORTEX_M4F_STM32F4/Libraries/STM32F4xx_StdPeriph_Driver/src/stm32f4xx_rcc.o
                0x0000000008003b7c                RCC_PLLI2SCmd
 .text.RCC_PLLSAIConfig
                0x0000000008003b88       0x18 build/CORTEX_M4F_STM32F4/Libraries/STM32F4xx_StdPeriph_Driver/src/stm32f4xx_rcc.o
                0x0000000008003b88                RCC_PLLSAIConfig
 .text.RCC_PLLSAICmd
                0x0000000008003ba0        0xc build/CORTEX_M4F_STM32F4/Libraries/STM32F4xx_StdPeriph_Driver/src/stm32f4xx_rcc.o
                0x0000000008003ba0                RCC_PLLSAICmd
 .text.RCC_ClockSecuritySystemCmd
                0x0000000008003bac        0xc build/CORTEX_M4F_STM32F4/Libraries/STM32F4xx_StdPeriph_Driver/src/stm32f4xx_rcc.o
                0x0000000008003bac                RCC_ClockSecuritySystemCmd
 .text.RCC_MCO1Config
                0x0000000008003bb8       0x18 build/CORTEX_M4F_STM32F4/Libraries/STM32F4xx_StdPeriph_Driver/src/stm32f4xx_rcc.o
                0x0000000008003bb8                RCC_MCO1Config
 .text.RCC_MCO2Config
                0x0000000008003bd0       0x18 build/CORTEX_M4F_STM32F4/Libraries/STM32F4xx_StdPeriph_Driver/src/stm32f4xx_rcc.o
                0x0000000008003bd0                RCC_MCO2Config
 .text.RCC_SYSCLKConfig
                0x0000000008003be8       0x14 build/CORTEX_M4F_STM32F4/Libraries/STM32F4xx_StdPeriph_Driver/src/stm32f4xx_rcc.o
                0x0000000008003be8                RCC_SYSCLKConfig
 .text.RCC_GetSYSCLKSource
                0x0000000008003bfc       0x10 build/CORTEX_M4F_STM32F4/Libraries/STM32F4xx_StdPeriph_Driver/src/stm32f4xx_rcc.o
                0x0000000008003bfc                RCC_GetSYSCLKSource
 .text.RCC_HCLKConfig
                0x0000000008003c0c       0x14 build/CORTEX_M4F_STM32F4/Libraries/STM32F4xx_StdPeriph_Driver/src/stm32f4xx_rcc.o
                0x0000000008003c0c                RCC_HCLKConfig
 .text.RCC_PCLK1Config
                0x0000000008003c20       0x14 build/CORTEX_M4F_STM32F4/Libraries/STM32F4xx_StdPeriph_Driver/src/stm32f4xx_rcc.o
                0x0000000008003c20                RCC_PCLK1Config
 .text.RCC_PCLK2Config
                0x0000000008003c34       0x18 build/CORTEX_M4F_STM32F4/Libraries/STM32F4xx_StdPeriph_Driver/src/stm32f4xx_rcc.o
                0x0000000008003c34                RCC_PCLK2Config
 .text.RCC_GetClocksFreq
                0x0000000008003c4c       0xb0 build/CORTEX_M4F_STM32F4/Libraries/STM32F4xx_StdPeriph_Driver/src/stm32f4xx_rcc.o
                0x0000000008003c4c                RCC_GetClocksFreq
 .text.RCC_RTCCLKConfig
                0x0000000008003cfc       0x38 build/CORTEX_M4F_STM32F4/Libraries/STM32F4xx_StdPeriph_Driver/src/stm32f4xx_rcc.o
                0x0000000008003cfc                RCC_RTCCLKConfig
 .text.RCC_RTCCLKCmd
                0x0000000008003d34        0xc build/CORTEX_M4F_STM32F4/Libraries/STM32F4xx_StdPeriph_Driver/src/stm32f4xx_rcc.o
                0x0000000008003d34                RCC_RTCCLKCmd
 .text.RCC_BackupResetCmd
                0x0000000008003d40        0xc build/CORTEX_M4F_STM32F4/Libraries/STM32F4xx_StdPeriph_Driver/src/stm32f4xx_rcc.o
                0x0000000008003d40                RCC_BackupResetCmd
 .text.RCC_I2SCLKConfig
                0x0000000008003d4c        0xc build/CORTEX_M4F_STM32F4/Libraries/STM32F4xx_StdPeriph_Driver/src/stm32f4xx_rcc.o
                0x0000000008003d4c                RCC_I2SCLKConfig
 .text.RCC_SAIPLLI2SClkDivConfig
                0x0000000008003d58       0x1c build/CORTEX_M4F_STM32F4/Libraries/STM32F4xx_StdPeriph_Driver/src/stm32f4xx_rcc.o
                0x0000000008003d58                RCC_SAIPLLI2SClkDivConfig
 .text.RCC_SAIPLLSAIClkDivConfig
                0x0000000008003d74       0x1c build/CORTEX_M4F_STM32F4/Libraries/STM32F4xx_StdPeriph_Driver/src/stm32f4xx_rcc.o
                0x0000000008003d74                RCC_SAIPLLSAIClkDivConfig
 .text.RCC_SAIBlockACLKConfig
                0x0000000008003d90       0x18 build/CORTEX_M4F_STM32F4/Libraries/STM32F4xx_StdPeriph_Driver/src/stm32f4xx_rcc.o
                0x0000000008003d90                RCC_SAIBlockACLKConfig
 .text.RCC_SAIBlockBCLKConfig
                0x0000000008003da8       0x18 build/CORTEX_M4F_STM32F4/Libraries/STM32F4xx_StdPeriph_Driver/src/stm32f4xx_rcc.o
                0x0000000008003da8                RCC_SAIBlockBCLKConfig
 .text.RCC_LTDCCLKDivConfig
                0x0000000008003dc0       0x18 build/CORTEX_M4F_STM32F4/Libraries/STM32F4xx_StdPeriph_Driver/src/stm32f4xx_rcc.o
                0x0000000008003dc0                RCC_LTDCCLKDivConfig
 .text.RCC_TIMCLKPresConfig
                0x0000000008003dd8        0xc build/CORTEX_M4F_STM32F4/Libraries/STM32F4xx_StdPeriph_Driver/src/stm32f4xx_rcc.o
                0x0000000008003dd8                RCC_TIMCLKPresConfig
 .text.RCC_AHB1PeriphClockCmd
                0x0000000008003de4       0x1c build/CORTEX_M4F_STM32F4/Libraries/STM32F4xx_StdPeriph_Driver/src/stm32f4xx_rcc.o
                0x0000000008003de4                RCC_AHB1PeriphClockCmd
 .text.RCC_AHB2PeriphClockCmd
                0x0000000008003e00       0x1c build/CORTEX_M4F_STM32F4/Libraries/STM32F4xx_StdPeriph_Driver/src/stm32f4xx_rcc.o
                0x0000000008003e00                RCC_AHB2PeriphClockCmd
 .text.RCC_AHB3PeriphClockCmd
                0x0000000008003e1c       0x1c build/CORTEX_M4F_STM32F4/Libraries/STM32F4xx_StdPeriph_Driver/src/stm32f4xx_rcc.o
                0x0000000008003e1c                RCC_AHB3PeriphClockCmd
 .text.RCC_APB1PeriphClockCmd
                0x0000000008003e38       0x1c build/CORTEX_M4F_STM32F4/Libraries/STM32F4xx_StdPeriph_Driver/src/stm32f4xx_rcc.o
                0x0000000008003e38                RCC_APB1PeriphClockCmd
 .text.RCC_APB2PeriphClockCmd
                0x0000000008003e54       0x1c build/CORTEX_M4F_STM32F4/Libraries/STM32F4xx_StdPeriph_Driver/src/stm32f4xx_rcc.o
                0x0000000008003e54                RCC_APB2PeriphClockCmd
 .text.RCC_AHB1PeriphResetCmd
                0x0000000008003e70       0x1c build/CORTEX_M4F_STM32F4/Libraries/STM32F4xx_StdPeriph_Driver/src/stm32f4xx_rcc.o
                0x0000000008003e70                RCC_AHB1PeriphResetCmd
 .text.RCC_AHB2PeriphResetCmd
                0x0000000008003e8c       0x1c build/CORTEX_M4F_STM32F4/Libraries/STM32F4xx_StdPeriph_Driver/src/stm32f4xx_rcc.o
                0x0000000008003e8c                RCC_AHB2PeriphResetCmd
 .text.RCC_AHB3PeriphResetCmd
                0x0000000008003ea8       0x1c build/CORTEX_M4F_STM32F4/Libraries/STM32F4xx_StdPeriph_Driver/src/stm32f4xx_rcc.o
                0x0000000008003ea8                RCC_AHB3PeriphResetCmd
 .text.RCC_APB1PeriphResetCmd
                0x0000000008003ec4       0x1c build/CORTEX_M4F_STM32F4/Libraries/STM32F4xx_StdPeriph_Driver/src/stm32f4xx_rcc.o
                0x0000000008003ec4                RCC_APB1PeriphResetCmd
 .text.RCC_APB2PeriphResetCmd
                0x0000000008003ee0       0x1c build/CORTEX_M4F_STM32F4/Libraries/STM32F4xx_StdPeriph_Driver/src/stm32f4xx_rcc.o
                0x0000000008003ee0                RCC_APB2PeriphResetCmd
 .text.RCC_AHB1PeriphClockLPModeCmd
                0x0000000008003efc       0x1c build/CORTEX_M4F_STM32F4/Libraries/STM32F4xx_StdPeriph_Driver/src/stm32f4xx_rcc.o
                0x0000000008003efc                RCC_AHB1PeriphClockLPModeCmd
 .text.RCC_AHB2PeriphClockLPModeCmd
                0x0000000008003f18       0x1c build/CORTEX_M4F_STM32F4/Libraries/STM32F4xx_StdPeriph_Driver/src/stm32f4xx_rcc.o
                0x0000000008003f18                RCC_AHB2PeriphClockLPModeCmd
 .text.RCC_AHB3PeriphClockLPModeCmd
                0x0000000008003f34       0x1c build/CORTEX_M4F_STM32F4/Libraries/STM32F4xx_StdPeriph_Driver/src/stm32f4xx_rcc.o
                0x0000000008003f34                RCC_AHB3PeriphClockLPModeCmd
 .text.RCC_APB1PeriphClockLPModeCmd
                0x0000000008003f50       0x1c build/CORTEX_M4F_STM32F4/Libraries/STM32F4xx_StdPeriph_Driver/src/stm32f4xx_rcc.o
                0x0000000008003f50                RCC_APB1PeriphClockLPModeCmd
 .text.RCC_APB2PeriphClockLPModeCmd
                0x0000000008003f6c       0x1c build/CORTEX_M4F_STM32F4/Libraries/STM32F4xx_StdPeriph_Driver/src/stm32f4xx_rcc.o
                0x0000000008003f6c                RCC_APB2PeriphClockLPModeCmd
 .text.RCC_ITConfig
                0x0000000008003f88       0x1c build/CORTEX_M4F_STM32F4/Libraries/STM32F4xx_StdPeriph_Driver/src/stm32f4xx_rcc.o
                0x0000000008003f88                RCC_ITConfig
 .text.RCC_GetFlagStatus
                0x0000000008003fa4       0x3c build/CORTEX_M4F_STM32F4/Libraries/STM32F4xx_StdPeriph_Driver/src/stm32f4xx_rcc.o
                0x0000000008003fa4                RCC_GetFlagStatus
 .text.RCC_ClearFlag
                0x0000000008003fe0       0x14 build/CORTEX_M4F_STM32F4/Libraries/STM32F4xx_StdPeriph_Driver/src/stm32f4xx_rcc.o
                0x0000000008003fe0                RCC_ClearFlag
 .text.RCC_GetITStatus
                0x0000000008003ff4       0x14 build/CORTEX_M4F_STM32F4/Libraries/STM32F4xx_StdPeriph_Driver/src/stm32f4xx_rcc.o
                0x0000000008003ff4                RCC_GetITStatus
 .text.RCC_ClearITPendingBit
                0x0000000008004008        0xc build/CORTEX_M4F_STM32F4/Libraries/STM32F4xx_StdPeriph_Driver/src/stm32f4xx_rcc.o
                0x0000000008004008                RCC_ClearITPendingBit
 .text.USART_DeInit
                0x0000000008004014      0x11c build/CORTEX_M4F_STM32F4/Libraries/STM32F4xx_StdPeriph_Driver/src/stm32f4xx_usart.o
                0x0000000008004014                USART_DeInit
 .text.USART_Init
                0x0000000008004130       0xc8 build/CORTEX_M4F_STM32F4/Libraries/STM32F4xx_StdPeriph_Driver/src/stm32f4xx_usart.o
                0x0000000008004130                USART_Init
 .text.USART_StructInit
                0x00000000080041f8       0x18 build/CORTEX_M4F_STM32F4/Libraries/STM32F4xx_StdPeriph_Driver/src/stm32f4xx_usart.o
                0x00000000080041f8                USART_StructInit
 .text.USART_ClockInit
                0x0000000008004210       0x24 build/CORTEX_M4F_STM32F4/Libraries/STM32F4xx_StdPeriph_Driver/src/stm32f4xx_usart.o
                0x0000000008004210                USART_ClockInit
 .text.USART_ClockStructInit
                0x0000000008004234        0xc build/CORTEX_M4F_STM32F4/Libraries/STM32F4xx_StdPeriph_Driver/src/stm32f4xx_usart.o
                0x0000000008004234                USART_ClockStructInit
 .text.USART_Cmd
                0x0000000008004240       0x1c build/CORTEX_M4F_STM32F4/Libraries/STM32F4xx_StdPeriph_Driver/src/stm32f4xx_usart.o
                0x0000000008004240                USART_Cmd
 .text.USART_SetPrescaler
                0x000000000800425c       0x14 build/CORTEX_M4F_STM32F4/Libraries/STM32F4xx_StdPeriph_Driver/src/stm32f4xx_usart.o
                0x000000000800425c                USART_SetPrescaler
 .text.USART_OverSampling8Cmd
                0x0000000008004270       0x1c build/CORTEX_M4F_STM32F4/Libraries/STM32F4xx_StdPeriph_Driver/src/stm32f4xx_usart.o
                0x0000000008004270                USART_OverSampling8Cmd
 .text.USART_OneBitMethodCmd
                0x000000000800428c       0x1c build/CORTEX_M4F_STM32F4/Libraries/STM32F4xx_StdPeriph_Driver/src/stm32f4xx_usart.o
                0x000000000800428c                USART_OneBitMethodCmd
 .text.USART_SendData
                0x00000000080042a8        0x8 build/CORTEX_M4F_STM32F4/Libraries/STM32F4xx_StdPeriph_Driver/src/stm32f4xx_usart.o
                0x00000000080042a8                USART_SendData
 .text.USART_ReceiveData
                0x00000000080042b0        0x8 build/CORTEX_M4F_STM32F4/Libraries/STM32F4xx_StdPeriph_Driver/src/stm32f4xx_usart.o
                0x00000000080042b0                USART_ReceiveData
 .text.USART_SetAddress
                0x00000000080042b8       0x18 build/CORTEX_M4F_STM32F4/Libraries/STM32F4xx_StdPeriph_Driver/src/stm32f4xx_usart.o
                0x00000000080042b8                USART_SetAddress
 .text.USART_ReceiverWakeUpCmd
                0x00000000080042d0       0x1c build/CORTEX_M4F_STM32F4/Libraries/STM32F4xx_StdPeriph_Driver/src/stm32f4xx_usart.o
                0x00000000080042d0                USART_ReceiverWakeUpCmd
 .text.USART_WakeUpConfig
                0x00000000080042ec       0x18 build/CORTEX_M4F_STM32F4/Libraries/STM32F4xx_StdPeriph_Driver/src/stm32f4xx_usart.o
                0x00000000080042ec                USART_WakeUpConfig
 .text.USART_LINBreakDetectLengthConfig
                0x0000000008004304       0x18 build/CORTEX_M4F_STM32F4/Libraries/STM32F4xx_StdPeriph_Driver/src/stm32f4xx_usart.o
                0x0000000008004304                USART_LINBreakDetectLengthConfig
 .text.USART_LINCmd
                0x000000000800431c       0x1c build/CORTEX_M4F_STM32F4/Libraries/STM32F4xx_StdPeriph_Driver/src/stm32f4xx_usart.o
                0x000000000800431c                USART_LINCmd
 .text.USART_SendBreak
                0x0000000008004338        0xc build/CORTEX_M4F_STM32F4/Libraries/STM32F4xx_StdPeriph_Driver/src/stm32f4xx_usart.o
                0x0000000008004338                USART_SendBreak
 .text.USART_HalfDuplexCmd
                0x0000000008004344       0x1c build/CORTEX_M4F_STM32F4/Libraries/STM32F4xx_StdPeriph_Driver/src/stm32f4xx_usart.o
                0x0000000008004344                USART_HalfDuplexCmd
 .text.USART_SetGuardTime
                0x0000000008004360       0x14 build/CORTEX_M4F_STM32F4/Libraries/STM32F4xx_StdPeriph_Driver/src/stm32f4xx_usart.o
                0x0000000008004360                USART_SetGuardTime
 .text.USART_SmartCardCmd
                0x0000000008004374       0x1c build/CORTEX_M4F_STM32F4/Libraries/STM32F4xx_StdPeriph_Driver/src/stm32f4xx_usart.o
                0x0000000008004374                USART_SmartCardCmd
 .text.USART_SmartCardNACKCmd
                0x0000000008004390       0x1c build/CORTEX_M4F_STM32F4/Libraries/STM32F4xx_StdPeriph_Driver/src/stm32f4xx_usart.o
                0x0000000008004390                USART_SmartCardNACKCmd
 .text.USART_IrDAConfig
                0x00000000080043ac       0x18 build/CORTEX_M4F_STM32F4/Libraries/STM32F4xx_StdPeriph_Driver/src/stm32f4xx_usart.o
                0x00000000080043ac                USART_IrDAConfig
 .text.USART_IrDACmd
                0x00000000080043c4       0x1c build/CORTEX_M4F_STM32F4/Libraries/STM32F4xx_StdPeriph_Driver/src/stm32f4xx_usart.o
                0x00000000080043c4                USART_IrDACmd
 .text.USART_DMACmd
                0x00000000080043e0       0x14 build/CORTEX_M4F_STM32F4/Libraries/STM32F4xx_StdPeriph_Driver/src/stm32f4xx_usart.o
                0x00000000080043e0                USART_DMACmd
 .text.USART_ITConfig
                0x00000000080043f4       0x3c build/CORTEX_M4F_STM32F4/Libraries/STM32F4xx_StdPeriph_Driver/src/stm32f4xx_usart.o
                0x00000000080043f4                USART_ITConfig
 .text.USART_GetFlagStatus
                0x0000000008004430        0xc build/CORTEX_M4F_STM32F4/Libraries/STM32F4xx_StdPeriph_Driver/src/stm32f4xx_usart.o
                0x0000000008004430                USART_GetFlagStatus
 .text.USART_ClearFlag
                0x000000000800443c        0x8 build/CORTEX_M4F_STM32F4/Libraries/STM32F4xx_StdPeriph_Driver/src/stm32f4xx_usart.o
                0x000000000800443c                USART_ClearFlag
 .text.USART_GetITStatus
                0x0000000008004444       0x4c build/CORTEX_M4F_STM32F4/Libraries/STM32F4xx_StdPeriph_Driver/src/stm32f4xx_usart.o
                0x0000000008004444                USART_GetITStatus
 .text.USART_ClearITPendingBit
                0x0000000008004490       0x10 build/CORTEX_M4F_STM32F4/Libraries/STM32F4xx_StdPeriph_Driver/src/stm32f4xx_usart.o
                0x0000000008004490                USART_ClearITPendingBit
 .text.SYSCFG_DeInit
                0x00000000080044a0       0x1c build/CORTEX_M4F_STM32F4/Libraries/STM32F4xx_StdPeriph_Driver/src/stm32f4xx_syscfg.o
                0x00000000080044a0                SYSCFG_DeInit
 .text.SYSCFG_MemoryRemapConfig
                0x00000000080044bc        0xc build/CORTEX_M4F_STM32F4/Libraries/STM32F4xx_StdPeriph_Driver/src/stm32f4xx_syscfg.o
                0x00000000080044bc                SYSCFG_MemoryRemapConfig
 .text.SYSCFG_MemorySwappingBank
                0x00000000080044c8        0xc build/CORTEX_M4F_STM32F4/Libraries/STM32F4xx_StdPeriph_Driver/src/stm32f4xx_syscfg.o
                0x00000000080044c8                SYSCFG_MemorySwappingBank
 .text.SYSCFG_EXTILineConfig
                0x00000000080044d4       0x30 build/CORTEX_M4F_STM32F4/Libraries/STM32F4xx_StdPeriph_Driver/src/stm32f4xx_syscfg.o
                0x00000000080044d4                SYSCFG_EXTILineConfig
 .text.SYSCFG_ETH_MediaInterfaceConfig
                0x0000000008004504        0xc build/CORTEX_M4F_STM32F4/Libraries/STM32F4xx_StdPeriph_Driver/src/stm32f4xx_syscfg.o
                0x0000000008004504                SYSCFG_ETH_MediaInterfaceConfig
 .text.SYSCFG_CompensationCellCmd
                0x0000000008004510        0xc build/CORTEX_M4F_STM32F4/Libraries/STM32F4xx_StdPeriph_Driver/src/stm32f4xx_syscfg.o
                0x0000000008004510                SYSCFG_CompensationCellCmd
 .text.SYSCFG_GetCompensationCellStatus
                0x000000000800451c       0x10 build/CORTEX_M4F_STM32F4/Libraries/STM32F4xx_StdPeriph_Driver/src/stm32f4xx_syscfg.o
                0x000000000800451c                SYSCFG_GetCompensationCellStatus
 .text.I2C_DeInit
                0x000000000800452c       0x70 build/CORTEX_M4F_STM32F4/Libraries/STM32F4xx_StdPeriph_Driver/src/stm32f4xx_i2c.o
                0x000000000800452c                I2C_DeInit
 .text.I2C_Init
                0x000000000800459c       0xe8 build/CORTEX_M4F_STM32F4/Libraries/STM32F4xx_StdPeriph_Driver/src/stm32f4xx_i2c.o
                0x000000000800459c                I2C_Init
 .text.I2C_StructInit
                0x0000000008004684       0x24 build/CORTEX_M4F_STM32F4/Libraries/STM32F4xx_StdPeriph_Driver/src/stm32f4xx_i2c.o
                0x0000000008004684                I2C_StructInit
 .text.I2C_Cmd  0x00000000080046a8       0x1c build/CORTEX_M4F_STM32F4/Libraries/STM32F4xx_StdPeriph_Driver/src/stm32f4xx_i2c.o
                0x00000000080046a8                I2C_Cmd
 .text.I2C_AnalogFilterCmd
                0x00000000080046c4       0x1c build/CORTEX_M4F_STM32F4/Libraries/STM32F4xx_StdPeriph_Driver/src/stm32f4xx_i2c.o
                0x00000000080046c4                I2C_AnalogFilterCmd
 .text.I2C_DigitalFilterConfig
                0x00000000080046e0       0x14 build/CORTEX_M4F_STM32F4/Libraries/STM32F4xx_StdPeriph_Driver/src/stm32f4xx_i2c.o
                0x00000000080046e0                I2C_DigitalFilterConfig
 .text.I2C_GenerateSTART
                0x00000000080046f4       0x1c build/CORTEX_M4F_STM32F4/Libraries/STM32F4xx_StdPeriph_Driver/src/stm32f4xx_i2c.o
                0x00000000080046f4                I2C_GenerateSTART
 .text.I2C_GenerateSTOP
                0x0000000008004710       0x1c build/CORTEX_M4F_STM32F4/Libraries/STM32F4xx_StdPeriph_Driver/src/stm32f4xx_i2c.o
                0x0000000008004710                I2C_GenerateSTOP
 .text.I2C_Send7bitAddress
                0x000000000800472c       0x14 build/CORTEX_M4F_STM32F4/Libraries/STM32F4xx_StdPeriph_Driver/src/stm32f4xx_i2c.o
                0x000000000800472c                I2C_Send7bitAddress
 .text.I2C_AcknowledgeConfig
                0x0000000008004740       0x1c build/CORTEX_M4F_STM32F4/Libraries/STM32F4xx_StdPeriph_Driver/src/stm32f4xx_i2c.o
                0x0000000008004740                I2C_AcknowledgeConfig
 .text.I2C_OwnAddress2Config
                0x000000000800475c       0x14 build/CORTEX_M4F_STM32F4/Libraries/STM32F4xx_StdPeriph_Driver/src/stm32f4xx_i2c.o
                0x000000000800475c                I2C_OwnAddress2Config
 .text.I2C_DualAddressCmd
                0x0000000008004770       0x1c build/CORTEX_M4F_STM32F4/Libraries/STM32F4xx_StdPeriph_Driver/src/stm32f4xx_i2c.o
                0x0000000008004770                I2C_DualAddressCmd
 .text.I2C_GeneralCallCmd
                0x000000000800478c       0x1c build/CORTEX_M4F_STM32F4/Libraries/STM32F4xx_StdPeriph_Driver/src/stm32f4xx_i2c.o
                0x000000000800478c                I2C_GeneralCallCmd
 .text.I2C_SoftwareResetCmd
                0x00000000080047a8       0x1c build/CORTEX_M4F_STM32F4/Libraries/STM32F4xx_StdPeriph_Driver/src/stm32f4xx_i2c.o
                0x00000000080047a8                I2C_SoftwareResetCmd
 .text.I2C_StretchClockCmd
                0x00000000080047c4       0x1c build/CORTEX_M4F_STM32F4/Libraries/STM32F4xx_StdPeriph_Driver/src/stm32f4xx_i2c.o
                0x00000000080047c4                I2C_StretchClockCmd
 .text.I2C_FastModeDutyCycleConfig
                0x00000000080047e0       0x1c build/CORTEX_M4F_STM32F4/Libraries/STM32F4xx_StdPeriph_Driver/src/stm32f4xx_i2c.o
                0x00000000080047e0                I2C_FastModeDutyCycleConfig
 .text.I2C_NACKPositionConfig
                0x00000000080047fc       0x1c build/CORTEX_M4F_STM32F4/Libraries/STM32F4xx_StdPeriph_Driver/src/stm32f4xx_i2c.o
                0x00000000080047fc                I2C_NACKPositionConfig
 .text.I2C_SMBusAlertConfig
                0x0000000008004818       0x1c build/CORTEX_M4F_STM32F4/Libraries/STM32F4xx_StdPeriph_Driver/src/stm32f4xx_i2c.o
                0x0000000008004818                I2C_SMBusAlertConfig
 .text.I2C_ARPCmd
                0x0000000008004834       0x1c build/CORTEX_M4F_STM32F4/Libraries/STM32F4xx_StdPeriph_Driver/src/stm32f4xx_i2c.o
                0x0000000008004834                I2C_ARPCmd
 .text.I2C_SendData
                0x0000000008004850        0x4 build/CORTEX_M4F_STM32F4/Libraries/STM32F4xx_StdPeriph_Driver/src/stm32f4xx_i2c.o
                0x0000000008004850                I2C_SendData
 .text.I2C_ReceiveData
                0x0000000008004854        0x8 build/CORTEX_M4F_STM32F4/Libraries/STM32F4xx_StdPeriph_Driver/src/stm32f4xx_i2c.o
                0x0000000008004854                I2C_ReceiveData
 .text.I2C_TransmitPEC
                0x000000000800485c       0x1c build/CORTEX_M4F_STM32F4/Libraries/STM32F4xx_StdPeriph_Driver/src/stm32f4xx_i2c.o
                0x000000000800485c                I2C_TransmitPEC
 .text.I2C_PECPositionConfig
                0x0000000008004878       0x1c build/CORTEX_M4F_STM32F4/Libraries/STM32F4xx_StdPeriph_Driver/src/stm32f4xx_i2c.o
                0x0000000008004878                I2C_PECPositionConfig
 .text.I2C_CalculatePEC
                0x0000000008004894       0x1c build/CORTEX_M4F_STM32F4/Libraries/STM32F4xx_StdPeriph_Driver/src/stm32f4xx_i2c.o
                0x0000000008004894                I2C_CalculatePEC
 .text.I2C_GetPEC
                0x00000000080048b0        0x8 build/CORTEX_M4F_STM32F4/Libraries/STM32F4xx_StdPeriph_Driver/src/stm32f4xx_i2c.o
                0x00000000080048b0                I2C_GetPEC
 .text.I2C_DMACmd
                0x00000000080048b8       0x1c build/CORTEX_M4F_STM32F4/Libraries/STM32F4xx_StdPeriph_Driver/src/stm32f4xx_i2c.o
                0x00000000080048b8                I2C_DMACmd
 .text.I2C_DMALastTransferCmd
                0x00000000080048d4       0x1c build/CORTEX_M4F_STM32F4/Libraries/STM32F4xx_StdPeriph_Driver/src/stm32f4xx_i2c.o
                0x00000000080048d4                I2C_DMALastTransferCmd
 .text.I2C_ReadRegister
                0x00000000080048f0       0x18 build/CORTEX_M4F_STM32F4/Libraries/STM32F4xx_StdPeriph_Driver/src/stm32f4xx_i2c.o
                0x00000000080048f0                I2C_ReadRegister
 .text.I2C_ITConfig
                0x0000000008004908       0x14 build/CORTEX_M4F_STM32F4/Libraries/STM32F4xx_StdPeriph_Driver/src/stm32f4xx_i2c.o
                0x0000000008004908                I2C_ITConfig
 .text.I2C_CheckEvent
                0x000000000800491c       0x18 build/CORTEX_M4F_STM32F4/Libraries/STM32F4xx_StdPeriph_Driver/src/stm32f4xx_i2c.o
                0x000000000800491c                I2C_CheckEvent
 .text.I2C_GetLastEvent
                0x0000000008004934       0x10 build/CORTEX_M4F_STM32F4/Libraries/STM32F4xx_StdPeriph_Driver/src/stm32f4xx_i2c.o
                0x0000000008004934                I2C_GetLastEvent
 .text.I2C_GetFlagStatus
                0x0000000008004944       0x38 build/CORTEX_M4F_STM32F4/Libraries/STM32F4xx_StdPeriph_Driver/src/stm32f4xx_i2c.o
                0x0000000008004944                I2C_GetFlagStatus
 .text.I2C_ClearFlag
                0x000000000800497c        0x8 build/CORTEX_M4F_STM32F4/Libraries/STM32F4xx_StdPeriph_Driver/src/stm32f4xx_i2c.o
                0x000000000800497c                I2C_ClearFlag
 .text.I2C_GetITStatus
                0x0000000008004984       0x1c build/CORTEX_M4F_STM32F4/Libraries/STM32F4xx_StdPeriph_Driver/src/stm32f4xx_i2c.o
                0x0000000008004984                I2C_GetITStatus
 .text.I2C_ClearITPendingBit
                0x00000000080049a0        0x8 build/CORTEX_M4F_STM32F4/Libraries/STM32F4xx_StdPeriph_Driver/src/stm32f4xx_i2c.o
                0x00000000080049a0                I2C_ClearITPendingBit
 .text.DMA_DeInit
                0x00000000080049a8      0x1f8 build/CORTEX_M4F_STM32F4/Libraries/STM32F4xx_StdPeriph_Driver/src/stm32f4xx_dma.o
                0x00000000080049a8                DMA_DeInit
 .text.DMA_Init
                0x0000000008004ba0       0x6c build/CORTEX_M4F_STM32F4/Libraries/STM32F4xx_StdPeriph_Driver/src/stm32f4xx_dma.o
                0x0000000008004ba0                DMA_Init
 .text.DMA_StructInit
                0x0000000008004c0c       0x24 build/CORTEX_M4F_STM32F4/Libraries/STM32F4xx_StdPeriph_Driver/src/stm32f4xx_dma.o
                0x0000000008004c0c                DMA_StructInit
 .text.DMA_Cmd  0x0000000008004c30       0x14 build/CORTEX_M4F_STM32F4/Libraries/STM32F4xx_StdPeriph_Driver/src/stm32f4xx_dma.o
                0x0000000008004c30                DMA_Cmd
 .text.DMA_PeriphIncOffsetSizeConfig
                0x0000000008004c44       0x14 build/CORTEX_M4F_STM32F4/Libraries/STM32F4xx_StdPeriph_Driver/src/stm32f4xx_dma.o
                0x0000000008004c44                DMA_PeriphIncOffsetSizeConfig
 .text.DMA_FlowControllerConfig
                0x0000000008004c58       0x14 build/CORTEX_M4F_STM32F4/Libraries/STM32F4xx_StdPeriph_Driver/src/stm32f4xx_dma.o
                0x0000000008004c58                DMA_FlowControllerConfig
 .text.DMA_SetCurrDataCounter
                0x0000000008004c6c        0x4 build/CORTEX_M4F_STM32F4/Libraries/STM32F4xx_StdPeriph_Driver/src/stm32f4xx_dma.o
                0x0000000008004c6c                DMA_SetCurrDataCounter
 .text.DMA_GetCurrDataCounter
                0x0000000008004c70        0x8 build/CORTEX_M4F_STM32F4/Libraries/STM32F4xx_StdPeriph_Driver/src/stm32f4xx_dma.o
                0x0000000008004c70                DMA_GetCurrDataCounter
 .text.DMA_DoubleBufferModeConfig
                0x0000000008004c78       0x18 build/CORTEX_M4F_STM32F4/Libraries/STM32F4xx_StdPeriph_Driver/src/stm32f4xx_dma.o
                0x0000000008004c78                DMA_DoubleBufferModeConfig
 .text.DMA_DoubleBufferModeCmd
                0x0000000008004c90       0x14 build/CORTEX_M4F_STM32F4/Libraries/STM32F4xx_StdPeriph_Driver/src/stm32f4xx_dma.o
                0x0000000008004c90                DMA_DoubleBufferModeCmd
 .text.DMA_MemoryTargetConfig
                0x0000000008004ca4        0xc build/CORTEX_M4F_STM32F4/Libraries/STM32F4xx_StdPeriph_Driver/src/stm32f4xx_dma.o
                0x0000000008004ca4                DMA_MemoryTargetConfig
 .text.DMA_GetCurrentMemoryTarget
                0x0000000008004cb0        0x8 build/CORTEX_M4F_STM32F4/Libraries/STM32F4xx_StdPeriph_Driver/src/stm32f4xx_dma.o
                0x0000000008004cb0                DMA_GetCurrentMemoryTarget
 .text.DMA_GetCmdStatus
                0x0000000008004cb8        0x8 build/CORTEX_M4F_STM32F4/Libraries/STM32F4xx_StdPeriph_Driver/src/stm32f4xx_dma.o
                0x0000000008004cb8                DMA_GetCmdStatus
 .text.DMA_GetFIFOStatus
                0x0000000008004cc0        0x8 build/CORTEX_M4F_STM32F4/Libraries/STM32F4xx_StdPeriph_Driver/src/stm32f4xx_dma.o
                0x0000000008004cc0                DMA_GetFIFOStatus
 .text.DMA_GetFlagStatus
                0x0000000008004cc8       0x40 build/CORTEX_M4F_STM32F4/Libraries/STM32F4xx_StdPeriph_Driver/src/stm32f4xx_dma.o
                0x0000000008004cc8                DMA_GetFlagStatus
 .text.DMA_ClearFlag
                0x0000000008004d08       0x3c build/CORTEX_M4F_STM32F4/Libraries/STM32F4xx_StdPeriph_Driver/src/stm32f4xx_dma.o
                0x0000000008004d08                DMA_ClearFlag
 .text.DMA_ITConfig
                0x0000000008004d44       0x40 build/CORTEX_M4F_STM32F4/Libraries/STM32F4xx_StdPeriph_Driver/src/stm32f4xx_dma.o
                0x0000000008004d44                DMA_ITConfig
 .text.DMA_GetITStatus
                0x0000000008004d84       0x58 build/CORTEX_M4F_STM32F4/Libraries/STM32F4xx_StdPeriph_Driver/src/stm32f4xx_dma.o
                0x0000000008004d84                DMA_GetITStatus
 .text.DMA_ClearITPendingBit
                0x0000000008004ddc       0x3c build/CORTEX_M4F_STM32F4/Libraries/STM32F4xx_StdPeriph_Driver/src/stm32f4xx_dma.o
                0x0000000008004ddc                DMA_ClearITPendingBit
 .text.SPI_I2S_DeInit
                0x0000000008004e18       0xdc build/CORTEX_M4F_STM32F4/Libraries/STM32F4xx_StdPeriph_Driver/src/stm32f4xx_spi.o
                0x0000000008004e18                SPI_I2S_DeInit
 .text.SPI_Init
                0x0000000008004ef4       0x54 build/CORTEX_M4F_STM32F4/Libraries/STM32F4xx_StdPeriph_Driver/src/stm32f4xx_spi.o
                0x0000000008004ef4                SPI_Init
 .text.I2S_Init
                0x0000000008004f48       0xf0 build/CORTEX_M4F_STM32F4/Libraries/STM32F4xx_StdPeriph_Driver/src/stm32f4xx_spi.o
                0x0000000008004f48                I2S_Init
 .text.SPI_StructInit
                0x0000000008005038       0x18 build/CORTEX_M4F_STM32F4/Libraries/STM32F4xx_StdPeriph_Driver/src/stm32f4xx_spi.o
                0x0000000008005038                SPI_StructInit
 .text.I2S_StructInit
                0x0000000008005050       0x10 build/CORTEX_M4F_STM32F4/Libraries/STM32F4xx_StdPeriph_Driver/src/stm32f4xx_spi.o
                0x0000000008005050                I2S_StructInit
 .text.SPI_Cmd  0x0000000008005060       0x1c build/CORTEX_M4F_STM32F4/Libraries/STM32F4xx_StdPeriph_Driver/src/stm32f4xx_spi.o
                0x0000000008005060                SPI_Cmd
 .text.I2S_Cmd  0x000000000800507c       0x1c build/CORTEX_M4F_STM32F4/Libraries/STM32F4xx_StdPeriph_Driver/src/stm32f4xx_spi.o
                0x000000000800507c                I2S_Cmd
 .text.SPI_DataSizeConfig
                0x0000000008005098       0x18 build/CORTEX_M4F_STM32F4/Libraries/STM32F4xx_StdPeriph_Driver/src/stm32f4xx_spi.o
                0x0000000008005098                SPI_DataSizeConfig
 .text.SPI_BiDirectionalLineConfig
                0x00000000080050b0       0x1c build/CORTEX_M4F_STM32F4/Libraries/STM32F4xx_StdPeriph_Driver/src/stm32f4xx_spi.o
                0x00000000080050b0                SPI_BiDirectionalLineConfig
 .text.SPI_NSSInternalSoftwareConfig
                0x00000000080050cc       0x20 build/CORTEX_M4F_STM32F4/Libraries/STM32F4xx_StdPeriph_Driver/src/stm32f4xx_spi.o
                0x00000000080050cc                SPI_NSSInternalSoftwareConfig
 .text.SPI_SSOutputCmd
                0x00000000080050ec       0x1c build/CORTEX_M4F_STM32F4/Libraries/STM32F4xx_StdPeriph_Driver/src/stm32f4xx_spi.o
                0x00000000080050ec                SPI_SSOutputCmd
 .text.SPI_TIModeCmd
                0x0000000008005108       0x1c build/CORTEX_M4F_STM32F4/Libraries/STM32F4xx_StdPeriph_Driver/src/stm32f4xx_spi.o
                0x0000000008005108                SPI_TIModeCmd
 .text.I2S_FullDuplexConfig
                0x0000000008005124       0x48 build/CORTEX_M4F_STM32F4/Libraries/STM32F4xx_StdPeriph_Driver/src/stm32f4xx_spi.o
                0x0000000008005124                I2S_FullDuplexConfig
 .text.SPI_I2S_ReceiveData
                0x000000000800516c        0x8 build/CORTEX_M4F_STM32F4/Libraries/STM32F4xx_StdPeriph_Driver/src/stm32f4xx_spi.o
                0x000000000800516c                SPI_I2S_ReceiveData
 .text.SPI_I2S_SendData
                0x0000000008005174        0x4 build/CORTEX_M4F_STM32F4/Libraries/STM32F4xx_StdPeriph_Driver/src/stm32f4xx_spi.o
                0x0000000008005174                SPI_I2S_SendData
 .text.SPI_CalculateCRC
                0x0000000008005178       0x1c build/CORTEX_M4F_STM32F4/Libraries/STM32F4xx_StdPeriph_Driver/src/stm32f4xx_spi.o
                0x0000000008005178                SPI_CalculateCRC
 .text.SPI_TransmitCRC
                0x0000000008005194        0xc build/CORTEX_M4F_STM32F4/Libraries/STM32F4xx_StdPeriph_Driver/src/stm32f4xx_spi.o
                0x0000000008005194                SPI_TransmitCRC
 .text.SPI_GetCRC
                0x00000000080051a0        0xc build/CORTEX_M4F_STM32F4/Libraries/STM32F4xx_StdPeriph_Driver/src/stm32f4xx_spi.o
                0x00000000080051a0                SPI_GetCRC
 .text.SPI_GetCRCPolynomial
                0x00000000080051ac        0x8 build/CORTEX_M4F_STM32F4/Libraries/STM32F4xx_StdPeriph_Driver/src/stm32f4xx_spi.o
                0x00000000080051ac                SPI_GetCRCPolynomial
 .text.SPI_I2S_DMACmd
                0x00000000080051b4       0x14 build/CORTEX_M4F_STM32F4/Libraries/STM32F4xx_StdPeriph_Driver/src/stm32f4xx_spi.o
                0x00000000080051b4                SPI_I2S_DMACmd
 .text.SPI_I2S_ITConfig
                0x00000000080051c8       0x20 build/CORTEX_M4F_STM32F4/Libraries/STM32F4xx_StdPeriph_Driver/src/stm32f4xx_spi.o
                0x00000000080051c8                SPI_I2S_ITConfig
 .text.SPI_I2S_GetFlagStatus
                0x00000000080051e8        0xc build/CORTEX_M4F_STM32F4/Libraries/STM32F4xx_StdPeriph_Driver/src/stm32f4xx_spi.o
                0x00000000080051e8                SPI_I2S_GetFlagStatus
 .text.SPI_I2S_ClearFlag
                0x00000000080051f4        0x8 build/CORTEX_M4F_STM32F4/Libraries/STM32F4xx_StdPeriph_Driver/src/stm32f4xx_spi.o
                0x00000000080051f4                SPI_I2S_ClearFlag
 .text.SPI_I2S_GetITStatus
                0x00000000080051fc       0x2c build/CORTEX_M4F_STM32F4/Libraries/STM32F4xx_StdPeriph_Driver/src/stm32f4xx_spi.o
                0x00000000080051fc                SPI_I2S_GetITStatus
 .text.SPI_I2S_ClearITPendingBit
                0x0000000008005228       0x14 build/CORTEX_M4F_STM32F4/Libraries/STM32F4xx_StdPeriph_Driver/src/stm32f4xx_spi.o
                0x0000000008005228                SPI_I2S_ClearITPendingBit
 .text.EXTI_DeInit
                0x000000000800523c       0x20 build/CORTEX_M4F_STM32F4/Libraries/STM32F4xx_StdPeriph_Driver/src/stm32f4xx_exti.o
                0x000000000800523c                EXTI_DeInit
 .text.EXTI_Init
                0x000000000800525c       0x80 build/CORTEX_M4F_STM32F4/Libraries/STM32F4xx_StdPeriph_Driver/src/stm32f4xx_exti.o
                0x000000000800525c                EXTI_Init
 .text.EXTI_StructInit
                0x00000000080052dc       0x10 build/CORTEX_M4F_STM32F4/Libraries/STM32F4xx_StdPeriph_Driver/src/stm32f4xx_exti.o
                0x00000000080052dc                EXTI_StructInit
 .text.EXTI_GenerateSWInterrupt
                0x00000000080052ec       0x10 build/CORTEX_M4F_STM32F4/Libraries/STM32F4xx_StdPeriph_Driver/src/stm32f4xx_exti.o
                0x00000000080052ec                EXTI_GenerateSWInterrupt
 .text.EXTI_GetFlagStatus
                0x00000000080052fc       0x14 build/CORTEX_M4F_STM32F4/Libraries/STM32F4xx_StdPeriph_Driver/src/stm32f4xx_exti.o
                0x00000000080052fc                EXTI_GetFlagStatus
 .text.EXTI_ClearFlag
                0x0000000008005310        0xc build/CORTEX_M4F_STM32F4/Libraries/STM32F4xx_StdPeriph_Driver/src/stm32f4xx_exti.o
                0x0000000008005310                EXTI_ClearFlag
 .text.EXTI_GetITStatus
                0x000000000800531c       0x14 build/CORTEX_M4F_STM32F4/Libraries/STM32F4xx_StdPeriph_Driver/src/stm32f4xx_exti.o
                0x000000000800531c                EXTI_GetITStatus
 .text.EXTI_ClearITPendingBit
                0x0000000008005330        0xc build/CORTEX_M4F_STM32F4/Libraries/STM32F4xx_StdPeriph_Driver/src/stm32f4xx_exti.o
                0x0000000008005330                EXTI_ClearITPendingBit
 .text.DMA2D_DeInit
                0x000000000800533c       0x1c build/CORTEX_M4F_STM32F4/Libraries/STM32F4xx_StdPeriph_Driver/src/stm32f4xx_dma2d.o
                0x000000000800533c                DMA2D_DeInit
 .text.DMA2D_Init
                0x0000000008005358       0xb8 build/CORTEX_M4F_STM32F4/Libraries/STM32F4xx_StdPeriph_Driver/src/stm32f4xx_dma2d.o
                0x0000000008005358                DMA2D_Init
 .text.DMA2D_StructInit
                0x0000000008005410       0x18 build/CORTEX_M4F_STM32F4/Libraries/STM32F4xx_StdPeriph_Driver/src/stm32f4xx_dma2d.o
                0x0000000008005410                DMA2D_StructInit
 .text.DMA2D_StartTransfer
                0x0000000008005428       0x14 build/CORTEX_M4F_STM32F4/Libraries/STM32F4xx_StdPeriph_Driver/src/stm32f4xx_dma2d.o
                0x0000000008005428                DMA2D_StartTransfer
 .text.DMA2D_AbortTransfer
                0x000000000800543c       0x14 build/CORTEX_M4F_STM32F4/Libraries/STM32F4xx_StdPeriph_Driver/src/stm32f4xx_dma2d.o
                0x000000000800543c                DMA2D_AbortTransfer
 .text.DMA2D_Suspend
                0x0000000008005450       0x1c build/CORTEX_M4F_STM32F4/Libraries/STM32F4xx_StdPeriph_Driver/src/stm32f4xx_dma2d.o
                0x0000000008005450                DMA2D_Suspend
 .text.DMA2D_FGConfig
                0x000000000800546c       0x74 build/CORTEX_M4F_STM32F4/Libraries/STM32F4xx_StdPeriph_Driver/src/stm32f4xx_dma2d.o
                0x000000000800546c                DMA2D_FGConfig
 .text.DMA2D_FG_StructInit
                0x00000000080054e0       0x1c build/CORTEX_M4F_STM32F4/Libraries/STM32F4xx_StdPeriph_Driver/src/stm32f4xx_dma2d.o
                0x00000000080054e0                DMA2D_FG_StructInit
 .text.DMA2D_BGConfig
                0x00000000080054fc       0x74 build/CORTEX_M4F_STM32F4/Libraries/STM32F4xx_StdPeriph_Driver/src/stm32f4xx_dma2d.o
                0x00000000080054fc                DMA2D_BGConfig
 .text.DMA2D_BG_StructInit
                0x0000000008005570       0x1c build/CORTEX_M4F_STM32F4/Libraries/STM32F4xx_StdPeriph_Driver/src/stm32f4xx_dma2d.o
                0x0000000008005570                DMA2D_BG_StructInit
 .text.DMA2D_FGStart
                0x000000000800558c       0x1c build/CORTEX_M4F_STM32F4/Libraries/STM32F4xx_StdPeriph_Driver/src/stm32f4xx_dma2d.o
                0x000000000800558c                DMA2D_FGStart
 .text.DMA2D_BGStart
                0x00000000080055a8       0x1c build/CORTEX_M4F_STM32F4/Libraries/STM32F4xx_StdPeriph_Driver/src/stm32f4xx_dma2d.o
                0x00000000080055a8                DMA2D_BGStart
 .text.DMA2D_DeadTimeConfig
                0x00000000080055c4       0x2c build/CORTEX_M4F_STM32F4/Libraries/STM32F4xx_StdPeriph_Driver/src/stm32f4xx_dma2d.o
                0x00000000080055c4                DMA2D_DeadTimeConfig
 .text.DMA2D_LineWatermarkConfig
                0x00000000080055f0        0xc build/CORTEX_M4F_STM32F4/Libraries/STM32F4xx_StdPeriph_Driver/src/stm32f4xx_dma2d.o
[...]
 .debug_info    0x000000000000cfe1      0xd4d build/CORTEX_M4F_STM32F4/Libraries/STM32F4xx_StdPeriph_Driver/src/stm32f4xx_ltdc.o
 .debug_info    0x000000000000dd2e      0xca2 build/CORTEX_M4F_STM32F4/Libraries/STM32F4xx_StdPeriph_Driver/src/stm32f4xx_fmc.o
 .debug_info    0x000000000000e9d0      0x2cd build/CORTEX_M4F_STM32F4/Libraries/STM32F4xx_StdPeriph_Driver/src/stm32f4xx_rng.o

.debug_abbrev   0x0000000000000000     0x2db6
 .debug_abbrev  0x0000000000000000       0x12 build/CORTEX_M4F_STM32F4/startup_stm32f429_439xx.o
 .debug_abbrev  0x0000000000000012      0x15f build/CORTEX_M4F_STM32F4/startup/system_stm32f4xx.o
 .debug_abbrev  0x0000000000000171      0x1dd build/src/main.o
 .debug_abbrev  0x000000000000034e      0x288 build/FreeRTOS/croutine.o
 .debug_abbrev  0x00000000000005d6      0x298 build/FreeRTOS/event_groups.o
 .debug_abbrev  0x000000000000086e       0xdc build/FreeRTOS/list.o
 .debug_abbrev  0x000000000000094a      0x361 build/FreeRTOS/queue.o
 .debug_abbrev  0x0000000000000cab      0x3eb build/FreeRTOS/tasks.o
 .debug_abbrev  0x0000000000001096      0x30c build/FreeRTOS/timers.o
 .debug_abbrev  0x00000000000013a2      0x1ef build/FreeRTOS/portable/GCC/ARM_CM4F/port.o
 .debug_abbrev  0x0000000000001591      0x13f build/FreeRTOS/portable/MemMang/heap_1.o
 .debug_abbrev  0x00000000000016d0      0x156 build/CORTEX_M4F_STM32F4/Libraries/STM32F4xx_StdPeriph_Driver/src/misc.o
 .debug_abbrev  0x0000000000001826      0x1f8 build/CORTEX_M4F_STM32F4/Libraries/STM32F4xx_StdPeriph_Driver/src/stm32f4xx_gpio.o
 .debug_abbrev  0x0000000000001a1e      0x257 build/CORTEX_M4F_STM32F4/Libraries/STM32F4xx_StdPeriph_Driver/src/stm32f4xx_rcc.o
 .debug_abbrev  0x0000000000001c75      0x1de build/CORTEX_M4F_STM32F4/Libraries/STM32F4xx_StdPeriph_Driver/src/stm32f4xx_usart.o
 .debug_abbrev  0x0000000000001e53      0x169 build/CORTEX_M4F_STM32F4/Libraries/STM32F4xx_StdPeriph_Driver/src/stm32f4xx_syscfg.o
 .debug_abbrev  0x0000000000001fbc      0x1ef build/CORTEX_M4F_STM32F4/Libraries/STM32F4xx_StdPeriph_Driver/src/stm32f4xx_i2c.o
 .debug_abbrev  0x00000000000021ab      0x175 build/CORTEX_M4F_STM32F4/Libraries/STM32F4xx_StdPeriph_Driver/src/stm32f4xx_dma.o
 .debug_abbrev  0x0000000000002320      0x1e7 build/CORTEX_M4F_STM32F4/Libraries/STM32F4xx_StdPeriph_Driver/src/stm32f4xx_spi.o
 .debug_abbrev  0x0000000000002507      0x1c5 build/CORTEX_M4F_STM32F4/Libraries/STM32F4xx_StdPeriph_Driver/src/stm32f4xx_exti.o
 .debug_abbrev  0x00000000000026cc      0x1ed build/CORTEX_M4F_STM32F4/Libraries/STM32F4xx_StdPeriph_Driver/src/stm32f4xx_dma2d.o
 .debug_abbrev  0x00000000000028b9      0x1e2 build/CORTEX_M4F_STM32F4/Libraries/STM32F4xx_StdPeriph_Driver/src/stm32f4xx_ltdc.o
 .debug_abbrev  0x0000000000002a9b      0x19f build/CORTEX_M4F_STM32F4/Libraries/STM32F4xx_StdPeriph_Driver/src/stm32f4xx_fmc.o
 .debug_abbrev  0x0000000000002c3a      0x17c build/CORTEX_M4F_STM32F4/Libraries/STM32F4xx_StdPeriph_Driver/src/stm32f4xx_rng.o

.debug_aranges  0x0000000000000000      0xe80
 .debug_aranges
                0x0000000000000000       0x28 build/CORTEX_M4F_STM32F4/startup_stm32f429_439xx.o
 .debug_aranges
                0x0000000000000028       0x28 build/CORTEX_M4F_STM32F4/startup/system_stm32f4xx.o
 .debug_aranges
                0x0000000000000050       0x40 build/src/main.o
 .debug_aranges
                0x0000000000000090       0x38 build/FreeRTOS/croutine.o
 .debug_aranges
                0x00000000000000c8       0x60 build/FreeRTOS/event_groups.o
 .debug_aranges
                0x0000000000000128       0x40 build/FreeRTOS/list.o
 .debug_aranges
                0x0000000000000168       0xe0 build/FreeRTOS/queue.o
 .debug_aranges
                0x0000000000000248      0x138 build/FreeRTOS/tasks.o
 .debug_aranges
                0x0000000000000380       0x48 build/FreeRTOS/timers.o
 .debug_aranges
                0x00000000000003c8       0x98 build/FreeRTOS/portable/GCC/ARM_CM4F/port.o
 .debug_aranges
                0x0000000000000460       0x38 build/FreeRTOS/portable/MemMang/heap_1.o
 .debug_aranges
                0x0000000000000498       0x40 build/CORTEX_M4F_STM32F4/Libraries/STM32F4xx_StdPeriph_Driver/src/misc.o
 .debug_aranges
                0x00000000000004d8       0x88 build/CORTEX_M4F_STM32F4/Libraries/STM32F4xx_StdPeriph_Driver/src/stm32f4xx_gpio.o
 .debug_aranges
                0x0000000000000560      0x1b8 build/CORTEX_M4F_STM32F4/Libraries/STM32F4xx_StdPeriph_Driver/src/stm32f4xx_rcc.o
 .debug_aranges
                0x0000000000000718      0x100 build/CORTEX_M4F_STM32F4/Libraries/STM32F4xx_StdPeriph_Driver/src/stm32f4xx_usart.o
 .debug_aranges
                0x0000000000000818       0x50 build/CORTEX_M4F_STM32F4/Libraries/STM32F4xx_StdPeriph_Driver/src/stm32f4xx_syscfg.o
 .debug_aranges
                0x0000000000000868      0x130 build/CORTEX_M4F_STM32F4/Libraries/STM32F4xx_StdPeriph_Driver/src/stm32f4xx_i2c.o
 .debug_aranges
                0x0000000000000998       0xb0 build/CORTEX_M4F_STM32F4/Libraries/STM32F4xx_StdPeriph_Driver/src/stm32f4xx_dma.o
 .debug_aranges
                0x0000000000000a48       0xe0 build/CORTEX_M4F_STM32F4/Libraries/STM32F4xx_StdPeriph_Driver/src/stm32f4xx_spi.o
 .debug_aranges
                0x0000000000000b28       0x58 build/CORTEX_M4F_STM32F4/Libraries/STM32F4xx_StdPeriph_Driver/src/stm32f4xx_exti.o
 .debug_aranges
                0x0000000000000b80       0xb0 build/CORTEX_M4F_STM32F4/Libraries/STM32F4xx_StdPeriph_Driver/src/stm32f4xx_dma2d.o
 .debug_aranges
                0x0000000000000c30      0x108 build/CORTEX_M4F_STM32F4/Libraries/STM32F4xx_StdPeriph_Driver/src/stm32f4xx_ltdc.o
 .debug_aranges
                0x0000000000000d38       0xf0 build/CORTEX_M4F_STM32F4/Libraries/STM32F4xx_StdPeriph_Driver/src/stm32f4xx_fmc.o
 .debug_aranges
                0x0000000000000e28       0x58 build/CORTEX_M4F_STM32F4/Libraries/STM32F4xx_StdPeriph_Driver/src/stm32f4xx_rng.o

.debug_ranges   0x0000000000000000     0x1710
 .debug_ranges  0x0000000000000000       0x20 build/CORTEX_M4F_STM32F4/startup_stm32f429_439xx.o
 .debug_ranges  0x0000000000000020       0x30 build/CORTEX_M4F_STM32F4/startup/system_stm32f4xx.o
 .debug_ranges  0x0000000000000050       0x30 build/src/main.o
 .debug_ranges  0x0000000000000080       0xd0 build/FreeRTOS/croutine.o
 .debug_ranges  0x0000000000000150       0xc8 build/FreeRTOS/event_groups.o
 .debug_ranges  0x0000000000000218       0x30 build/FreeRTOS/list.o
 .debug_ranges  0x0000000000000248      0x1e8 build/FreeRTOS/queue.o
 .debug_ranges  0x0000000000000430      0x6f8 build/FreeRTOS/tasks.o
 .debug_ranges  0x0000000000000b28      0x1e8 build/FreeRTOS/timers.o
 .debug_ranges  0x0000000000000d10       0xa8 build/FreeRTOS/portable/GCC/ARM_CM4F/port.o
 .debug_ranges  0x0000000000000db8       0x28 build/FreeRTOS/portable/MemMang/heap_1.o
 .debug_ranges  0x0000000000000de0       0x30 build/CORTEX_M4F_STM32F4/Libraries/STM32F4xx_StdPeriph_Driver/src/misc.o
 .debug_ranges  0x0000000000000e10       0x78 build/CORTEX_M4F_STM32F4/Libraries/STM32F4xx_StdPeriph_Driver/src/stm32f4xx_gpio.o
 .debug_ranges  0x0000000000000e88      0x1c0 build/CORTEX_M4F_STM32F4/Libraries/STM32F4xx_StdPeriph_Driver/src/stm32f4xx_rcc.o
 .debug_ranges  0x0000000000001048       0xf0 build/CORTEX_M4F_STM32F4/Libraries/STM32F4xx_StdPeriph_Driver/src/stm32f4xx_usart.o
 .debug_ranges  0x0000000000001138       0x40 build/CORTEX_M4F_STM32F4/Libraries/STM32F4xx_StdPeriph_Driver/src/stm32f4xx_syscfg.o
 .debug_ranges  0x0000000000001178      0x120 build/CORTEX_M4F_STM32F4/Libraries/STM32F4xx_StdPeriph_Driver/src/stm32f4xx_i2c.o
 .debug_ranges  0x0000000000001298       0xa0 build/CORTEX_M4F_STM32F4/Libraries/STM32F4xx_StdPeriph_Driver/src/stm32f4xx_dma.o
 .debug_ranges  0x0000000000001338       0xd0 build/CORTEX_M4F_STM32F4/Libraries/STM32F4xx_StdPeriph_Driver/src/stm32f4xx_spi.o
 .debug_ranges  0x0000000000001408       0x48 build/CORTEX_M4F_STM32F4/Libraries/STM32F4xx_StdPeriph_Driver/src/stm32f4xx_exti.o
 .debug_ranges  0x0000000000001450       0xa0 build/CORTEX_M4F_STM32F4/Libraries/STM32F4xx_StdPeriph_Driver/src/stm32f4xx_dma2d.o
 .debug_ranges  0x00000000000014f0       0xf8 build/CORTEX_M4F_STM32F4/Libraries/STM32F4xx_StdPeriph_Driver/src/stm32f4xx_ltdc.o
 .debug_ranges  0x00000000000015e8       0xe0 build/CORTEX_M4F_STM32F4/Libraries/STM32F4xx_StdPeriph_Driver/src/stm32f4xx_fmc.o
 .debug_ranges  0x00000000000016c8       0x48 build/CORTEX_M4F_STM32F4/Libraries/STM32F4xx_StdPeriph_Driver/src/stm32f4xx_rng.o

.debug_loc      0x0000000000000000     0x944e
 .debug_loc     0x0000000000000000      0x12d build/CORTEX_M4F_STM32F4/startup/system_stm32f4xx.o
 .debug_loc     0x000000000000012d      0x241 build/FreeRTOS/croutine.o
 .debug_loc     0x000000000000036e      0xdef build/FreeRTOS/event_groups.o
 .debug_loc     0x000000000000115d       0x69 build/FreeRTOS/list.o
 .debug_loc     0x00000000000011c6     0x1614 build/FreeRTOS/queue.o
 .debug_loc     0x00000000000027da     0x1d72 build/FreeRTOS/tasks.o
 .debug_loc     0x000000000000454c      0xa9d build/FreeRTOS/timers.o
 .debug_loc     0x0000000000004fe9       0xa3 build/FreeRTOS/portable/GCC/ARM_CM4F/port.o
 .debug_loc     0x000000000000508c       0xda build/FreeRTOS/portable/MemMang/heap_1.o
 .debug_loc     0x0000000000005166      0x15d build/CORTEX_M4F_STM32F4/Libraries/STM32F4xx_StdPeriph_Driver/src/misc.o
 .debug_loc     0x00000000000052c3      0x3b8 build/CORTEX_M4F_STM32F4/Libraries/STM32F4xx_StdPeriph_Driver/src/stm32f4xx_gpio.o
 .debug_loc     0x000000000000567b      0xd02 build/CORTEX_M4F_STM32F4/Libraries/STM32F4xx_StdPeriph_Driver/src/stm32f4xx_rcc.o
 .debug_loc     0x000000000000637d      0x6b6 build/CORTEX_M4F_STM32F4/Libraries/STM32F4xx_StdPeriph_Driver/src/stm32f4xx_usart.o
 .debug_loc     0x0000000000006a33       0xa6 build/CORTEX_M4F_STM32F4/Libraries/STM32F4xx_StdPeriph_Driver/src/stm32f4xx_syscfg.o
 .debug_loc     0x0000000000006ad9      0x773 build/CORTEX_M4F_STM32F4/Libraries/STM32F4xx_StdPeriph_Driver/src/stm32f4xx_i2c.o
 .debug_loc     0x000000000000724c      0x41c build/CORTEX_M4F_STM32F4/Libraries/STM32F4xx_StdPeriph_Driver/src/stm32f4xx_dma.o
 .debug_loc     0x0000000000007668      0x5f0 build/CORTEX_M4F_STM32F4/Libraries/STM32F4xx_StdPeriph_Driver/src/stm32f4xx_spi.o
 .debug_loc     0x0000000000007c58      0x1d4 build/CORTEX_M4F_STM32F4/Libraries/STM32F4xx_StdPeriph_Driver/src/stm32f4xx_exti.o
 .debug_loc     0x0000000000007e2c      0x483 build/CORTEX_M4F_STM32F4/Libraries/STM32F4xx_StdPeriph_Driver/src/stm32f4xx_dma2d.o
 .debug_loc     0x00000000000082af      0x800 build/CORTEX_M4F_STM32F4/Libraries/STM32F4xx_StdPeriph_Driver/src/stm32f4xx_ltdc.o
 .debug_loc     0x0000000000008aaf      0x89d build/CORTEX_M4F_STM32F4/Libraries/STM32F4xx_StdPeriph_Driver/src/stm32f4xx_fmc.o
 .debug_loc     0x000000000000934c      0x102 build/CORTEX_M4F_STM32F4/Libraries/STM32F4xx_StdPeriph_Driver/src/stm32f4xx_rng.o

.debug_str      0x0000000000000000     0x59f3
 .debug_str     0x0000000000000000      0x3cb build/CORTEX_M4F_STM32F4/startup/system_stm32f4xx.o
                                        0x43f (size before relaxing)
 .debug_str     0x00000000000003cb      0x95d build/src/main.o
                                        0xb6f (size before relaxing)
 .debug_str     0x0000000000000d28      0x3d5 build/FreeRTOS/croutine.o
                                        0x5d4 (size before relaxing)
 .debug_str     0x00000000000010fd      0x363 build/FreeRTOS/event_groups.o
                                        0x64b (size before relaxing)
 .debug_str     0x0000000000001460       0x51 build/FreeRTOS/list.o
                                        0x304 (size before relaxing)
 .debug_str     0x00000000000014b1      0x5b1 build/FreeRTOS/queue.o
                                        0x956 (size before relaxing)
 .debug_str     0x0000000000001a62      0x767 build/FreeRTOS/tasks.o
                                        0xd5e (size before relaxing)
 .debug_str     0x00000000000021c9      0x378 build/FreeRTOS/timers.o
                                        0x892 (size before relaxing)
 .debug_str     0x0000000000002541      0x175 build/FreeRTOS/portable/GCC/ARM_CM4F/port.o
                                        0x470 (size before relaxing)
 .debug_str     0x00000000000026b6       0x87 build/FreeRTOS/portable/MemMang/heap_1.o
                                        0x2ad (size before relaxing)
 .debug_str     0x000000000000273d      0x15c build/CORTEX_M4F_STM32F4/Libraries/STM32F4xx_StdPeriph_Driver/src/misc.o
                                        0x464 (size before relaxing)
 .debug_str     0x0000000000002899      0x1b7 build/CORTEX_M4F_STM32F4/Libraries/STM32F4xx_StdPeriph_Driver/src/stm32f4xx_gpio.o
                                        0x55d (size before relaxing)
 .debug_str     0x0000000000002a50      0x67f build/CORTEX_M4F_STM32F4/Libraries/STM32F4xx_StdPeriph_Driver/src/stm32f4xx_rcc.o
                                        0xa33 (size before relaxing)
 .debug_str     0x00000000000030cf      0x43a build/CORTEX_M4F_STM32F4/Libraries/STM32F4xx_StdPeriph_Driver/src/stm32f4xx_usart.o
                                        0x765 (size before relaxing)
 .debug_str     0x0000000000003509      0x16a build/CORTEX_M4F_STM32F4/Libraries/STM32F4xx_StdPeriph_Driver/src/stm32f4xx_syscfg.o
                                        0x3bb (size before relaxing)
 .debug_str     0x0000000000003673      0x43a build/CORTEX_M4F_STM32F4/Libraries/STM32F4xx_StdPeriph_Driver/src/stm32f4xx_i2c.o
                                        0x771 (size before relaxing)
 .debug_str     0x0000000000003aad      0x38d build/CORTEX_M4F_STM32F4/Libraries/STM32F4xx_StdPeriph_Driver/src/stm32f4xx_dma.o
                                        0x5d8 (size before relaxing)
 .debug_str     0x0000000000003e3a      0x39c build/CORTEX_M4F_STM32F4/Libraries/STM32F4xx_StdPeriph_Driver/src/stm32f4xx_spi.o
                                        0x761 (size before relaxing)
 .debug_str     0x00000000000041d6       0xcf build/CORTEX_M4F_STM32F4/Libraries/STM32F4xx_StdPeriph_Driver/src/stm32f4xx_exti.o
                                        0x3e2 (size before relaxing)
 .debug_str     0x00000000000042a5      0x58c build/CORTEX_M4F_STM32F4/Libraries/STM32F4xx_StdPeriph_Driver/src/stm32f4xx_dma2d.o
                                        0x7e3 (size before relaxing)
 .debug_str     0x0000000000004831      0x814 build/CORTEX_M4F_STM32F4/Libraries/STM32F4xx_StdPeriph_Driver/src/stm32f4xx_ltdc.o
                                        0xad5 (size before relaxing)
 .debug_str     0x0000000000005045      0x8cc build/CORTEX_M4F_STM32F4/Libraries/STM32F4xx_StdPeriph_Driver/src/stm32f4xx_fmc.o
                                        0xb01 (size before relaxing)
 .debug_str     0x0000000000005911       0xe2 build/CORTEX_M4F_STM32F4/Libraries/STM32F4xx_StdPeriph_Driver/src/stm32f4xx_rng.o
                                        0x326 (size before relaxing)

.comment        0x0000000000000000       0x1f
 .comment       0x0000000000000000       0x1f build/CORTEX_M4F_STM32F4/startup/system_stm32f4xx.o
                                         0x20 (size before relaxing)
 .comment       0x0000000000000000       0x20 build/src/main.o
 .comment       0x0000000000000000       0x20 build/FreeRTOS/croutine.o
 .comment       0x0000000000000000       0x20 build/FreeRTOS/event_groups.o
 .comment       0x0000000000000000       0x20 build/FreeRTOS/list.o
 .comment       0x0000000000000000       0x20 build/FreeRTOS/queue.o
 .comment       0x0000000000000000       0x20 build/FreeRTOS/tasks.o
 .comment       0x0000000000000000       0x20 build/FreeRTOS/timers.o
 .comment       0x0000000000000000       0x20 build/FreeRTOS/portable/GCC/ARM_CM4F/port.o
 .comment       0x0000000000000000       0x20 build/FreeRTOS/portable/MemMang/heap_1.o
 .comment       0x0000000000000000       0x20 build/CORTEX_M4F_STM32F4/Libraries/STM32F4xx_StdPeriph_Driver/src/misc.o
 .comment       0x0000000000000000       0x20 build/CORTEX_M4F_STM32F4/Libraries/STM32F4xx_StdPeriph_Driver/src/stm32f4xx_gpio.o
 .comment       0x0000000000000000       0x20 build/CORTEX_M4F_STM32F4/Libraries/STM32F4xx_StdPeriph_Driver/src/stm32f4xx_rcc.o
 .comment       0x0000000000000000       0x20 build/CORTEX_M4F_STM32F4/Libraries/STM32F4xx_StdPeriph_Driver/src/stm32f4xx_usart.o
 .comment       0x0000000000000000       0x20 build/CORTEX_M4F_STM32F4/Libraries/STM32F4xx_StdPeriph_Driver/src/stm32f4xx_syscfg.o
 .comment       0x0000000000000000       0x20 build/CORTEX_M4F_STM32F4/Libraries/STM32F4xx_StdPeriph_Driver/src/stm32f4xx_i2c.o
 .comment       0x0000000000000000       0x20 build/CORTEX_M4F_STM32F4/Libraries/STM32F4xx_StdPeriph_Driver/src/stm32f4xx_dma.o
 .comment       0x0000000000000000       0x20 build/CORTEX_M4F_STM32F4/Libraries/STM32F4xx_StdPeriph_Driver/src/stm32f4xx_spi.o
 .comment       0x0000000000000000       0x20 build/CORTEX_M4F_STM32F4/Libraries/STM32F4xx_StdPeriph_Driver/src/stm32f4xx_exti.o
 .comment       0x0000000000000000       0x20 build/CORTEX_M4F_STM32F4/Libraries/STM32F4xx_StdPeriph_Driver/src/stm32f4xx_dma2d.o
 .comment       0x0000000000000000       0x20 build/CORTEX_M4F_STM32F4/Libraries/STM32F4xx_StdPeriph_Driver/src/stm32f4xx_ltdc.o
 .comment       0x0000000000000000       0x20 build/CORTEX_M4F_STM32F4/Libraries/STM32F4xx_StdPeriph_Driver/src/stm32f4xx_fmc.o
 .comment       0x0000000000000000       0x20 build/CORTEX_M4F_STM32F4/Libraries/STM32F4xx_StdPeriph_Driver/src/stm32f4xx_rng.o

.debug_frame    0x0000000000000000     0x2068
 .debug_frame   0x0000000000000000       0x34 build/CORTEX_M4F_STM32F4/startup/system_stm32f4xx.o
 .debug_frame   0x0000000000000034       0x90 build/src/main.o
 .debug_frame   0x00000000000000c4       0x98 build/FreeRTOS/croutine.o
 .debug_frame   0x000000000000015c      0x110 build/FreeRTOS/event_groups.o
 .debug_frame   0x000000000000026c       0x78 build/FreeRTOS/list.o
 .debug_frame   0x00000000000002e4      0x2a8 build/FreeRTOS/queue.o
 .debug_frame   0x000000000000058c      0x3d0 build/FreeRTOS/tasks.o
 .debug_frame   0x000000000000095c       0xcc build/FreeRTOS/timers.o
 .debug_frame   0x0000000000000a28      0x154 build/FreeRTOS/portable/GCC/ARM_CM4F/port.o
 .debug_frame   0x0000000000000b7c       0x64 build/FreeRTOS/portable/MemMang/heap_1.o
 .debug_frame   0x0000000000000be0       0x6c build/CORTEX_M4F_STM32F4/Libraries/STM32F4xx_StdPeriph_Driver/src/misc.o
 .debug_frame   0x0000000000000c4c      0x118 build/CORTEX_M4F_STM32F4/Libraries/STM32F4xx_StdPeriph_Driver/src/stm32f4xx_gpio.o
 .debug_frame   0x0000000000000d64      0x36c build/CORTEX_M4F_STM32F4/Libraries/STM32F4xx_StdPeriph_Driver/src/stm32f4xx_rcc.o
 .debug_frame   0x00000000000010d0      0x210 build/CORTEX_M4F_STM32F4/Libraries/STM32F4xx_StdPeriph_Driver/src/stm32f4xx_usart.o
 .debug_frame   0x00000000000012e0       0x90 build/CORTEX_M4F_STM32F4/Libraries/STM32F4xx_StdPeriph_Driver/src/stm32f4xx_syscfg.o
 .debug_frame   0x0000000000001370      0x268 build/CORTEX_M4F_STM32F4/Libraries/STM32F4xx_StdPeriph_Driver/src/stm32f4xx_i2c.o
 .debug_frame   0x00000000000015d8      0x17c build/CORTEX_M4F_STM32F4/Libraries/STM32F4xx_StdPeriph_Driver/src/stm32f4xx_dma.o
 .debug_frame   0x0000000000001754      0x1dc build/CORTEX_M4F_STM32F4/Libraries/STM32F4xx_StdPeriph_Driver/src/stm32f4xx_spi.o
 .debug_frame   0x0000000000001930       0x9c build/CORTEX_M4F_STM32F4/Libraries/STM32F4xx_StdPeriph_Driver/src/stm32f4xx_exti.o
 .debug_frame   0x00000000000019cc      0x16c build/CORTEX_M4F_STM32F4/Libraries/STM32F4xx_StdPeriph_Driver/src/stm32f4xx_dma2d.o
 .debug_frame   0x0000000000001b38      0x250 build/CORTEX_M4F_STM32F4/Libraries/STM32F4xx_StdPeriph_Driver/src/stm32f4xx_ltdc.o
 .debug_frame   0x0000000000001d88      0x248 build/CORTEX_M4F_STM32F4/Libraries/STM32F4xx_StdPeriph_Driver/src/stm32f4xx_fmc.o
 .debug_frame   0x0000000000001fd0       0x98 build/CORTEX_M4F_STM32F4/Libraries/STM32F4xx_StdPeriph_Driver/src/stm32f4xx_rng.o
