
Memory Configuration

Name             Origin             Length             Attributes
FLASH            0x0000000008000000 0x0000000000200000 xr
RAM              0x0000000020000000 0x0000000000030000 xrw
MEMORY_B1        0x0000000060000000 0x0000000000000000 xr
CCMRAM           0x0000000010000000 0x0000000000010000 rw
*default*        0x0000000000000000 0xffffffffffffffff

Linker script and memory map

LOAD build/CORTEX_M4F_STM32F4/startup_stm32f429_439xx.o
LOAD build/CORTEX_M4F_STM32F4/startup/system_stm32f4xx.o
LOAD build/src/main.o
LOAD build/CORTEX_M4F_STM32F4/Libraries/STM32F4xx_StdPeriph_Driver/src/misc.o
LOAD build/CORTEX_M4F_STM32F4/Libraries/STM32F4xx_StdPeriph_Driver/src/stm32f4xx_gpio.o
LOAD build/CORTEX_M4F_STM32F4/Libraries/STM32F4xx_StdPeriph_Driver/src/stm32f4xx_rcc.o
LOAD build/CORTEX_M4F_STM32F4/Libraries/STM32F4xx_StdPeriph_Driver/src/stm32f4xx_usart.o
LOAD build/CORTEX_M4F_STM32F4/Libraries/STM32F4xx_StdPeriph_Driver/src/stm32f4xx_syscfg.o
LOAD build/CORTEX_M4F_STM32F4/Libraries/STM32F4xx_StdPeriph_Driver/src/stm32f4xx_i2c.o
LOAD build/CORTEX_M4F_STM32F4/Libraries/STM32F4xx_StdPeriph_Driver/src/stm32f4xx_dma.o
LOAD build/CORTEX_M4F_STM32F4/Libraries/STM32F4xx_StdPeriph_Driver/src/stm32f4xx_spi.o
LOAD build/CORTEX_M4F_STM32F4/Libraries/STM32F4xx_StdPeriph_Driver/src/stm32f4xx_exti.o
LOAD build/CORTEX_M4F_STM32F4/Libraries/STM32F4xx_StdPeriph_Driver/src/stm32f4xx_dma2d.o
LOAD build/CORTEX_M4F_STM32F4/Libraries/STM32F4xx_StdPeriph_Driver/src/stm32f4xx_ltdc.o
LOAD build/CORTEX_M4F_STM32F4/Libraries/STM32F4xx_StdPeriph_Driver/src/stm32f4xx_fmc.o
LOAD build/CORTEX_M4F_STM32F4/Libraries/STM32F4xx_StdPeriph_Driver/src/stm32f4xx_rng.o
                0x0000000020030000                _estack = 0x20030000
                0x0000000000000000                _Min_Heap_Size = 0x0
                0x0000000000000400                _Min_Stack_Size = 0x400

.isr_vector     0x0000000008000000      0x1ac
                0x0000000008000000                . = ALIGN (0x4)
 *(.isr_vector)
 .isr_vector    0x0000000008000000      0x1ac build/CORTEX_M4F_STM32F4/startup_stm32f429_439xx.o
                0x0000000008000000                g_pfnVectors
                0x00000000080001ac                . = ALIGN (0x4)

.text           0x00000000080001ac     0x3014
                0x00000000080001ac                . = ALIGN (0x4)
 *(.text)
 .text          0x00000000080001ac       0x14 build/CORTEX_M4F_STM32F4/startup_stm32f429_439xx.o
 .text          0x00000000080001c0        0x0 build/CORTEX_M4F_STM32F4/startup/system_stm32f4xx.o
 .text          0x00000000080001c0        0x0 build/src/main.o
 .text          0x00000000080001c0        0x0 build/CORTEX_M4F_STM32F4/Libraries/STM32F4xx_StdPeriph_Driver/src/misc.o
 .text          0x00000000080001c0        0x0 build/CORTEX_M4F_STM32F4/Libraries/STM32F4xx_StdPeriph_Driver/src/stm32f4xx_gpio.o
 .text          0x00000000080001c0        0x0 build/CORTEX_M4F_STM32F4/Libraries/STM32F4xx_StdPeriph_Driver/src/stm32f4xx_rcc.o
 .text          0x00000000080001c0        0x0 build/CORTEX_M4F_STM32F4/Libraries/STM32F4xx_StdPeriph_Driver/src/stm32f4xx_usart.o
 .text          0x00000000080001c0        0x0 build/CORTEX_M4F_STM32F4/Libraries/STM32F4xx_StdPeriph_Driver/src/stm32f4xx_syscfg.o
 .text          0x00000000080001c0        0x0 build/CORTEX_M4F_STM32F4/Libraries/STM32F4xx_StdPeriph_Driver/src/stm32f4xx_i2c.o
 .text          0x00000000080001c0        0x0 build/CORTEX_M4F_STM32F4/Libraries/STM32F4xx_StdPeriph_Driver/src/stm32f4xx_dma.o
 .text          0x00000000080001c0        0x0 build/CORTEX_M4F_STM32F4/Libraries/STM32F4xx_StdPeriph_Driver/src/stm32f4xx_spi.o
 .text          0x00000000080001c0        0x0 build/CORTEX_M4F_STM32F4/Libraries/STM32F4xx_StdPeriph_Driver/src/stm32f4xx_exti.o
 .text          0x00000000080001c0        0x0 build/CORTEX_M4F_STM32F4/Libraries/STM32F4xx_StdPeriph_Driver/src/stm32f4xx_dma2d.o
 .text          0x00000000080001c0        0x0 build/CORTEX_M4F_STM32F4/Libraries/STM32F4xx_StdPeriph_Driver/src/stm32f4xx_ltdc.o
 .text          0x00000000080001c0        0x0 build/CORTEX_M4F_STM32F4/Libraries/STM32F4xx_StdPeriph_Driver/src/stm32f4xx_fmc.o
 .text          0x00000000080001c0        0x0 build/CORTEX_M4F_STM32F4/Libraries/STM32F4xx_StdPeriph_Driver/src/stm32f4xx_rng.o
 *(.text*)
 .text.Reset_Handler
                0x00000000080001c0       0x44 build/CORTEX_M4F_STM32F4/startup_stm32f429_439xx.o
                0x00000000080001c0                Reset_Handler
 .text.Default_Handler
                0x0000000008000204        0x2 build/CORTEX_M4F_STM32F4/startup_stm32f429_439xx.o
                0x0000000008000204                RTC_Alarm_IRQHandler
                0x0000000008000204                HASH_RNG_IRQHandler
                0x0000000008000204                EXTI2_IRQHandler
                0x0000000008000204                TIM8_CC_IRQHandler
                0x0000000008000204                DebugMon_Handler
                0x0000000008000204                UART8_IRQHandler
                0x0000000008000204                SPI4_IRQHandler
                0x0000000008000204                TIM1_CC_IRQHandler
                0x0000000008000204                DMA2_Stream5_IRQHandler
                0x0000000008000204                HardFault_Handler
                0x0000000008000204                DMA1_Stream5_IRQHandler
                0x0000000008000204                SysTick_Handler
                0x0000000008000204                PVD_IRQHandler
                0x0000000008000204                SDIO_IRQHandler
                0x0000000008000204                TAMP_STAMP_IRQHandler
                0x0000000008000204                PendSV_Handler
                0x0000000008000204                NMI_Handler
                0x0000000008000204                CAN2_RX1_IRQHandler
                0x0000000008000204                EXTI3_IRQHandler
                0x0000000008000204                TIM8_TRG_COM_TIM14_IRQHandler
                0x0000000008000204                TIM1_UP_TIM10_IRQHandler
                0x0000000008000204                TIM8_UP_TIM13_IRQHandler
                0x0000000008000204                I2C3_ER_IRQHandler
                0x0000000008000204                I2C2_EV_IRQHandler
                0x0000000008000204                DMA1_Stream2_IRQHandler
                0x0000000008000204                CAN1_RX0_IRQHandler
                0x0000000008000204                FPU_IRQHandler
                0x0000000008000204                OTG_HS_WKUP_IRQHandler
                0x0000000008000204                UsageFault_Handler
                0x0000000008000204                LTDC_ER_IRQHandler
                0x0000000008000204                CAN2_SCE_IRQHandler
                0x0000000008000204                DMA2_Stream2_IRQHandler
                0x0000000008000204                SPI1_IRQHandler
                0x0000000008000204                TIM6_DAC_IRQHandler
                0x0000000008000204                TIM1_BRK_TIM9_IRQHandler
                0x0000000008000204                DCMI_IRQHandler
                0x0000000008000204                CAN2_RX0_IRQHandler
                0x0000000008000204                DMA2_Stream3_IRQHandler
                0x0000000008000204                USART6_IRQHandler
                0x0000000008000204                USART3_IRQHandler
                0x0000000008000204                CRYP_IRQHandler
                0x0000000008000204                CAN1_RX1_IRQHandler
                0x0000000008000204                UART5_IRQHandler
                0x0000000008000204                DMA2_Stream0_IRQHandler
                0x0000000008000204                TIM4_IRQHandler
                0x0000000008000204                I2C1_EV_IRQHandler
                0x0000000008000204                DMA1_Stream6_IRQHandler
                0x0000000008000204                DMA1_Stream1_IRQHandler
                0x0000000008000204                UART4_IRQHandler
                0x0000000008000204                TIM3_IRQHandler
                0x0000000008000204                RCC_IRQHandler
                0x0000000008000204                TIM8_BRK_TIM12_IRQHandler
                0x0000000008000204                Default_Handler
                0x0000000008000204                EXTI15_10_IRQHandler
                0x0000000008000204                ADC_IRQHandler
                0x0000000008000204                DMA1_Stream7_IRQHandler
                0x0000000008000204                SPI5_IRQHandler
                0x0000000008000204                TIM7_IRQHandler
                0x0000000008000204                CAN2_TX_IRQHandler
                0x0000000008000204                TIM5_IRQHandler
                0x0000000008000204                DMA2_Stream7_IRQHandler
                0x0000000008000204                I2C3_EV_IRQHandler
                0x0000000008000204                EXTI9_5_IRQHandler
                0x0000000008000204                RTC_WKUP_IRQHandler
                0x0000000008000204                LTDC_IRQHandler
                0x0000000008000204                ETH_WKUP_IRQHandler
                0x0000000008000204                SPI2_IRQHandler
                0x0000000008000204                OTG_HS_EP1_IN_IRQHandler
                0x0000000008000204                MemManage_Handler
                0x0000000008000204                DMA1_Stream0_IRQHandler
                0x0000000008000204                CAN1_TX_IRQHandler
                0x0000000008000204                SVC_Handler
                0x0000000008000204                EXTI4_IRQHandler
                0x0000000008000204                FSMC_IRQHandler
                0x0000000008000204                ETH_IRQHandler
                0x0000000008000204                OTG_HS_EP1_OUT_IRQHandler
                0x0000000008000204                WWDG_IRQHandler
                0x0000000008000204                SPI6_IRQHandler
                0x0000000008000204                TIM2_IRQHandler
                0x0000000008000204                OTG_FS_WKUP_IRQHandler
                0x0000000008000204                TIM1_TRG_COM_TIM11_IRQHandler
                0x0000000008000204                OTG_HS_IRQHandler
                0x0000000008000204                DMA2D_IRQHandler
                0x0000000008000204                EXTI1_IRQHandler
                0x0000000008000204                UART7_IRQHandler
                0x0000000008000204                USART2_IRQHandler
                0x0000000008000204                I2C2_ER_IRQHandler
                0x0000000008000204                DMA2_Stream1_IRQHandler
                0x0000000008000204                CAN1_SCE_IRQHandler
                0x0000000008000204                FLASH_IRQHandler
                0x0000000008000204                DMA2_Stream4_IRQHandler
                0x0000000008000204                BusFault_Handler
                0x0000000008000204                USART1_IRQHandler
                0x0000000008000204                OTG_FS_IRQHandler
                0x0000000008000204                SPI3_IRQHandler
                0x0000000008000204                DMA1_Stream4_IRQHandler
                0x0000000008000204                I2C1_ER_IRQHandler
                0x0000000008000204                DMA2_Stream6_IRQHandler
                0x0000000008000204                SAI1_IRQHandler
                0x0000000008000204                DMA1_Stream3_IRQHandler
 *fill*         0x0000000008000206        0x2 
 .text.SystemInit
                0x0000000008000208      0x124 build/CORTEX_M4F_STM32F4/startup/system_stm32f4xx.o
                0x0000000008000208                SystemInit
 .text.SystemCoreClockUpdate
                0x000000000800032c       0x94 build/CORTEX_M4F_STM32F4/startup/system_stm32f4xx.o
                0x000000000800032c                SystemCoreClockUpdate
 .text.RCC_Configuration
                0x00000000080003c0       0x18 build/src/main.o
                0x00000000080003c0                RCC_Configuration
 .text.GPIO_Configuration
                0x00000000080003d8       0x58 build/src/main.o
                0x00000000080003d8                GPIO_Configuration
 .text.Interrupts_Configuration
                0x0000000008000430       0x44 build/src/main.o
                0x0000000008000430                Interrupts_Configuration
 .text.EXTI0_IRQHandler
                0x0000000008000474       0x2c build/src/main.o
                0x0000000008000474                EXTI0_IRQHandler
 .text.startup.main
                0x00000000080004a0        0xc build/src/main.o
                0x00000000080004a0                main
 .text.NVIC_PriorityGroupConfig
                0x00000000080004ac       0x14 build/CORTEX_M4F_STM32F4/Libraries/STM32F4xx_StdPeriph_Driver/src/misc.o
                0x00000000080004ac                NVIC_PriorityGroupConfig
 .text.NVIC_Init
                0x00000000080004c0       0x80 build/CORTEX_M4F_STM32F4/Libraries/STM32F4xx_StdPeriph_Driver/src/misc.o
                0x00000000080004c0                NVIC_Init
 .text.NVIC_SetVectorTable
                0x0000000008000540       0x18 build/CORTEX_M4F_STM32F4/Libraries/STM32F4xx_StdPeriph_Driver/src/misc.o
                0x0000000008000540                NVIC_SetVectorTable
 .text.NVIC_SystemLPConfig
                0x0000000008000558       0x1c build/CORTEX_M4F_STM32F4/Libraries/STM32F4xx_StdPeriph_Driver/src/misc.o
                0x0000000008000558                NVIC_SystemLPConfig
 .text.SysTick_CLKSourceConfig
                0x0000000008000574       0x1c build/CORTEX_M4F_STM32F4/Libraries/STM32F4xx_StdPeriph_Driver/src/misc.o
                0x0000000008000574                SysTick_CLKSourceConfig
 .text.GPIO_DeInit
                0x0000000008000590      0x170 build/CORTEX_M4F_STM32F4/Libraries/STM32F4xx_StdPeriph_Driver/src/stm32f4xx_gpio.o
                0x0000000008000590                GPIO_DeInit
 .text.GPIO_Init
                0x0000000008000700       0xc0 build/CORTEX_M4F_STM32F4/Libraries/STM32F4xx_StdPeriph_Driver/src/stm32f4xx_gpio.o
                0x0000000008000700                GPIO_Init
 .text.GPIO_StructInit
                0x00000000080007c0       0x14 build/CORTEX_M4F_STM32F4/Libraries/STM32F4xx_StdPeriph_Driver/src/stm32f4xx_gpio.o
                0x00000000080007c0                GPIO_StructInit
 .text.GPIO_PinLockConfig
                0x00000000080007d4       0x24 build/CORTEX_M4F_STM32F4/Libraries/STM32F4xx_StdPeriph_Driver/src/stm32f4xx_gpio.o
                0x00000000080007d4                GPIO_PinLockConfig
 .text.GPIO_ReadInputDataBit
                0x00000000080007f8        0xc build/CORTEX_M4F_STM32F4/Libraries/STM32F4xx_StdPeriph_Driver/src/stm32f4xx_gpio.o
                0x00000000080007f8                GPIO_ReadInputDataBit
 .text.GPIO_ReadInputData
                0x0000000008000804        0x8 build/CORTEX_M4F_STM32F4/Libraries/STM32F4xx_StdPeriph_Driver/src/stm32f4xx_gpio.o
                0x0000000008000804                GPIO_ReadInputData
 .text.GPIO_ReadOutputDataBit
                0x000000000800080c        0xc build/CORTEX_M4F_STM32F4/Libraries/STM32F4xx_StdPeriph_Driver/src/stm32f4xx_gpio.o
                0x000000000800080c                GPIO_ReadOutputDataBit
 .text.GPIO_ReadOutputData
                0x0000000008000818        0x8 build/CORTEX_M4F_STM32F4/Libraries/STM32F4xx_StdPeriph_Driver/src/stm32f4xx_gpio.o
                0x0000000008000818                GPIO_ReadOutputData
 .text.GPIO_SetBits
                0x0000000008000820        0x4 build/CORTEX_M4F_STM32F4/Libraries/STM32F4xx_StdPeriph_Driver/src/stm32f4xx_gpio.o
                0x0000000008000820                GPIO_SetBits
 .text.GPIO_ResetBits
                0x0000000008000824        0x4 build/CORTEX_M4F_STM32F4/Libraries/STM32F4xx_StdPeriph_Driver/src/stm32f4xx_gpio.o
                0x0000000008000824                GPIO_ResetBits
 .text.GPIO_WriteBit
                0x0000000008000828        0xc build/CORTEX_M4F_STM32F4/Libraries/STM32F4xx_StdPeriph_Driver/src/stm32f4xx_gpio.o
                0x0000000008000828                GPIO_WriteBit
 .text.GPIO_Write
                0x0000000008000834        0x4 build/CORTEX_M4F_STM32F4/Libraries/STM32F4xx_StdPeriph_Driver/src/stm32f4xx_gpio.o
                0x0000000008000834                GPIO_Write
 .text.GPIO_ToggleBits
                0x0000000008000838        0x8 build/CORTEX_M4F_STM32F4/Libraries/STM32F4xx_StdPeriph_Driver/src/stm32f4xx_gpio.o
                0x0000000008000838                GPIO_ToggleBits
 .text.GPIO_PinAFConfig
                0x0000000008000840       0x28 build/CORTEX_M4F_STM32F4/Libraries/STM32F4xx_StdPeriph_Driver/src/stm32f4xx_gpio.o
                0x0000000008000840                GPIO_PinAFConfig
 .text.RCC_DeInit
                0x0000000008000868       0x54 build/CORTEX_M4F_STM32F4/Libraries/STM32F4xx_StdPeriph_Driver/src/stm32f4xx_rcc.o
                0x0000000008000868                RCC_DeInit
 .text.RCC_HSEConfig
                0x00000000080008bc       0x10 build/CORTEX_M4F_STM32F4/Libraries/STM32F4xx_StdPeriph_Driver/src/stm32f4xx_rcc.o
                0x00000000080008bc                RCC_HSEConfig
 .text.RCC_WaitForHSEStartUp
                0x00000000080008cc       0x40 build/CORTEX_M4F_STM32F4/Libraries/STM32F4xx_StdPeriph_Driver/src/stm32f4xx_rcc.o
                0x00000000080008cc                RCC_WaitForHSEStartUp
 .text.RCC_AdjustHSICalibrationValue
                0x000000000800090c       0x18 build/CORTEX_M4F_STM32F4/Libraries/STM32F4xx_StdPeriph_Driver/src/stm32f4xx_rcc.o
                0x000000000800090c                RCC_AdjustHSICalibrationValue
 .text.RCC_HSICmd
                0x0000000008000924        0xc build/CORTEX_M4F_STM32F4/Libraries/STM32F4xx_StdPeriph_Driver/src/stm32f4xx_rcc.o
                0x0000000008000924                RCC_HSICmd
 .text.RCC_LSEConfig
                0x0000000008000930       0x24 build/CORTEX_M4F_STM32F4/Libraries/STM32F4xx_StdPeriph_Driver/src/stm32f4xx_rcc.o
                0x0000000008000930                RCC_LSEConfig
 .text.RCC_LSICmd
                0x0000000008000954        0xc build/CORTEX_M4F_STM32F4/Libraries/STM32F4xx_StdPeriph_Driver/src/stm32f4xx_rcc.o
                0x0000000008000954                RCC_LSICmd
 .text.RCC_PLLConfig
                0x0000000008000960       0x28 build/CORTEX_M4F_STM32F4/Libraries/STM32F4xx_StdPeriph_Driver/src/stm32f4xx_rcc.o
                0x0000000008000960                RCC_PLLConfig
 .text.RCC_PLLCmd
                0x0000000008000988        0xc build/CORTEX_M4F_STM32F4/Libraries/STM32F4xx_StdPeriph_Driver/src/stm32f4xx_rcc.o
                0x0000000008000988                RCC_PLLCmd
 .text.RCC_PLLI2SConfig
                0x0000000008000994       0x18 build/CORTEX_M4F_STM32F4/Libraries/STM32F4xx_StdPeriph_Driver/src/stm32f4xx_rcc.o
                0x0000000008000994                RCC_PLLI2SConfig
 .text.RCC_PLLI2SCmd
                0x00000000080009ac        0xc build/CORTEX_M4F_STM32F4/Libraries/STM32F4xx_StdPeriph_Driver/src/stm32f4xx_rcc.o
                0x00000000080009ac                RCC_PLLI2SCmd
 .text.RCC_PLLSAIConfig
                0x00000000080009b8       0x18 build/CORTEX_M4F_STM32F4/Libraries/STM32F4xx_StdPeriph_Driver/src/stm32f4xx_rcc.o
                0x00000000080009b8                RCC_PLLSAIConfig
 .text.RCC_PLLSAICmd
                0x00000000080009d0        0xc build/CORTEX_M4F_STM32F4/Libraries/STM32F4xx_StdPeriph_Driver/src/stm32f4xx_rcc.o
                0x00000000080009d0                RCC_PLLSAICmd
 .text.RCC_ClockSecuritySystemCmd
                0x00000000080009dc        0xc build/CORTEX_M4F_STM32F4/Libraries/STM32F4xx_StdPeriph_Driver/src/stm32f4xx_rcc.o
                0x00000000080009dc                RCC_ClockSecuritySystemCmd
 .text.RCC_MCO1Config
                0x00000000080009e8       0x18 build/CORTEX_M4F_STM32F4/Libraries/STM32F4xx_StdPeriph_Driver/src/stm32f4xx_rcc.o
                0x00000000080009e8                RCC_MCO1Config
 .text.RCC_MCO2Config
                0x0000000008000a00       0x18 build/CORTEX_M4F_STM32F4/Libraries/STM32F4xx_StdPeriph_Driver/src/stm32f4xx_rcc.o
                0x0000000008000a00                RCC_MCO2Config
 .text.RCC_SYSCLKConfig
                0x0000000008000a18       0x14 build/CORTEX_M4F_STM32F4/Libraries/STM32F4xx_StdPeriph_Driver/src/stm32f4xx_rcc.o
                0x0000000008000a18                RCC_SYSCLKConfig
 .text.RCC_GetSYSCLKSource
                0x0000000008000a2c       0x10 build/CORTEX_M4F_STM32F4/Libraries/STM32F4xx_StdPeriph_Driver/src/stm32f4xx_rcc.o
                0x0000000008000a2c                RCC_GetSYSCLKSource
 .text.RCC_HCLKConfig
                0x0000000008000a3c       0x14 build/CORTEX_M4F_STM32F4/Libraries/STM32F4xx_StdPeriph_Driver/src/stm32f4xx_rcc.o
                0x0000000008000a3c                RCC_HCLKConfig
 .text.RCC_PCLK1Config
                0x0000000008000a50       0x14 build/CORTEX_M4F_STM32F4/Libraries/STM32F4xx_StdPeriph_Driver/src/stm32f4xx_rcc.o
                0x0000000008000a50                RCC_PCLK1Config
 .text.RCC_PCLK2Config
                0x0000000008000a64       0x18 build/CORTEX_M4F_STM32F4/Libraries/STM32F4xx_StdPeriph_Driver/src/stm32f4xx_rcc.o
                0x0000000008000a64                RCC_PCLK2Config
 .text.RCC_GetClocksFreq
                0x0000000008000a7c       0xb0 build/CORTEX_M4F_STM32F4/Libraries/STM32F4xx_StdPeriph_Driver/src/stm32f4xx_rcc.o
                0x0000000008000a7c                RCC_GetClocksFreq
 .text.RCC_RTCCLKConfig
                0x0000000008000b2c       0x38 build/CORTEX_M4F_STM32F4/Libraries/STM32F4xx_StdPeriph_Driver/src/stm32f4xx_rcc.o
                0x0000000008000b2c                RCC_RTCCLKConfig
 .text.RCC_RTCCLKCmd
                0x0000000008000b64        0xc build/CORTEX_M4F_STM32F4/Libraries/STM32F4xx_StdPeriph_Driver/src/stm32f4xx_rcc.o
                0x0000000008000b64                RCC_RTCCLKCmd
 .text.RCC_BackupResetCmd
                0x0000000008000b70        0xc build/CORTEX_M4F_STM32F4/Libraries/STM32F4xx_StdPeriph_Driver/src/stm32f4xx_rcc.o
                0x0000000008000b70                RCC_BackupResetCmd
 .text.RCC_I2SCLKConfig
                0x0000000008000b7c        0xc build/CORTEX_M4F_STM32F4/Libraries/STM32F4xx_StdPeriph_Driver/src/stm32f4xx_rcc.o
                0x0000000008000b7c                RCC_I2SCLKConfig
 .text.RCC_SAIPLLI2SClkDivConfig
                0x0000000008000b88       0x1c build/CORTEX_M4F_STM32F4/Libraries/STM32F4xx_StdPeriph_Driver/src/stm32f4xx_rcc.o
                0x0000000008000b88                RCC_SAIPLLI2SClkDivConfig
 .text.RCC_SAIPLLSAIClkDivConfig
                0x0000000008000ba4       0x1c build/CORTEX_M4F_STM32F4/Libraries/STM32F4xx_StdPeriph_Driver/src/stm32f4xx_rcc.o
                0x0000000008000ba4                RCC_SAIPLLSAIClkDivConfig
 .text.RCC_SAIBlockACLKConfig
                0x0000000008000bc0       0x18 build/CORTEX_M4F_STM32F4/Libraries/STM32F4xx_StdPeriph_Driver/src/stm32f4xx_rcc.o
                0x0000000008000bc0                RCC_SAIBlockACLKConfig
 .text.RCC_SAIBlockBCLKConfig
                0x0000000008000bd8       0x18 build/CORTEX_M4F_STM32F4/Libraries/STM32F4xx_StdPeriph_Driver/src/stm32f4xx_rcc.o
                0x0000000008000bd8                RCC_SAIBlockBCLKConfig
 .text.RCC_LTDCCLKDivConfig
                0x0000000008000bf0       0x18 build/CORTEX_M4F_STM32F4/Libraries/STM32F4xx_StdPeriph_Driver/src/stm32f4xx_rcc.o
                0x0000000008000bf0                RCC_LTDCCLKDivConfig
 .text.RCC_TIMCLKPresConfig
                0x0000000008000c08        0xc build/CORTEX_M4F_STM32F4/Libraries/STM32F4xx_StdPeriph_Driver/src/stm32f4xx_rcc.o
                0x0000000008000c08                RCC_TIMCLKPresConfig
 .text.RCC_AHB1PeriphClockCmd
                0x0000000008000c14       0x1c build/CORTEX_M4F_STM32F4/Libraries/STM32F4xx_StdPeriph_Driver/src/stm32f4xx_rcc.o
                0x0000000008000c14                RCC_AHB1PeriphClockCmd
 .text.RCC_AHB2PeriphClockCmd
                0x0000000008000c30       0x1c build/CORTEX_M4F_STM32F4/Libraries/STM32F4xx_StdPeriph_Driver/src/stm32f4xx_rcc.o
                0x0000000008000c30                RCC_AHB2PeriphClockCmd
 .text.RCC_AHB3PeriphClockCmd
                0x0000000008000c4c       0x1c build/CORTEX_M4F_STM32F4/Libraries/STM32F4xx_StdPeriph_Driver/src/stm32f4xx_rcc.o
                0x0000000008000c4c                RCC_AHB3PeriphClockCmd
 .text.RCC_APB1PeriphClockCmd
                0x0000000008000c68       0x1c build/CORTEX_M4F_STM32F4/Libraries/STM32F4xx_StdPeriph_Driver/src/stm32f4xx_rcc.o
                0x0000000008000c68                RCC_APB1PeriphClockCmd
 .text.RCC_APB2PeriphClockCmd
                0x0000000008000c84       0x1c build/CORTEX_M4F_STM32F4/Libraries/STM32F4xx_StdPeriph_Driver/src/stm32f4xx_rcc.o
                0x0000000008000c84                RCC_APB2PeriphClockCmd
 .text.RCC_AHB1PeriphResetCmd
                0x0000000008000ca0       0x1c build/CORTEX_M4F_STM32F4/Libraries/STM32F4xx_StdPeriph_Driver/src/stm32f4xx_rcc.o
                0x0000000008000ca0                RCC_AHB1PeriphResetCmd
 .text.RCC_AHB2PeriphResetCmd
                0x0000000008000cbc       0x1c build/CORTEX_M4F_STM32F4/Libraries/STM32F4xx_StdPeriph_Driver/src/stm32f4xx_rcc.o
                0x0000000008000cbc                RCC_AHB2PeriphResetCmd
 .text.RCC_AHB3PeriphResetCmd
                0x0000000008000cd8       0x1c build/CORTEX_M4F_STM32F4/Libraries/STM32F4xx_StdPeriph_Driver/src/stm32f4xx_rcc.o
                0x0000000008000cd8                RCC_AHB3PeriphResetCmd
 .text.RCC_APB1PeriphResetCmd
                0x0000000008000cf4       0x1c build/CORTEX_M4F_STM32F4/Libraries/STM32F4xx_StdPeriph_Driver/src/stm32f4xx_rcc.o
                0x0000000008000cf4                RCC_APB1PeriphResetCmd
 .text.RCC_APB2PeriphResetCmd
                0x0000000008000d10       0x1c build/CORTEX_M4F_STM32F4/Libraries/STM32F4xx_StdPeriph_Driver/src/stm32f4xx_rcc.o
                0x0000000008000d10                RCC_APB2PeriphResetCmd
 .text.RCC_AHB1PeriphClockLPModeCmd
                0x0000000008000d2c       0x1c build/CORTEX_M4F_STM32F4/Libraries/STM32F4xx_StdPeriph_Driver/src/stm32f4xx_rcc.o
                0x0000000008000d2c                RCC_AHB1PeriphClockLPModeCmd
 .text.RCC_AHB2PeriphClockLPModeCmd
                0x0000000008000d48       0x1c build/CORTEX_M4F_STM32F4/Libraries/STM32F4xx_StdPeriph_Driver/src/stm32f4xx_rcc.o
                0x0000000008000d48                RCC_AHB2PeriphClockLPModeCmd
 .text.RCC_AHB3PeriphClockLPModeCmd
                0x0000000008000d64       0x1c build/CORTEX_M4F_STM32F4/Libraries/STM32F4xx_StdPeriph_Driver/src/stm32f4xx_rcc.o
                0x0000000008000d64                RCC_AHB3PeriphClockLPModeCmd
 .text.RCC_APB1PeriphClockLPModeCmd
                0x0000000008000d80       0x1c build/CORTEX_M4F_STM32F4/Libraries/STM32F4xx_StdPeriph_Driver/src/stm32f4xx_rcc.o
                0x0000000008000d80                RCC_APB1PeriphClockLPModeCmd
 .text.RCC_APB2PeriphClockLPModeCmd
                0x0000000008000d9c       0x1c build/CORTEX_M4F_STM32F4/Libraries/STM32F4xx_StdPeriph_Driver/src/stm32f4xx_rcc.o
                0x0000000008000d9c                RCC_APB2PeriphClockLPModeCmd
 .text.RCC_ITConfig
                0x0000000008000db8       0x1c build/CORTEX_M4F_STM32F4/Libraries/STM32F4xx_StdPeriph_Driver/src/stm32f4xx_rcc.o
                0x0000000008000db8                RCC_ITConfig
 .text.RCC_GetFlagStatus
                0x0000000008000dd4       0x3c build/CORTEX_M4F_STM32F4/Libraries/STM32F4xx_StdPeriph_Driver/src/stm32f4xx_rcc.o
                0x0000000008000dd4                RCC_GetFlagStatus
 .text.RCC_ClearFlag
                0x0000000008000e10       0x14 build/CORTEX_M4F_STM32F4/Libraries/STM32F4xx_StdPeriph_Driver/src/stm32f4xx_rcc.o
                0x0000000008000e10                RCC_ClearFlag
 .text.RCC_GetITStatus
                0x0000000008000e24       0x14 build/CORTEX_M4F_STM32F4/Libraries/STM32F4xx_StdPeriph_Driver/src/stm32f4xx_rcc.o
                0x0000000008000e24                RCC_GetITStatus
 .text.RCC_ClearITPendingBit
                0x0000000008000e38        0xc build/CORTEX_M4F_STM32F4/Libraries/STM32F4xx_StdPeriph_Driver/src/stm32f4xx_rcc.o
                0x0000000008000e38                RCC_ClearITPendingBit
 .text.USART_DeInit
                0x0000000008000e44      0x11c build/CORTEX_M4F_STM32F4/Libraries/STM32F4xx_StdPeriph_Driver/src/stm32f4xx_usart.o
                0x0000000008000e44                USART_DeInit
 .text.USART_Init
                0x0000000008000f60       0xc8 build/CORTEX_M4F_STM32F4/Libraries/STM32F4xx_StdPeriph_Driver/src/stm32f4xx_usart.o
                0x0000000008000f60                USART_Init
 .text.USART_StructInit
                0x0000000008001028       0x18 build/CORTEX_M4F_STM32F4/Libraries/STM32F4xx_StdPeriph_Driver/src/stm32f4xx_usart.o
                0x0000000008001028                USART_StructInit
 .text.USART_ClockInit
                0x0000000008001040       0x24 build/CORTEX_M4F_STM32F4/Libraries/STM32F4xx_StdPeriph_Driver/src/stm32f4xx_usart.o
                0x0000000008001040                USART_ClockInit
 .text.USART_ClockStructInit
                0x0000000008001064        0xc build/CORTEX_M4F_STM32F4/Libraries/STM32F4xx_StdPeriph_Driver/src/stm32f4xx_usart.o
                0x0000000008001064                USART_ClockStructInit
 .text.USART_Cmd
                0x0000000008001070       0x1c build/CORTEX_M4F_STM32F4/Libraries/STM32F4xx_StdPeriph_Driver/src/stm32f4xx_usart.o
                0x0000000008001070                USART_Cmd
 .text.USART_SetPrescaler
                0x000000000800108c       0x14 build/CORTEX_M4F_STM32F4/Libraries/STM32F4xx_StdPeriph_Driver/src/stm32f4xx_usart.o
                0x000000000800108c                USART_SetPrescaler
 .text.USART_OverSampling8Cmd
                0x00000000080010a0       0x1c build/CORTEX_M4F_STM32F4/Libraries/STM32F4xx_StdPeriph_Driver/src/stm32f4xx_usart.o
                0x00000000080010a0                USART_OverSampling8Cmd
 .text.USART_OneBitMethodCmd
                0x00000000080010bc       0x1c build/CORTEX_M4F_STM32F4/Libraries/STM32F4xx_StdPeriph_Driver/src/stm32f4xx_usart.o
                0x00000000080010bc                USART_OneBitMethodCmd
 .text.USART_SendData
                0x00000000080010d8        0x8 build/CORTEX_M4F_STM32F4/Libraries/STM32F4xx_StdPeriph_Driver/src/stm32f4xx_usart.o
                0x00000000080010d8                USART_SendData
 .text.USART_ReceiveData
                0x00000000080010e0        0x8 build/CORTEX_M4F_STM32F4/Libraries/STM32F4xx_StdPeriph_Driver/src/stm32f4xx_usart.o
                0x00000000080010e0                USART_ReceiveData
 .text.USART_SetAddress
                0x00000000080010e8       0x18 build/CORTEX_M4F_STM32F4/Libraries/STM32F4xx_StdPeriph_Driver/src/stm32f4xx_usart.o
                0x00000000080010e8                USART_SetAddress
 .text.USART_ReceiverWakeUpCmd
                0x0000000008001100       0x1c build/CORTEX_M4F_STM32F4/Libraries/STM32F4xx_StdPeriph_Driver/src/stm32f4xx_usart.o
                0x0000000008001100                USART_ReceiverWakeUpCmd
 .text.USART_WakeUpConfig
                0x000000000800111c       0x18 build/CORTEX_M4F_STM32F4/Libraries/STM32F4xx_StdPeriph_Driver/src/stm32f4xx_usart.o
                0x000000000800111c                USART_WakeUpConfig
 .text.USART_LINBreakDetectLengthConfig
                0x0000000008001134       0x18 build/CORTEX_M4F_STM32F4/Libraries/STM32F4xx_StdPeriph_Driver/src/stm32f4xx_usart.o
                0x0000000008001134                USART_LINBreakDetectLengthConfig
 .text.USART_LINCmd
                0x000000000800114c       0x1c build/CORTEX_M4F_STM32F4/Libraries/STM32F4xx_StdPeriph_Driver/src/stm32f4xx_usart.o
                0x000000000800114c                USART_LINCmd
 .text.USART_SendBreak
                0x0000000008001168        0xc build/CORTEX_M4F_STM32F4/Libraries/STM32F4xx_StdPeriph_Driver/src/stm32f4xx_usart.o
                0x0000000008001168                USART_SendBreak
 .text.USART_HalfDuplexCmd
                0x0000000008001174       0x1c build/CORTEX_M4F_STM32F4/Libraries/STM32F4xx_StdPeriph_Driver/src/stm32f4xx_usart.o
                0x0000000008001174                USART_HalfDuplexCmd
 .text.USART_SetGuardTime
                0x0000000008001190       0x14 build/CORTEX_M4F_STM32F4/Libraries/STM32F4xx_StdPeriph_Driver/src/stm32f4xx_usart.o
                0x0000000008001190                USART_SetGuardTime
 .text.USART_SmartCardCmd
                0x00000000080011a4       0x1c build/CORTEX_M4F_STM32F4/Libraries/STM32F4xx_StdPeriph_Driver/src/stm32f4xx_usart.o
                0x00000000080011a4                USART_SmartCardCmd
 .text.USART_SmartCardNACKCmd
                0x00000000080011c0       0x1c build/CORTEX_M4F_STM32F4/Libraries/STM32F4xx_StdPeriph_Driver/src/stm32f4xx_usart.o
                0x00000000080011c0                USART_SmartCardNACKCmd
 .text.USART_IrDAConfig
                0x00000000080011dc       0x18 build/CORTEX_M4F_STM32F4/Libraries/STM32F4xx_StdPeriph_Driver/src/stm32f4xx_usart.o
                0x00000000080011dc                USART_IrDAConfig
 .text.USART_IrDACmd
                0x00000000080011f4       0x1c build/CORTEX_M4F_STM32F4/Libraries/STM32F4xx_StdPeriph_Driver/src/stm32f4xx_usart.o
                0x00000000080011f4                USART_IrDACmd
 .text.USART_DMACmd
                0x0000000008001210       0x14 build/CORTEX_M4F_STM32F4/Libraries/STM32F4xx_StdPeriph_Driver/src/stm32f4xx_usart.o
                0x0000000008001210                USART_DMACmd
 .text.USART_ITConfig
                0x0000000008001224       0x3c build/CORTEX_M4F_STM32F4/Libraries/STM32F4xx_StdPeriph_Driver/src/stm32f4xx_usart.o
                0x0000000008001224                USART_ITConfig
 .text.USART_GetFlagStatus
                0x0000000008001260        0xc build/CORTEX_M4F_STM32F4/Libraries/STM32F4xx_StdPeriph_Driver/src/stm32f4xx_usart.o
                0x0000000008001260                USART_GetFlagStatus
 .text.USART_ClearFlag
                0x000000000800126c        0x8 build/CORTEX_M4F_STM32F4/Libraries/STM32F4xx_StdPeriph_Driver/src/stm32f4xx_usart.o
                0x000000000800126c                USART_ClearFlag
 .text.USART_GetITStatus
                0x0000000008001274       0x4c build/CORTEX_M4F_STM32F4/Libraries/STM32F4xx_StdPeriph_Driver/src/stm32f4xx_usart.o
                0x0000000008001274                USART_GetITStatus
 .text.USART_ClearITPendingBit
                0x00000000080012c0       0x10 build/CORTEX_M4F_STM32F4/Libraries/STM32F4xx_StdPeriph_Driver/src/stm32f4xx_usart.o
                0x00000000080012c0                USART_ClearITPendingBit
 .text.SYSCFG_DeInit
                0x00000000080012d0       0x1c build/CORTEX_M4F_STM32F4/Libraries/STM32F4xx_StdPeriph_Driver/src/stm32f4xx_syscfg.o
                0x00000000080012d0                SYSCFG_DeInit
 .text.SYSCFG_MemoryRemapConfig
                0x00000000080012ec        0xc build/CORTEX_M4F_STM32F4/Libraries/STM32F4xx_StdPeriph_Driver/src/stm32f4xx_syscfg.o
                0x00000000080012ec                SYSCFG_MemoryRemapConfig
 .text.SYSCFG_MemorySwappingBank
                0x00000000080012f8        0xc build/CORTEX_M4F_STM32F4/Libraries/STM32F4xx_StdPeriph_Driver/src/stm32f4xx_syscfg.o
                0x00000000080012f8                SYSCFG_MemorySwappingBank
 .text.SYSCFG_EXTILineConfig
                0x0000000008001304       0x30 build/CORTEX_M4F_STM32F4/Libraries/STM32F4xx_StdPeriph_Driver/src/stm32f4xx_syscfg.o
                0x0000000008001304                SYSCFG_EXTILineConfig
 .text.SYSCFG_ETH_MediaInterfaceConfig
                0x0000000008001334        0xc build/CORTEX_M4F_STM32F4/Libraries/STM32F4xx_StdPeriph_Driver/src/stm32f4xx_syscfg.o
                0x0000000008001334                SYSCFG_ETH_MediaInterfaceConfig
 .text.SYSCFG_CompensationCellCmd
                0x0000000008001340        0xc build/CORTEX_M4F_STM32F4/Libraries/STM32F4xx_StdPeriph_Driver/src/stm32f4xx_syscfg.o
                0x0000000008001340                SYSCFG_CompensationCellCmd
 .text.SYSCFG_GetCompensationCellStatus
                0x000000000800134c       0x10 build/CORTEX_M4F_STM32F4/Libraries/STM32F4xx_StdPeriph_Driver/src/stm32f4xx_syscfg.o
                0x000000000800134c                SYSCFG_GetCompensationCellStatus
 .text.I2C_DeInit
                0x000000000800135c       0x70 build/CORTEX_M4F_STM32F4/Libraries/STM32F4xx_StdPeriph_Driver/src/stm32f4xx_i2c.o
                0x000000000800135c                I2C_DeInit
 .text.I2C_Init
                0x00000000080013cc       0xe8 build/CORTEX_M4F_STM32F4/Libraries/STM32F4xx_StdPeriph_Driver/src/stm32f4xx_i2c.o
                0x00000000080013cc                I2C_Init
 .text.I2C_StructInit
                0x00000000080014b4       0x24 build/CORTEX_M4F_STM32F4/Libraries/STM32F4xx_StdPeriph_Driver/src/stm32f4xx_i2c.o
                0x00000000080014b4                I2C_StructInit
 .text.I2C_Cmd  0x00000000080014d8       0x1c build/CORTEX_M4F_STM32F4/Libraries/STM32F4xx_StdPeriph_Driver/src/stm32f4xx_i2c.o
                0x00000000080014d8                I2C_Cmd
 .text.I2C_AnalogFilterCmd
                0x00000000080014f4       0x1c build/CORTEX_M4F_STM32F4/Libraries/STM32F4xx_StdPeriph_Driver/src/stm32f4xx_i2c.o
                0x00000000080014f4                I2C_AnalogFilterCmd
 .text.I2C_DigitalFilterConfig
                0x0000000008001510       0x14 build/CORTEX_M4F_STM32F4/Libraries/STM32F4xx_StdPeriph_Driver/src/stm32f4xx_i2c.o
                0x0000000008001510                I2C_DigitalFilterConfig
 .text.I2C_GenerateSTART
                0x0000000008001524       0x1c build/CORTEX_M4F_STM32F4/Libraries/STM32F4xx_StdPeriph_Driver/src/stm32f4xx_i2c.o
                0x0000000008001524                I2C_GenerateSTART
 .text.I2C_GenerateSTOP
                0x0000000008001540       0x1c build/CORTEX_M4F_STM32F4/Libraries/STM32F4xx_StdPeriph_Driver/src/stm32f4xx_i2c.o
                0x0000000008001540                I2C_GenerateSTOP
 .text.I2C_Send7bitAddress
                0x000000000800155c       0x14 build/CORTEX_M4F_STM32F4/Libraries/STM32F4xx_StdPeriph_Driver/src/stm32f4xx_i2c.o
                0x000000000800155c                I2C_Send7bitAddress
 .text.I2C_AcknowledgeConfig
                0x0000000008001570       0x1c build/CORTEX_M4F_STM32F4/Libraries/STM32F4xx_StdPeriph_Driver/src/stm32f4xx_i2c.o
                0x0000000008001570                I2C_AcknowledgeConfig
 .text.I2C_OwnAddress2Config
                0x000000000800158c       0x14 build/CORTEX_M4F_STM32F4/Libraries/STM32F4xx_StdPeriph_Driver/src/stm32f4xx_i2c.o
                0x000000000800158c                I2C_OwnAddress2Config
 .text.I2C_DualAddressCmd
                0x00000000080015a0       0x1c build/CORTEX_M4F_STM32F4/Libraries/STM32F4xx_StdPeriph_Driver/src/stm32f4xx_i2c.o
                0x00000000080015a0                I2C_DualAddressCmd
 .text.I2C_GeneralCallCmd
                0x00000000080015bc       0x1c build/CORTEX_M4F_STM32F4/Libraries/STM32F4xx_StdPeriph_Driver/src/stm32f4xx_i2c.o
                0x00000000080015bc                I2C_GeneralCallCmd
 .text.I2C_SoftwareResetCmd
                0x00000000080015d8       0x1c build/CORTEX_M4F_STM32F4/Libraries/STM32F4xx_StdPeriph_Driver/src/stm32f4xx_i2c.o
                0x00000000080015d8                I2C_SoftwareResetCmd
 .text.I2C_StretchClockCmd
                0x00000000080015f4       0x1c build/CORTEX_M4F_STM32F4/Libraries/STM32F4xx_StdPeriph_Driver/src/stm32f4xx_i2c.o
                0x00000000080015f4                I2C_StretchClockCmd
 .text.I2C_FastModeDutyCycleConfig
                0x0000000008001610       0x1c build/CORTEX_M4F_STM32F4/Libraries/STM32F4xx_StdPeriph_Driver/src/stm32f4xx_i2c.o
                0x0000000008001610                I2C_FastModeDutyCycleConfig
 .text.I2C_NACKPositionConfig
                0x000000000800162c       0x1c build/CORTEX_M4F_STM32F4/Libraries/STM32F4xx_StdPeriph_Driver/src/stm32f4xx_i2c.o
                0x000000000800162c                I2C_NACKPositionConfig
 .text.I2C_SMBusAlertConfig
                0x0000000008001648       0x1c build/CORTEX_M4F_STM32F4/Libraries/STM32F4xx_StdPeriph_Driver/src/stm32f4xx_i2c.o
                0x0000000008001648                I2C_SMBusAlertConfig
 .text.I2C_ARPCmd
                0x0000000008001664       0x1c build/CORTEX_M4F_STM32F4/Libraries/STM32F4xx_StdPeriph_Driver/src/stm32f4xx_i2c.o
                0x0000000008001664                I2C_ARPCmd
 .text.I2C_SendData
                0x0000000008001680        0x4 build/CORTEX_M4F_STM32F4/Libraries/STM32F4xx_StdPeriph_Driver/src/stm32f4xx_i2c.o
                0x0000000008001680                I2C_SendData
 .text.I2C_ReceiveData
                0x0000000008001684        0x8 build/CORTEX_M4F_STM32F4/Libraries/STM32F4xx_StdPeriph_Driver/src/stm32f4xx_i2c.o
                0x0000000008001684                I2C_ReceiveData
 .text.I2C_TransmitPEC
                0x000000000800168c       0x1c build/CORTEX_M4F_STM32F4/Libraries/STM32F4xx_StdPeriph_Driver/src/stm32f4xx_i2c.o
                0x000000000800168c                I2C_TransmitPEC
 .text.I2C_PECPositionConfig
                0x00000000080016a8       0x1c build/CORTEX_M4F_STM32F4/Libraries/STM32F4xx_StdPeriph_Driver/src/stm32f4xx_i2c.o
                0x00000000080016a8                I2C_PECPositionConfig
 .text.I2C_CalculatePEC
                0x00000000080016c4       0x1c build/CORTEX_M4F_STM32F4/Libraries/STM32F4xx_StdPeriph_Driver/src/stm32f4xx_i2c.o
                0x00000000080016c4                I2C_CalculatePEC
 .text.I2C_GetPEC
                0x00000000080016e0        0x8 build/CORTEX_M4F_STM32F4/Libraries/STM32F4xx_StdPeriph_Driver/src/stm32f4xx_i2c.o
                0x00000000080016e0                I2C_GetPEC
 .text.I2C_DMACmd
                0x00000000080016e8       0x1c build/CORTEX_M4F_STM32F4/Libraries/STM32F4xx_StdPeriph_Driver/src/stm32f4xx_i2c.o
                0x00000000080016e8                I2C_DMACmd
 .text.I2C_DMALastTransferCmd
                0x0000000008001704       0x1c build/CORTEX_M4F_STM32F4/Libraries/STM32F4xx_StdPeriph_Driver/src/stm32f4xx_i2c.o
                0x0000000008001704                I2C_DMALastTransferCmd
 .text.I2C_ReadRegister
                0x0000000008001720       0x18 build/CORTEX_M4F_STM32F4/Libraries/STM32F4xx_StdPeriph_Driver/src/stm32f4xx_i2c.o
                0x0000000008001720                I2C_ReadRegister
 .text.I2C_ITConfig
                0x0000000008001738       0x14 build/CORTEX_M4F_STM32F4/Libraries/STM32F4xx_StdPeriph_Driver/src/stm32f4xx_i2c.o
                0x0000000008001738                I2C_ITConfig
 .text.I2C_CheckEvent
                0x000000000800174c       0x18 build/CORTEX_M4F_STM32F4/Libraries/STM32F4xx_StdPeriph_Driver/src/stm32f4xx_i2c.o
                0x000000000800174c                I2C_CheckEvent
 .text.I2C_GetLastEvent
                0x0000000008001764       0x10 build/CORTEX_M4F_STM32F4/Libraries/STM32F4xx_StdPeriph_Driver/src/stm32f4xx_i2c.o
                0x0000000008001764                I2C_GetLastEvent
 .text.I2C_GetFlagStatus
                0x0000000008001774       0x38 build/CORTEX_M4F_STM32F4/Libraries/STM32F4xx_StdPeriph_Driver/src/stm32f4xx_i2c.o
                0x0000000008001774                I2C_GetFlagStatus
 .text.I2C_ClearFlag
                0x00000000080017ac        0x8 build/CORTEX_M4F_STM32F4/Libraries/STM32F4xx_StdPeriph_Driver/src/stm32f4xx_i2c.o
                0x00000000080017ac                I2C_ClearFlag
 .text.I2C_GetITStatus
                0x00000000080017b4       0x1c build/CORTEX_M4F_STM32F4/Libraries/STM32F4xx_StdPeriph_Driver/src/stm32f4xx_i2c.o
                0x00000000080017b4                I2C_GetITStatus
 .text.I2C_ClearITPendingBit
                0x00000000080017d0        0x8 build/CORTEX_M4F_STM32F4/Libraries/STM32F4xx_StdPeriph_Driver/src/stm32f4xx_i2c.o
                0x00000000080017d0                I2C_ClearITPendingBit
 .text.DMA_DeInit
                0x00000000080017d8      0x1f8 build/CORTEX_M4F_STM32F4/Libraries/STM32F4xx_StdPeriph_Driver/src/stm32f4xx_dma.o
                0x00000000080017d8                DMA_DeInit
 .text.DMA_Init
                0x00000000080019d0       0x6c build/CORTEX_M4F_STM32F4/Libraries/STM32F4xx_StdPeriph_Driver/src/stm32f4xx_dma.o
                0x00000000080019d0                DMA_Init
 .text.DMA_StructInit
                0x0000000008001a3c       0x24 build/CORTEX_M4F_STM32F4/Libraries/STM32F4xx_StdPeriph_Driver/src/stm32f4xx_dma.o
                0x0000000008001a3c                DMA_StructInit
 .text.DMA_Cmd  0x0000000008001a60       0x14 build/CORTEX_M4F_STM32F4/Libraries/STM32F4xx_StdPeriph_Driver/src/stm32f4xx_dma.o
                0x0000000008001a60                DMA_Cmd
 .text.DMA_PeriphIncOffsetSizeConfig
                0x0000000008001a74       0x14 build/CORTEX_M4F_STM32F4/Libraries/STM32F4xx_StdPeriph_Driver/src/stm32f4xx_dma.o
                0x0000000008001a74                DMA_PeriphIncOffsetSizeConfig
 .text.DMA_FlowControllerConfig
                0x0000000008001a88       0x14 build/CORTEX_M4F_STM32F4/Libraries/STM32F4xx_StdPeriph_Driver/src/stm32f4xx_dma.o
                0x0000000008001a88                DMA_FlowControllerConfig
 .text.DMA_SetCurrDataCounter
                0x0000000008001a9c        0x4 build/CORTEX_M4F_STM32F4/Libraries/STM32F4xx_StdPeriph_Driver/src/stm32f4xx_dma.o
                0x0000000008001a9c                DMA_SetCurrDataCounter
 .text.DMA_GetCurrDataCounter
                0x0000000008001aa0        0x8 build/CORTEX_M4F_STM32F4/Libraries/STM32F4xx_StdPeriph_Driver/src/stm32f4xx_dma.o
                0x0000000008001aa0                DMA_GetCurrDataCounter
 .text.DMA_DoubleBufferModeConfig
                0x0000000008001aa8       0x18 build/CORTEX_M4F_STM32F4/Libraries/STM32F4xx_StdPeriph_Driver/src/stm32f4xx_dma.o
                0x0000000008001aa8                DMA_DoubleBufferModeConfig
 .text.DMA_DoubleBufferModeCmd
                0x0000000008001ac0       0x14 build/CORTEX_M4F_STM32F4/Libraries/STM32F4xx_StdPeriph_Driver/src/stm32f4xx_dma.o
                0x0000000008001ac0                DMA_DoubleBufferModeCmd
 .text.DMA_MemoryTargetConfig
                0x0000000008001ad4        0xc build/CORTEX_M4F_STM32F4/Libraries/STM32F4xx_StdPeriph_Driver/src/stm32f4xx_dma.o
                0x0000000008001ad4                DMA_MemoryTargetConfig
 .text.DMA_GetCurrentMemoryTarget
                0x0000000008001ae0        0x8 build/CORTEX_M4F_STM32F4/Libraries/STM32F4xx_StdPeriph_Driver/src/stm32f4xx_dma.o
                0x0000000008001ae0                DMA_GetCurrentMemoryTarget
 .text.DMA_GetCmdStatus
                0x0000000008001ae8        0x8 build/CORTEX_M4F_STM32F4/Libraries/STM32F4xx_StdPeriph_Driver/src/stm32f4xx_dma.o
                0x0000000008001ae8                DMA_GetCmdStatus
 .text.DMA_GetFIFOStatus
                0x0000000008001af0        0x8 build/CORTEX_M4F_STM32F4/Libraries/STM32F4xx_StdPeriph_Driver/src/stm32f4xx_dma.o
                0x0000000008001af0                DMA_GetFIFOStatus
 .text.DMA_GetFlagStatus
                0x0000000008001af8       0x40 build/CORTEX_M4F_STM32F4/Libraries/STM32F4xx_StdPeriph_Driver/src/stm32f4xx_dma.o
                0x0000000008001af8                DMA_GetFlagStatus
 .text.DMA_ClearFlag
                0x0000000008001b38       0x3c build/CORTEX_M4F_STM32F4/Libraries/STM32F4xx_StdPeriph_Driver/src/stm32f4xx_dma.o
                0x0000000008001b38                DMA_ClearFlag
 .text.DMA_ITConfig
                0x0000000008001b74       0x40 build/CORTEX_M4F_STM32F4/Libraries/STM32F4xx_StdPeriph_Driver/src/stm32f4xx_dma.o
                0x0000000008001b74                DMA_ITConfig
 .text.DMA_GetITStatus
                0x0000000008001bb4       0x58 build/CORTEX_M4F_STM32F4/Libraries/STM32F4xx_StdPeriph_Driver/src/stm32f4xx_dma.o
                0x0000000008001bb4                DMA_GetITStatus
 .text.DMA_ClearITPendingBit
                0x0000000008001c0c       0x3c build/CORTEX_M4F_STM32F4/Libraries/STM32F4xx_StdPeriph_Driver/src/stm32f4xx_dma.o
                0x0000000008001c0c                DMA_ClearITPendingBit
 .text.SPI_I2S_DeInit
                0x0000000008001c48       0xdc build/CORTEX_M4F_STM32F4/Libraries/STM32F4xx_StdPeriph_Driver/src/stm32f4xx_spi.o
                0x0000000008001c48                SPI_I2S_DeInit
 .text.SPI_Init
                0x0000000008001d24       0x54 build/CORTEX_M4F_STM32F4/Libraries/STM32F4xx_StdPeriph_Driver/src/stm32f4xx_spi.o
                0x0000000008001d24                SPI_Init
 .text.I2S_Init
                0x0000000008001d78       0xf0 build/CORTEX_M4F_STM32F4/Libraries/STM32F4xx_StdPeriph_Driver/src/stm32f4xx_spi.o
                0x0000000008001d78                I2S_Init
 .text.SPI_StructInit
                0x0000000008001e68       0x18 build/CORTEX_M4F_STM32F4/Libraries/STM32F4xx_StdPeriph_Driver/src/stm32f4xx_spi.o
                0x0000000008001e68                SPI_StructInit
 .text.I2S_StructInit
                0x0000000008001e80       0x10 build/CORTEX_M4F_STM32F4/Libraries/STM32F4xx_StdPeriph_Driver/src/stm32f4xx_spi.o
                0x0000000008001e80                I2S_StructInit
 .text.SPI_Cmd  0x0000000008001e90       0x1c build/CORTEX_M4F_STM32F4/Libraries/STM32F4xx_StdPeriph_Driver/src/stm32f4xx_spi.o
                0x0000000008001e90                SPI_Cmd
 .text.I2S_Cmd  0x0000000008001eac       0x1c build/CORTEX_M4F_STM32F4/Libraries/STM32F4xx_StdPeriph_Driver/src/stm32f4xx_spi.o
                0x0000000008001eac                I2S_Cmd
 .text.SPI_DataSizeConfig
                0x0000000008001ec8       0x18 build/CORTEX_M4F_STM32F4/Libraries/STM32F4xx_StdPeriph_Driver/src/stm32f4xx_spi.o
                0x0000000008001ec8                SPI_DataSizeConfig
 .text.SPI_BiDirectionalLineConfig
                0x0000000008001ee0       0x1c build/CORTEX_M4F_STM32F4/Libraries/STM32F4xx_StdPeriph_Driver/src/stm32f4xx_spi.o
                0x0000000008001ee0                SPI_BiDirectionalLineConfig
 .text.SPI_NSSInternalSoftwareConfig
                0x0000000008001efc       0x20 build/CORTEX_M4F_STM32F4/Libraries/STM32F4xx_StdPeriph_Driver/src/stm32f4xx_spi.o
                0x0000000008001efc                SPI_NSSInternalSoftwareConfig
 .text.SPI_SSOutputCmd
                0x0000000008001f1c       0x1c build/CORTEX_M4F_STM32F4/Libraries/STM32F4xx_StdPeriph_Driver/src/stm32f4xx_spi.o
                0x0000000008001f1c                SPI_SSOutputCmd
 .text.SPI_TIModeCmd
                0x0000000008001f38       0x1c build/CORTEX_M4F_STM32F4/Libraries/STM32F4xx_StdPeriph_Driver/src/stm32f4xx_spi.o
                0x0000000008001f38                SPI_TIModeCmd
 .text.I2S_FullDuplexConfig
                0x0000000008001f54       0x48 build/CORTEX_M4F_STM32F4/Libraries/STM32F4xx_StdPeriph_Driver/src/stm32f4xx_spi.o
                0x0000000008001f54                I2S_FullDuplexConfig
 .text.SPI_I2S_ReceiveData
                0x0000000008001f9c        0x8 build/CORTEX_M4F_STM32F4/Libraries/STM32F4xx_StdPeriph_Driver/src/stm32f4xx_spi.o
                0x0000000008001f9c                SPI_I2S_ReceiveData
 .text.SPI_I2S_SendData
                0x0000000008001fa4        0x4 build/CORTEX_M4F_STM32F4/Libraries/STM32F4xx_StdPeriph_Driver/src/stm32f4xx_spi.o
                0x0000000008001fa4                SPI_I2S_SendData
 .text.SPI_CalculateCRC
                0x0000000008001fa8       0x1c build/CORTEX_M4F_STM32F4/Libraries/STM32F4xx_StdPeriph_Driver/src/stm32f4xx_spi.o
                0x0000000008001fa8                SPI_CalculateCRC
 .text.SPI_TransmitCRC
                0x0000000008001fc4        0xc build/CORTEX_M4F_STM32F4/Libraries/STM32F4xx_StdPeriph_Driver/src/stm32f4xx_spi.o
                0x0000000008001fc4                SPI_TransmitCRC
 .text.SPI_GetCRC
                0x0000000008001fd0        0xc build/CORTEX_M4F_STM32F4/Libraries/STM32F4xx_StdPeriph_Driver/src/stm32f4xx_spi.o
                0x0000000008001fd0                SPI_GetCRC
 .text.SPI_GetCRCPolynomial
                0x0000000008001fdc        0x8 build/CORTEX_M4F_STM32F4/Libraries/STM32F4xx_StdPeriph_Driver/src/stm32f4xx_spi.o
                0x0000000008001fdc                SPI_GetCRCPolynomial
 .text.SPI_I2S_DMACmd
                0x0000000008001fe4       0x14 build/CORTEX_M4F_STM32F4/Libraries/STM32F4xx_StdPeriph_Driver/src/stm32f4xx_spi.o
                0x0000000008001fe4                SPI_I2S_DMACmd
 .text.SPI_I2S_ITConfig
                0x0000000008001ff8       0x20 build/CORTEX_M4F_STM32F4/Libraries/STM32F4xx_StdPeriph_Driver/src/stm32f4xx_spi.o
                0x0000000008001ff8                SPI_I2S_ITConfig
 .text.SPI_I2S_GetFlagStatus
                0x0000000008002018        0xc build/CORTEX_M4F_STM32F4/Libraries/STM32F4xx_StdPeriph_Driver/src/stm32f4xx_spi.o
                0x0000000008002018                SPI_I2S_GetFlagStatus
 .text.SPI_I2S_ClearFlag
                0x0000000008002024        0x8 build/CORTEX_M4F_STM32F4/Libraries/STM32F4xx_StdPeriph_Driver/src/stm32f4xx_spi.o
                0x0000000008002024                SPI_I2S_ClearFlag
 .text.SPI_I2S_GetITStatus
                0x000000000800202c       0x2c build/CORTEX_M4F_STM32F4/Libraries/STM32F4xx_StdPeriph_Driver/src/stm32f4xx_spi.o
                0x000000000800202c                SPI_I2S_GetITStatus
 .text.SPI_I2S_ClearITPendingBit
                0x0000000008002058       0x14 build/CORTEX_M4F_STM32F4/Libraries/STM32F4xx_StdPeriph_Driver/src/stm32f4xx_spi.o
                0x0000000008002058                SPI_I2S_ClearITPendingBit
 .text.EXTI_DeInit
                0x000000000800206c       0x20 build/CORTEX_M4F_STM32F4/Libraries/STM32F4xx_StdPeriph_Driver/src/stm32f4xx_exti.o
                0x000000000800206c                EXTI_DeInit
 .text.EXTI_Init
                0x000000000800208c       0x80 build/CORTEX_M4F_STM32F4/Libraries/STM32F4xx_StdPeriph_Driver/src/stm32f4xx_exti.o
                0x000000000800208c                EXTI_Init
 .text.EXTI_StructInit
                0x000000000800210c       0x10 build/CORTEX_M4F_STM32F4/Libraries/STM32F4xx_StdPeriph_Driver/src/stm32f4xx_exti.o
                0x000000000800210c                EXTI_StructInit
 .text.EXTI_GenerateSWInterrupt
                0x000000000800211c       0x10 build/CORTEX_M4F_STM32F4/Libraries/STM32F4xx_StdPeriph_Driver/src/stm32f4xx_exti.o
                0x000000000800211c                EXTI_GenerateSWInterrupt
 .text.EXTI_GetFlagStatus
                0x000000000800212c       0x14 build/CORTEX_M4F_STM32F4/Libraries/STM32F4xx_StdPeriph_Driver/src/stm32f4xx_exti.o
                0x000000000800212c                EXTI_GetFlagStatus
 .text.EXTI_ClearFlag
                0x0000000008002140        0xc build/CORTEX_M4F_STM32F4/Libraries/STM32F4xx_StdPeriph_Driver/src/stm32f4xx_exti.o
                0x0000000008002140                EXTI_ClearFlag
 .text.EXTI_GetITStatus
                0x000000000800214c       0x14 build/CORTEX_M4F_STM32F4/Libraries/STM32F4xx_StdPeriph_Driver/src/stm32f4xx_exti.o
                0x000000000800214c                EXTI_GetITStatus
 .text.EXTI_ClearITPendingBit
                0x0000000008002160        0xc build/CORTEX_M4F_STM32F4/Libraries/STM32F4xx_StdPeriph_Driver/src/stm32f4xx_exti.o
                0x0000000008002160                EXTI_ClearITPendingBit
 .text.DMA2D_DeInit
                0x000000000800216c       0x1c build/CORTEX_M4F_STM32F4/Libraries/STM32F4xx_StdPeriph_Driver/src/stm32f4xx_dma2d.o
                0x000000000800216c                DMA2D_DeInit
 .text.DMA2D_Init
                0x0000000008002188       0xb8 build/CORTEX_M4F_STM32F4/Libraries/STM32F4xx_StdPeriph_Driver/src/stm32f4xx_dma2d.o
                0x0000000008002188                DMA2D_Init
 .text.DMA2D_StructInit
                0x0000000008002240       0x18 build/CORTEX_M4F_STM32F4/Libraries/STM32F4xx_StdPeriph_Driver/src/stm32f4xx_dma2d.o
                0x0000000008002240                DMA2D_StructInit
 .text.DMA2D_StartTransfer
                0x0000000008002258       0x14 build/CORTEX_M4F_STM32F4/Libraries/STM32F4xx_StdPeriph_Driver/src/stm32f4xx_dma2d.o
                0x0000000008002258                DMA2D_StartTransfer
 .text.DMA2D_AbortTransfer
                0x000000000800226c       0x14 build/CORTEX_M4F_STM32F4/Libraries/STM32F4xx_StdPeriph_Driver/src/stm32f4xx_dma2d.o
                0x000000000800226c                DMA2D_AbortTransfer
 .text.DMA2D_Suspend
                0x0000000008002280       0x1c build/CORTEX_M4F_STM32F4/Libraries/STM32F4xx_StdPeriph_Driver/src/stm32f4xx_dma2d.o
                0x0000000008002280                DMA2D_Suspend
 .text.DMA2D_FGConfig
                0x000000000800229c       0x74 build/CORTEX_M4F_STM32F4/Libraries/STM32F4xx_StdPeriph_Driver/src/stm32f4xx_dma2d.o
                0x000000000800229c                DMA2D_FGConfig
 .text.DMA2D_FG_StructInit
                0x0000000008002310       0x1c build/CORTEX_M4F_STM32F4/Libraries/STM32F4xx_StdPeriph_Driver/src/stm32f4xx_dma2d.o
                0x0000000008002310                DMA2D_FG_StructInit
 .text.DMA2D_BGConfig
                0x000000000800232c       0x74 build/CORTEX_M4F_STM32F4/Libraries/STM32F4xx_StdPeriph_Driver/src/stm32f4xx_dma2d.o
                0x000000000800232c                DMA2D_BGConfig
 .text.DMA2D_BG_StructInit
                0x00000000080023a0       0x1c build/CORTEX_M4F_STM32F4/Libraries/STM32F4xx_StdPeriph_Driver/src/stm32f4xx_dma2d.o
                0x00000000080023a0                DMA2D_BG_StructInit
 .text.DMA2D_FGStart
                0x00000000080023bc       0x1c build/CORTEX_M4F_STM32F4/Libraries/STM32F4xx_StdPeriph_Driver/src/stm32f4xx_dma2d.o
                0x00000000080023bc                DMA2D_FGStart
 .text.DMA2D_BGStart
                0x00000000080023d8       0x1c build/CORTEX_M4F_STM32F4/Libraries/STM32F4xx_StdPeriph_Driver/src/stm32f4xx_dma2d.o
                0x00000000080023d8                DMA2D_BGStart
 .text.DMA2D_DeadTimeConfig
                0x00000000080023f4       0x2c build/CORTEX_M4F_STM32F4/Libraries/STM32F4xx_StdPeriph_Driver/src/stm32f4xx_dma2d.o
                0x00000000080023f4                DMA2D_DeadTimeConfig
 .text.DMA2D_LineWatermarkConfig
                0x0000000008002420        0xc build/CORTEX_M4F_STM32F4/Libraries/STM32F4xx_StdPeriph_Driver/src/stm32f4xx_dma2d.o
                0x0000000008002420                DMA2D_LineWatermarkConfig
 .text.DMA2D_ITConfig
                0x000000000800242c       0x1c build/CORTEX_M4F_STM32F4/Libraries/STM32F4xx_StdPeriph_Driver/src/stm32f4xx_dma2d.o
                0x000000000800242c                DMA2D_ITConfig
 .text.DMA2D_GetFlagStatus
                0x0000000008002448       0x14 build/CORTEX_M4F_STM32F4/Libraries/STM32F4xx_StdPeriph_Driver/src/stm32f4xx_dma2d.o
                0x0000000008002448                DMA2D_GetFlagStatus
 .text.DMA2D_ClearFlag
                0x000000000800245c        0xc build/CORTEX_M4F_STM32F4/Libraries/STM32F4xx_StdPeriph_Driver/src/stm32f4xx_dma2d.o
                0x000000000800245c                DMA2D_ClearFlag
 .text.DMA2D_GetITStatus
                0x0000000008002468       0x20 build/CORTEX_M4F_STM32F4/Libraries/STM32F4xx_StdPeriph_Driver/src/stm32f4xx_dma2d.o
                0x0000000008002468                DMA2D_GetITStatus
 .text.DMA2D_ClearITPendingBit
                0x0000000008002488       0x10 build/CORTEX_M4F_STM32F4/Libraries/STM32F4xx_StdPeriph_Driver/src/stm32f4xx_dma2d.o
                0x0000000008002488                DMA2D_ClearITPendingBit
 .text.LTDC_DeInit
                0x0000000008002498       0x1c build/CORTEX_M4F_STM32F4/Libraries/STM32F4xx_StdPeriph_Driver/src/stm32f4xx_ltdc.o
                0x0000000008002498                LTDC_DeInit
 .text.LTDC_Init
                0x00000000080024b4       0xa4 build/CORTEX_M4F_STM32F4/Libraries/STM32F4xx_StdPeriph_Driver/src/stm32f4xx_ltdc.o
                0x00000000080024b4                LTDC_Init
 .text.LTDC_StructInit
                0x0000000008002558       0x24 build/CORTEX_M4F_STM32F4/Libraries/STM32F4xx_StdPeriph_Driver/src/stm32f4xx_ltdc.o
                0x0000000008002558                LTDC_StructInit
 .text.LTDC_Cmd
                0x000000000800257c       0x1c build/CORTEX_M4F_STM32F4/Libraries/STM32F4xx_StdPeriph_Driver/src/stm32f4xx_ltdc.o
                0x000000000800257c                LTDC_Cmd
 .text.LTDC_DitherCmd
                0x0000000008002598       0x1c build/CORTEX_M4F_STM32F4/Libraries/STM32F4xx_StdPeriph_Driver/src/stm32f4xx_ltdc.o
                0x0000000008002598                LTDC_DitherCmd
 .text.LTDC_GetRGBWidth
                0x00000000080025b4       0x38 build/CORTEX_M4F_STM32F4/Libraries/STM32F4xx_StdPeriph_Driver/src/stm32f4xx_ltdc.o
                0x00000000080025b4                LTDC_GetRGBWidth
 .text.LTDC_RGBStructInit
                0x00000000080025ec        0xc build/CORTEX_M4F_STM32F4/Libraries/STM32F4xx_StdPeriph_Driver/src/stm32f4xx_ltdc.o
                0x00000000080025ec                LTDC_RGBStructInit
 .text.LTDC_LIPConfig
                0x00000000080025f8        0xc build/CORTEX_M4F_STM32F4/Libraries/STM32F4xx_StdPeriph_Driver/src/stm32f4xx_ltdc.o
                0x00000000080025f8                LTDC_LIPConfig
 .text.LTDC_ReloadConfig
                0x0000000008002604        0xc build/CORTEX_M4F_STM32F4/Libraries/STM32F4xx_StdPeriph_Driver/src/stm32f4xx_ltdc.o
                0x0000000008002604                LTDC_ReloadConfig
 .text.LTDC_LayerInit
                0x0000000008002610       0xbc build/CORTEX_M4F_STM32F4/Libraries/STM32F4xx_StdPeriph_Driver/src/stm32f4xx_ltdc.o
                0x0000000008002610                LTDC_LayerInit
 .text.LTDC_LayerStructInit
                0x00000000080026cc       0x34 build/CORTEX_M4F_STM32F4/Libraries/STM32F4xx_StdPeriph_Driver/src/stm32f4xx_ltdc.o
                0x00000000080026cc                LTDC_LayerStructInit
 .text.LTDC_LayerCmd
                0x0000000008002700       0x14 build/CORTEX_M4F_STM32F4/Libraries/STM32F4xx_StdPeriph_Driver/src/stm32f4xx_ltdc.o
                0x0000000008002700                LTDC_LayerCmd
 .text.LTDC_GetPosStatus
                0x0000000008002714       0x1c build/CORTEX_M4F_STM32F4/Libraries/STM32F4xx_StdPeriph_Driver/src/stm32f4xx_ltdc.o
                0x0000000008002714                LTDC_GetPosStatus
 .text.LTDC_PosStructInit
                0x0000000008002730        0x8 build/CORTEX_M4F_STM32F4/Libraries/STM32F4xx_StdPeriph_Driver/src/stm32f4xx_ltdc.o
                0x0000000008002730                LTDC_PosStructInit
 .text.LTDC_GetCDStatus
                0x0000000008002738       0x14 build/CORTEX_M4F_STM32F4/Libraries/STM32F4xx_StdPeriph_Driver/src/stm32f4xx_ltdc.o
                0x0000000008002738                LTDC_GetCDStatus
 .text.LTDC_ColorKeyingConfig
                0x000000000800274c       0x44 build/CORTEX_M4F_STM32F4/Libraries/STM32F4xx_StdPeriph_Driver/src/stm32f4xx_ltdc.o
                0x000000000800274c                LTDC_ColorKeyingConfig
 .text.LTDC_ColorKeyingStructInit
                0x0000000008002790        0xc build/CORTEX_M4F_STM32F4/Libraries/STM32F4xx_StdPeriph_Driver/src/stm32f4xx_ltdc.o
                0x0000000008002790                LTDC_ColorKeyingStructInit
 .text.LTDC_CLUTCmd
                0x000000000800279c       0x20 build/CORTEX_M4F_STM32F4/Libraries/STM32F4xx_StdPeriph_Driver/src/stm32f4xx_ltdc.o
                0x000000000800279c                LTDC_CLUTCmd
 .text.LTDC_CLUTInit
                0x00000000080027bc       0x1c build/CORTEX_M4F_STM32F4/Libraries/STM32F4xx_StdPeriph_Driver/src/stm32f4xx_ltdc.o
                0x00000000080027bc                LTDC_CLUTInit
 .text.LTDC_CLUTStructInit
                0x00000000080027d8        0xc build/CORTEX_M4F_STM32F4/Libraries/STM32F4xx_StdPeriph_Driver/src/stm32f4xx_ltdc.o
                0x00000000080027d8                LTDC_CLUTStructInit
 .text.LTDC_LayerPosition
                0x00000000080027e4       0x74 build/CORTEX_M4F_STM32F4/Libraries/STM32F4xx_StdPeriph_Driver/src/stm32f4xx_ltdc.o
                0x00000000080027e4                LTDC_LayerPosition
 .text.LTDC_LayerAlpha
                0x0000000008002858        0x4 build/CORTEX_M4F_STM32F4/Libraries/STM32F4xx_StdPeriph_Driver/src/stm32f4xx_ltdc.o
                0x0000000008002858                LTDC_LayerAlpha
 .text.LTDC_LayerAddress
                0x000000000800285c        0x4 build/CORTEX_M4F_STM32F4/Libraries/STM32F4xx_StdPeriph_Driver/src/stm32f4xx_ltdc.o
                0x000000000800285c                LTDC_LayerAddress
 .text.LTDC_LayerSize
                0x0000000008002860       0x58 build/CORTEX_M4F_STM32F4/Libraries/STM32F4xx_StdPeriph_Driver/src/stm32f4xx_ltdc.o
                0x0000000008002860                LTDC_LayerSize
 .text.LTDC_LayerPixelFormat
                0x00000000080028b8       0x58 build/CORTEX_M4F_STM32F4/Libraries/STM32F4xx_StdPeriph_Driver/src/stm32f4xx_ltdc.o
                0x00000000080028b8                LTDC_LayerPixelFormat
 .text.LTDC_ITConfig
                0x0000000008002910       0x1c build/CORTEX_M4F_STM32F4/Libraries/STM32F4xx_StdPeriph_Driver/src/stm32f4xx_ltdc.o
                0x0000000008002910                LTDC_ITConfig
 .text.LTDC_GetFlagStatus
                0x000000000800292c       0x14 build/CORTEX_M4F_STM32F4/Libraries/STM32F4xx_StdPeriph_Driver/src/stm32f4xx_ltdc.o
                0x000000000800292c                LTDC_GetFlagStatus
 .text.LTDC_ClearFlag
                0x0000000008002940        0xc build/CORTEX_M4F_STM32F4/Libraries/STM32F4xx_StdPeriph_Driver/src/stm32f4xx_ltdc.o
                0x0000000008002940                LTDC_ClearFlag
 .text.LTDC_GetITStatus
                0x000000000800294c       0x20 build/CORTEX_M4F_STM32F4/Libraries/STM32F4xx_StdPeriph_Driver/src/stm32f4xx_ltdc.o
                0x000000000800294c                LTDC_GetITStatus
 .text.LTDC_ClearITPendingBit
                0x000000000800296c        0xc build/CORTEX_M4F_STM32F4/Libraries/STM32F4xx_StdPeriph_Driver/src/stm32f4xx_ltdc.o
                0x000000000800296c                LTDC_ClearITPendingBit
 .text.FMC_NORSRAMDeInit
                0x0000000008002978       0x38 build/CORTEX_M4F_STM32F4/Libraries/STM32F4xx_StdPeriph_Driver/src/stm32f4xx_fmc.o
                0x0000000008002978                FMC_NORSRAMDeInit
 .text.FMC_NORSRAMInit
                0x00000000080029b0      0x114 build/CORTEX_M4F_STM32F4/Libraries/STM32F4xx_StdPeriph_Driver/src/stm32f4xx_fmc.o
                0x00000000080029b0                FMC_NORSRAMInit
 .text.FMC_NORSRAMStructInit
                0x0000000008002ac4       0x58 build/CORTEX_M4F_STM32F4/Libraries/STM32F4xx_StdPeriph_Driver/src/stm32f4xx_fmc.o
                0x0000000008002ac4                FMC_NORSRAMStructInit
 .text.FMC_NORSRAMCmd
                0x0000000008002b1c       0x24 build/CORTEX_M4F_STM32F4/Libraries/STM32F4xx_StdPeriph_Driver/src/stm32f4xx_fmc.o
                0x0000000008002b1c                FMC_NORSRAMCmd
 .text.FMC_NANDDeInit
                0x0000000008002b40       0x20 build/CORTEX_M4F_STM32F4/Libraries/STM32F4xx_StdPeriph_Driver/src/stm32f4xx_fmc.o
                0x0000000008002b40                FMC_NANDDeInit
 .text.FMC_NANDInit
                0x0000000008002b60       0x78 build/CORTEX_M4F_STM32F4/Libraries/STM32F4xx_StdPeriph_Driver/src/stm32f4xx_fmc.o
                0x0000000008002b60                FMC_NANDInit
 .text.FMC_NANDStructInit
                0x0000000008002bd8       0x30 build/CORTEX_M4F_STM32F4/Libraries/STM32F4xx_StdPeriph_Driver/src/stm32f4xx_fmc.o
                0x0000000008002bd8                FMC_NANDStructInit
 .text.FMC_NANDCmd
                0x0000000008002c08       0x34 build/CORTEX_M4F_STM32F4/Libraries/STM32F4xx_StdPeriph_Driver/src/stm32f4xx_fmc.o
                0x0000000008002c08                FMC_NANDCmd
 .text.FMC_NANDECCCmd
                0x0000000008002c3c       0x34 build/CORTEX_M4F_STM32F4/Libraries/STM32F4xx_StdPeriph_Driver/src/stm32f4xx_fmc.o
                0x0000000008002c3c                FMC_NANDECCCmd
 .text.FMC_GetECC
                0x0000000008002c70       0x10 build/CORTEX_M4F_STM32F4/Libraries/STM32F4xx_StdPeriph_Driver/src/stm32f4xx_fmc.o
                0x0000000008002c70                FMC_GetECC
 .text.FMC_PCCARDDeInit
                0x0000000008002c80       0x1c build/CORTEX_M4F_STM32F4/Libraries/STM32F4xx_StdPeriph_Driver/src/stm32f4xx_fmc.o
                0x0000000008002c80                FMC_PCCARDDeInit
 .text.FMC_PCCARDInit
                0x0000000008002c9c       0x64 build/CORTEX_M4F_STM32F4/Libraries/STM32F4xx_StdPeriph_Driver/src/stm32f4xx_fmc.o
                0x0000000008002c9c                FMC_PCCARDInit
 .text.FMC_PCCARDStructInit
                0x0000000008002d00       0x30 build/CORTEX_M4F_STM32F4/Libraries/STM32F4xx_StdPeriph_Driver/src/stm32f4xx_fmc.o
                0x0000000008002d00                FMC_PCCARDStructInit
 .text.FMC_PCCARDCmd
                0x0000000008002d30       0x28 build/CORTEX_M4F_STM32F4/Libraries/STM32F4xx_StdPeriph_Driver/src/stm32f4xx_fmc.o
                0x0000000008002d30                FMC_PCCARDCmd
 .text.FMC_SDRAMDeInit
                0x0000000008002d58       0x2c build/CORTEX_M4F_STM32F4/Libraries/STM32F4xx_StdPeriph_Driver/src/stm32f4xx_fmc.o
                0x0000000008002d58                FMC_SDRAMDeInit
 .text.FMC_SDRAMInit
                0x0000000008002d84       0xd4 build/CORTEX_M4F_STM32F4/Libraries/STM32F4xx_StdPeriph_Driver/src/stm32f4xx_fmc.o
                0x0000000008002d84                FMC_SDRAMInit
 .text.FMC_SDRAMStructInit
                0x0000000008002e58       0x38 build/CORTEX_M4F_STM32F4/Libraries/STM32F4xx_StdPeriph_Driver/src/stm32f4xx_fmc.o
                0x0000000008002e58                FMC_SDRAMStructInit
 .text.FMC_SDRAMCmdConfig
                0x0000000008002e90       0x24 build/CORTEX_M4F_STM32F4/Libraries/STM32F4xx_StdPeriph_Driver/src/stm32f4xx_fmc.o
                0x0000000008002e90                FMC_SDRAMCmdConfig
 .text.FMC_GetModeStatus
                0x0000000008002eb4       0x1c build/CORTEX_M4F_STM32F4/Libraries/STM32F4xx_StdPeriph_Driver/src/stm32f4xx_fmc.o
                0x0000000008002eb4                FMC_GetModeStatus
 .text.FMC_SetRefreshCount
                0x0000000008002ed0       0x14 build/CORTEX_M4F_STM32F4/Libraries/STM32F4xx_StdPeriph_Driver/src/stm32f4xx_fmc.o
                0x0000000008002ed0                FMC_SetRefreshCount
 .text.FMC_SetAutoRefresh_Number
                0x0000000008002ee4       0x14 build/CORTEX_M4F_STM32F4/Libraries/STM32F4xx_StdPeriph_Driver/src/stm32f4xx_fmc.o
                0x0000000008002ee4                FMC_SetAutoRefresh_Number
 .text.FMC_SDRAMWriteProtectionConfig
                0x0000000008002ef8       0x28 build/CORTEX_M4F_STM32F4/Libraries/STM32F4xx_StdPeriph_Driver/src/stm32f4xx_fmc.o
                0x0000000008002ef8                FMC_SDRAMWriteProtectionConfig
 .text.FMC_ITConfig
                0x0000000008002f20       0xa4 build/CORTEX_M4F_STM32F4/Libraries/STM32F4xx_StdPeriph_Driver/src/stm32f4xx_fmc.o
                0x0000000008002f20                FMC_ITConfig
 .text.FMC_GetFlagStatus
                0x0000000008002fc4       0x44 build/CORTEX_M4F_STM32F4/Libraries/STM32F4xx_StdPeriph_Driver/src/stm32f4xx_fmc.o
                0x0000000008002fc4                FMC_GetFlagStatus
 .text.FMC_ClearFlag
                0x0000000008003008       0x54 build/CORTEX_M4F_STM32F4/Libraries/STM32F4xx_StdPeriph_Driver/src/stm32f4xx_fmc.o
                0x0000000008003008                FMC_ClearFlag
 .text.FMC_GetITStatus
                0x000000000800305c       0x6c build/CORTEX_M4F_STM32F4/Libraries/STM32F4xx_StdPeriph_Driver/src/stm32f4xx_fmc.o
                0x000000000800305c                FMC_GetITStatus
 .text.FMC_ClearITPendingBit
                0x00000000080030c8       0x54 build/CORTEX_M4F_STM32F4/Libraries/STM32F4xx_StdPeriph_Driver/src/stm32f4xx_fmc.o
                0x00000000080030c8                FMC_ClearITPendingBit
 .text.RNG_DeInit
                0x000000000800311c       0x18 build/CORTEX_M4F_STM32F4/Libraries/STM32F4xx_StdPeriph_Driver/src/stm32f4xx_rng.o
                0x000000000800311c                RNG_DeInit
 .text.RNG_Cmd  0x0000000008003134       0x1c build/CORTEX_M4F_STM32F4/Libraries/STM32F4xx_StdPeriph_Driver/src/stm32f4xx_rng.o
                0x0000000008003134                RNG_Cmd
 .text.RNG_GetRandomNumber
                0x0000000008003150        0xc build/CORTEX_M4F_STM32F4/Libraries/STM32F4xx_StdPeriph_Driver/src/stm32f4xx_rng.o
                0x0000000008003150                RNG_GetRandomNumber
 .text.RNG_ITConfig
                0x000000000800315c       0x1c build/CORTEX_M4F_STM32F4/Libraries/STM32F4xx_StdPeriph_Driver/src/stm32f4xx_rng.o
                0x000000000800315c                RNG_ITConfig
 .text.RNG_GetFlagStatus
                0x0000000008003178       0x14 build/CORTEX_M4F_STM32F4/Libraries/STM32F4xx_StdPeriph_Driver/src/stm32f4xx_rng.o
                0x0000000008003178                RNG_GetFlagStatus
 .text.RNG_ClearFlag
                0x000000000800318c       0x10 build/CORTEX_M4F_STM32F4/Libraries/STM32F4xx_StdPeriph_Driver/src/stm32f4xx_rng.o
                0x000000000800318c                RNG_ClearFlag
 .text.RNG_GetITStatus
                0x000000000800319c       0x14 build/CORTEX_M4F_STM32F4/Libraries/STM32F4xx_StdPeriph_Driver/src/stm32f4xx_rng.o
                0x000000000800319c                RNG_GetITStatus
 .text.RNG_ClearITPendingBit
                0x00000000080031b0       0x10 build/CORTEX_M4F_STM32F4/Libraries/STM32F4xx_StdPeriph_Driver/src/stm32f4xx_rng.o
                0x00000000080031b0                RNG_ClearITPendingBit
 *(.glue_7)
 .glue_7        0x0000000000000000        0x0 linker stubs
 *(.glue_7t)
 .glue_7t       0x0000000000000000        0x0 linker stubs
 *(.eh_frame)
 *(.init)
 *(.fini)
                0x00000000080031c0                . = ALIGN (0x4)
                0x00000000080031c0                _etext = .

.vfp11_veneer   0x00000000080031c0        0x0
 .vfp11_veneer  0x0000000000000000        0x0 linker stubs

.v4_bx          0x00000000080031c0        0x0
 .v4_bx         0x0000000000000000        0x0 linker stubs

.iplt           0x00000000080031c0        0x0
 .iplt          0x0000000000000000        0x0 build/CORTEX_M4F_STM32F4/startup_stm32f429_439xx.o

.rel.dyn        0x00000000080031c0        0x0
 .rel.iplt      0x0000000000000000        0x0 build/CORTEX_M4F_STM32F4/startup_stm32f429_439xx.o

.rodata         0x00000000080031c0        0x0
                0x00000000080031c0                . = ALIGN (0x4)
 *(.rodata)
 *(.rodata*)
                0x00000000080031c0                . = ALIGN (0x4)

.ARM.extab
 *(.ARM.extab* .gnu.linkonce.armextab.*)

.ARM            0x00000000080031c0        0x0
                0x00000000080031c0                __exidx_start = .
 *(.ARM.exidx*)
                0x00000000080031c0                __exidx_end = .

.preinit_array  0x00000000080031c0        0x0
                0x00000000080031c0                PROVIDE (__preinit_array_start, .)
 *(.preinit_array*)
                0x00000000080031c0                PROVIDE (__preinit_array_end, .)

.init_array     0x00000000080031c0        0x0
                0x00000000080031c0                PROVIDE (__init_array_start, .)
 *(SORT(.init_array.*))
 *(.init_array*)
                0x00000000080031c0                PROVIDE (__init_array_end, .)

.fini_array     0x00000000080031c0        0x0
                0x00000000080031c0                PROVIDE (__fini_array_start, .)
 *(SORT(.fini_array.*))
 *(.fini_array*)
                0x00000000080031c0                PROVIDE (__fini_array_end, .)
                0x00000000080031c0                _sidata = LOADADDR (.data)

.data           0x0000000020000000       0x24 load address 0x00000000080031c0
                0x0000000020000000                . = ALIGN (0x4)
                0x0000000020000000                _sdata = .
 *(.data)
 .data          0x0000000020000000        0x0 build/CORTEX_M4F_STM32F4/startup_stm32f429_439xx.o
 .data          0x0000000020000000        0x0 build/CORTEX_M4F_STM32F4/startup/system_stm32f4xx.o
 .data          0x0000000020000000        0x0 build/src/main.o
 .data          0x0000000020000000        0x0 build/CORTEX_M4F_STM32F4/Libraries/STM32F4xx_StdPeriph_Driver/src/misc.o
 .data          0x0000000020000000        0x0 build/CORTEX_M4F_STM32F4/Libraries/STM32F4xx_StdPeriph_Driver/src/stm32f4xx_gpio.o
 .data          0x0000000020000000        0x0 build/CORTEX_M4F_STM32F4/Libraries/STM32F4xx_StdPeriph_Driver/src/stm32f4xx_rcc.o
 .data          0x0000000020000000        0x0 build/CORTEX_M4F_STM32F4/Libraries/STM32F4xx_StdPeriph_Driver/src/stm32f4xx_usart.o
 .data          0x0000000020000000        0x0 build/CORTEX_M4F_STM32F4/Libraries/STM32F4xx_StdPeriph_Driver/src/stm32f4xx_syscfg.o
 .data          0x0000000020000000        0x0 build/CORTEX_M4F_STM32F4/Libraries/STM32F4xx_StdPeriph_Driver/src/stm32f4xx_i2c.o
 .data          0x0000000020000000        0x0 build/CORTEX_M4F_STM32F4/Libraries/STM32F4xx_StdPeriph_Driver/src/stm32f4xx_dma.o
 .data          0x0000000020000000        0x0 build/CORTEX_M4F_STM32F4/Libraries/STM32F4xx_StdPeriph_Driver/src/stm32f4xx_spi.o
 .data          0x0000000020000000        0x0 build/CORTEX_M4F_STM32F4/Libraries/STM32F4xx_StdPeriph_Driver/src/stm32f4xx_exti.o
 .data          0x0000000020000000        0x0 build/CORTEX_M4F_STM32F4/Libraries/STM32F4xx_StdPeriph_Driver/src/stm32f4xx_dma2d.o
 .data          0x0000000020000000        0x0 build/CORTEX_M4F_STM32F4/Libraries/STM32F4xx_StdPeriph_Driver/src/stm32f4xx_ltdc.o
 .data          0x0000000020000000        0x0 build/CORTEX_M4F_STM32F4/Libraries/STM32F4xx_StdPeriph_Driver/src/stm32f4xx_fmc.o
 .data          0x0000000020000000        0x0 build/CORTEX_M4F_STM32F4/Libraries/STM32F4xx_StdPeriph_Driver/src/stm32f4xx_rng.o
 *(.data*)
 .data.AHBPrescTable
                0x0000000020000000       0x10 build/CORTEX_M4F_STM32F4/startup/system_stm32f4xx.o
                0x0000000020000000                AHBPrescTable
 .data.SystemCoreClock
                0x0000000020000010        0x4 build/CORTEX_M4F_STM32F4/startup/system_stm32f4xx.o
                0x0000000020000010                SystemCoreClock
 .data.APBAHBPrescTable
                0x0000000020000014       0x10 build/CORTEX_M4F_STM32F4/Libraries/STM32F4xx_StdPeriph_Driver/src/stm32f4xx_rcc.o
                0x0000000020000024                . = ALIGN (0x4)
                0x0000000020000024                _edata = .
                0x00000000080031e4                _siccmram = LOADADDR (.ccmram)

.igot.plt       0x0000000020000024        0x0 load address 0x00000000080031e4
 .igot.plt      0x0000000000000000        0x0 build/CORTEX_M4F_STM32F4/startup_stm32f429_439xx.o

.ccmram         0x0000000010000000        0x0 load address 0x00000000080031e4
                0x0000000010000000                . = ALIGN (0x4)
                0x0000000010000000                _sccmram = .
 *(.ccmram)
 *(.ccmram*)
                0x0000000010000000                . = ALIGN (0x4)
                0x0000000010000000                _eccmram = .
                0x0000000010000000                . = ALIGN (0x4)

.bss            0x0000000020000024        0x4
                0x0000000020000024                _sbss = .
[...]
 .ARM.attributes
                0x0000000000000152       0x33 build/CORTEX_M4F_STM32F4/Libraries/STM32F4xx_StdPeriph_Driver/src/stm32f4xx_syscfg.o
 .ARM.attributes
                0x0000000000000185       0x33 build/CORTEX_M4F_STM32F4/Libraries/STM32F4xx_StdPeriph_Driver/src/stm32f4xx_i2c.o
 .ARM.attributes
                0x00000000000001b8       0x33 build/CORTEX_M4F_STM32F4/Libraries/STM32F4xx_StdPeriph_Driver/src/stm32f4xx_dma.o
 .ARM.attributes
                0x00000000000001eb       0x33 build/CORTEX_M4F_STM32F4/Libraries/STM32F4xx_StdPeriph_Driver/src/stm32f4xx_spi.o
 .ARM.attributes
                0x000000000000021e       0x33 build/CORTEX_M4F_STM32F4/Libraries/STM32F4xx_StdPeriph_Driver/src/stm32f4xx_exti.o
 .ARM.attributes
                0x0000000000000251       0x33 build/CORTEX_M4F_STM32F4/Libraries/STM32F4xx_StdPeriph_Driver/src/stm32f4xx_dma2d.o
 .ARM.attributes
                0x0000000000000284       0x33 build/CORTEX_M4F_STM32F4/Libraries/STM32F4xx_StdPeriph_Driver/src/stm32f4xx_ltdc.o
 .ARM.attributes
                0x00000000000002b7       0x33 build/CORTEX_M4F_STM32F4/Libraries/STM32F4xx_StdPeriph_Driver/src/stm32f4xx_fmc.o
 .ARM.attributes
                0x00000000000002ea       0x33 build/CORTEX_M4F_STM32F4/Libraries/STM32F4xx_StdPeriph_Driver/src/stm32f4xx_rng.o
OUTPUT(build/main.elf elf32-littlearm)

.debug_line     0x0000000000000000     0x3742
 .debug_line    0x0000000000000000       0x88 build/CORTEX_M4F_STM32F4/startup_stm32f429_439xx.o
 .debug_line    0x0000000000000088      0x1a7 build/CORTEX_M4F_STM32F4/startup/system_stm32f4xx.o
 .debug_line    0x000000000000022f      0x21f build/src/main.o
 .debug_line    0x000000000000044e      0x204 build/CORTEX_M4F_STM32F4/Libraries/STM32F4xx_StdPeriph_Driver/src/misc.o
 .debug_line    0x0000000000000652      0x350 build/CORTEX_M4F_STM32F4/Libraries/STM32F4xx_StdPeriph_Driver/src/stm32f4xx_gpio.o
 .debug_line    0x00000000000009a2      0x610 build/CORTEX_M4F_STM32F4/Libraries/STM32F4xx_StdPeriph_Driver/src/stm32f4xx_rcc.o
 .debug_line    0x0000000000000fb2      0x4c1 build/CORTEX_M4F_STM32F4/Libraries/STM32F4xx_StdPeriph_Driver/src/stm32f4xx_usart.o
 .debug_line    0x0000000000001473      0x21d build/CORTEX_M4F_STM32F4/Libraries/STM32F4xx_StdPeriph_Driver/src/stm32f4xx_syscfg.o
 .debug_line    0x0000000000001690      0x512 build/CORTEX_M4F_STM32F4/Libraries/STM32F4xx_StdPeriph_Driver/src/stm32f4xx_i2c.o
 .debug_line    0x0000000000001ba2      0x3fe build/CORTEX_M4F_STM32F4/Libraries/STM32F4xx_StdPeriph_Driver/src/stm32f4xx_dma.o
 .debug_line    0x0000000000001fa0      0x48f build/CORTEX_M4F_STM32F4/Libraries/STM32F4xx_StdPeriph_Driver/src/stm32f4xx_spi.o
 .debug_line    0x000000000000242f      0x25b build/CORTEX_M4F_STM32F4/Libraries/STM32F4xx_StdPeriph_Driver/src/stm32f4xx_exti.o
 .debug_line    0x000000000000268a      0x3a3 build/CORTEX_M4F_STM32F4/Libraries/STM32F4xx_StdPeriph_Driver/src/stm32f4xx_dma2d.o
 .debug_line    0x0000000000002a2d      0x503 build/CORTEX_M4F_STM32F4/Libraries/STM32F4xx_StdPeriph_Driver/src/stm32f4xx_ltdc.o
 .debug_line    0x0000000000002f30      0x5e8 build/CORTEX_M4F_STM32F4/Libraries/STM32F4xx_StdPeriph_Driver/src/stm32f4xx_fmc.o
 .debug_line    0x0000000000003518      0x22a build/CORTEX_M4F_STM32F4/Libraries/STM32F4xx_StdPeriph_Driver/src/stm32f4xx_rng.o

.debug_info     0x0000000000000000     0x81f1
 .debug_info    0x0000000000000000       0x76 build/CORTEX_M4F_STM32F4/startup_stm32f429_439xx.o
 .debug_info    0x0000000000000076      0x5de build/CORTEX_M4F_STM32F4/startup/system_stm32f4xx.o
 .debug_info    0x0000000000000654      0x829 build/src/main.o
 .debug_info    0x0000000000000e7d      0x547 build/CORTEX_M4F_STM32F4/Libraries/STM32F4xx_StdPeriph_Driver/src/misc.o
 .debug_info    0x00000000000013c4      0x845 build/CORTEX_M4F_STM32F4/Libraries/STM32F4xx_StdPeriph_Driver/src/stm32f4xx_gpio.o
 .debug_info    0x0000000000001c09      0xed6 build/CORTEX_M4F_STM32F4/Libraries/STM32F4xx_StdPeriph_Driver/src/stm32f4xx_rcc.o
 .debug_info    0x0000000000002adf      0xbb1 build/CORTEX_M4F_STM32F4/Libraries/STM32F4xx_StdPeriph_Driver/src/stm32f4xx_usart.o
 .debug_info    0x0000000000003690      0x2dc build/CORTEX_M4F_STM32F4/Libraries/STM32F4xx_StdPeriph_Driver/src/stm32f4xx_syscfg.o
 .debug_info    0x000000000000396c      0xc57 build/CORTEX_M4F_STM32F4/Libraries/STM32F4xx_StdPeriph_Driver/src/stm32f4xx_i2c.o
 .debug_info    0x00000000000045c3      0x73f build/CORTEX_M4F_STM32F4/Libraries/STM32F4xx_StdPeriph_Driver/src/stm32f4xx_dma.o
 .debug_info    0x0000000000004d02      0xc80 build/CORTEX_M4F_STM32F4/Libraries/STM32F4xx_StdPeriph_Driver/src/stm32f4xx_spi.o
 .debug_info    0x0000000000005982      0x340 build/CORTEX_M4F_STM32F4/Libraries/STM32F4xx_StdPeriph_Driver/src/stm32f4xx_exti.o
 .debug_info    0x0000000000005cc2      0x873 build/CORTEX_M4F_STM32F4/Libraries/STM32F4xx_StdPeriph_Driver/src/stm32f4xx_dma2d.o
 .debug_info    0x0000000000006535      0xd4d build/CORTEX_M4F_STM32F4/Libraries/STM32F4xx_StdPeriph_Driver/src/stm32f4xx_ltdc.o
 .debug_info    0x0000000000007282      0xca2 build/CORTEX_M4F_STM32F4/Libraries/STM32F4xx_StdPeriph_Driver/src/stm32f4xx_fmc.o
 .debug_info    0x0000000000007f24      0x2cd build/CORTEX_M4F_STM32F4/Libraries/STM32F4xx_StdPeriph_Driver/src/stm32f4xx_rng.o

.debug_abbrev   0x0000000000000000     0x1a34
 .debug_abbrev  0x0000000000000000       0x12 build/CORTEX_M4F_STM32F4/startup_stm32f429_439xx.o
 .debug_abbrev  0x0000000000000012      0x15f build/CORTEX_M4F_STM32F4/startup/system_stm32f4xx.o
 .debug_abbrev  0x0000000000000171      0x1dd build/src/main.o
 .debug_abbrev  0x000000000000034e      0x156 build/CORTEX_M4F_STM32F4/Libraries/STM32F4xx_StdPeriph_Driver/src/misc.o
 .debug_abbrev  0x00000000000004a4      0x1f8 build/CORTEX_M4F_STM32F4/Libraries/STM32F4xx_StdPeriph_Driver/src/stm32f4xx_gpio.o
 .debug_abbrev  0x000000000000069c      0x257 build/CORTEX_M4F_STM32F4/Libraries/STM32F4xx_StdPeriph_Driver/src/stm32f4xx_rcc.o
 .debug_abbrev  0x00000000000008f3      0x1de build/CORTEX_M4F_STM32F4/Libraries/STM32F4xx_StdPeriph_Driver/src/stm32f4xx_usart.o
 .debug_abbrev  0x0000000000000ad1      0x169 build/CORTEX_M4F_STM32F4/Libraries/STM32F4xx_StdPeriph_Driver/src/stm32f4xx_syscfg.o
 .debug_abbrev  0x0000000000000c3a      0x1ef build/CORTEX_M4F_STM32F4/Libraries/STM32F4xx_StdPeriph_Driver/src/stm32f4xx_i2c.o
 .debug_abbrev  0x0000000000000e29      0x175 build/CORTEX_M4F_STM32F4/Libraries/STM32F4xx_StdPeriph_Driver/src/stm32f4xx_dma.o
 .debug_abbrev  0x0000000000000f9e      0x1e7 build/CORTEX_M4F_STM32F4/Libraries/STM32F4xx_StdPeriph_Driver/src/stm32f4xx_spi.o
 .debug_abbrev  0x0000000000001185      0x1c5 build/CORTEX_M4F_STM32F4/Libraries/STM32F4xx_StdPeriph_Driver/src/stm32f4xx_exti.o
 .debug_abbrev  0x000000000000134a      0x1ed build/CORTEX_M4F_STM32F4/Libraries/STM32F4xx_StdPeriph_Driver/src/stm32f4xx_dma2d.o
 .debug_abbrev  0x0000000000001537      0x1e2 build/CORTEX_M4F_STM32F4/Libraries/STM32F4xx_StdPeriph_Driver/src/stm32f4xx_ltdc.o
 .debug_abbrev  0x0000000000001719      0x19f build/CORTEX_M4F_STM32F4/Libraries/STM32F4xx_StdPeriph_Driver/src/stm32f4xx_fmc.o
 .debug_abbrev  0x00000000000018b8      0x17c build/CORTEX_M4F_STM32F4/Libraries/STM32F4xx_StdPeriph_Driver/src/stm32f4xx_rng.o

.debug_aranges  0x0000000000000000      0xa78
 .debug_aranges
                0x0000000000000000       0x28 build/CORTEX_M4F_STM32F4/startup_stm32f429_439xx.o
 .debug_aranges
                0x0000000000000028       0x28 build/CORTEX_M4F_STM32F4/startup/system_stm32f4xx.o
 .debug_aranges
                0x0000000000000050       0x40 build/src/main.o
 .debug_aranges
                0x0000000000000090       0x40 build/CORTEX_M4F_STM32F4/Libraries/STM32F4xx_StdPeriph_Driver/src/misc.o
 .debug_aranges
                0x00000000000000d0       0x88 build/CORTEX_M4F_STM32F4/Libraries/STM32F4xx_StdPeriph_Driver/src/stm32f4xx_gpio.o
 .debug_aranges
                0x0000000000000158      0x1b8 build/CORTEX_M4F_STM32F4/Libraries/STM32F4xx_StdPeriph_Driver/src/stm32f4xx_rcc.o
 .debug_aranges
                0x0000000000000310      0x100 build/CORTEX_M4F_STM32F4/Libraries/STM32F4xx_StdPeriph_Driver/src/stm32f4xx_usart.o
 .debug_aranges
                0x0000000000000410       0x50 build/CORTEX_M4F_STM32F4/Libraries/STM32F4xx_StdPeriph_Driver/src/stm32f4xx_syscfg.o
 .debug_aranges
                0x0000000000000460      0x130 build/CORTEX_M4F_STM32F4/Libraries/STM32F4xx_StdPeriph_Driver/src/stm32f4xx_i2c.o
 .debug_aranges
                0x0000000000000590       0xb0 build/CORTEX_M4F_STM32F4/Libraries/STM32F4xx_StdPeriph_Driver/src/stm32f4xx_dma.o
 .debug_aranges
                0x0000000000000640       0xe0 build/CORTEX_M4F_STM32F4/Libraries/STM32F4xx_StdPeriph_Driver/src/stm32f4xx_spi.o
 .debug_aranges
                0x0000000000000720       0x58 build/CORTEX_M4F_STM32F4/Libraries/STM32F4xx_StdPeriph_Driver/src/stm32f4xx_exti.o
 .debug_aranges
                0x0000000000000778       0xb0 build/CORTEX_M4F_STM32F4/Libraries/STM32F4xx_StdPeriph_Driver/src/stm32f4xx_dma2d.o
 .debug_aranges
                0x0000000000000828      0x108 build/CORTEX_M4F_STM32F4/Libraries/STM32F4xx_StdPeriph_Driver/src/stm32f4xx_ltdc.o
 .debug_aranges
                0x0000000000000930       0xf0 build/CORTEX_M4F_STM32F4/Libraries/STM32F4xx_StdPeriph_Driver/src/stm32f4xx_fmc.o
 .debug_aranges
                0x0000000000000a20       0x58 build/CORTEX_M4F_STM32F4/Libraries/STM32F4xx_StdPeriph_Driver/src/stm32f4xx_rng.o

.debug_ranges   0x0000000000000000      0x9b0
 .debug_ranges  0x0000000000000000       0x20 build/CORTEX_M4F_STM32F4/startup_stm32f429_439xx.o
 .debug_ranges  0x0000000000000020       0x30 build/CORTEX_M4F_STM32F4/startup/system_stm32f4xx.o
 .debug_ranges  0x0000000000000050       0x30 build/src/main.o
 .debug_ranges  0x0000000000000080       0x30 build/CORTEX_M4F_STM32F4/Libraries/STM32F4xx_StdPeriph_Driver/src/misc.o
 .debug_ranges  0x00000000000000b0       0x78 build/CORTEX_M4F_STM32F4/Libraries/STM32F4xx_StdPeriph_Driver/src/stm32f4xx_gpio.o
 .debug_ranges  0x0000000000000128      0x1c0 build/CORTEX_M4F_STM32F4/Libraries/STM32F4xx_StdPeriph_Driver/src/stm32f4xx_rcc.o
 .debug_ranges  0x00000000000002e8       0xf0 build/CORTEX_M4F_STM32F4/Libraries/STM32F4xx_StdPeriph_Driver/src/stm32f4xx_usart.o
 .debug_ranges  0x00000000000003d8       0x40 build/CORTEX_M4F_STM32F4/Libraries/STM32F4xx_StdPeriph_Driver/src/stm32f4xx_syscfg.o
 .debug_ranges  0x0000000000000418      0x120 build/CORTEX_M4F_STM32F4/Libraries/STM32F4xx_StdPeriph_Driver/src/stm32f4xx_i2c.o
 .debug_ranges  0x0000000000000538       0xa0 build/CORTEX_M4F_STM32F4/Libraries/STM32F4xx_StdPeriph_Driver/src/stm32f4xx_dma.o
 .debug_ranges  0x00000000000005d8       0xd0 build/CORTEX_M4F_STM32F4/Libraries/STM32F4xx_StdPeriph_Driver/src/stm32f4xx_spi.o
 .debug_ranges  0x00000000000006a8       0x48 build/CORTEX_M4F_STM32F4/Libraries/STM32F4xx_StdPeriph_Driver/src/stm32f4xx_exti.o
 .debug_ranges  0x00000000000006f0       0xa0 build/CORTEX_M4F_STM32F4/Libraries/STM32F4xx_StdPeriph_Driver/src/stm32f4xx_dma2d.o
 .debug_ranges  0x0000000000000790       0xf8 build/CORTEX_M4F_STM32F4/Libraries/STM32F4xx_StdPeriph_Driver/src/stm32f4xx_ltdc.o
 .debug_ranges  0x0000000000000888       0xe0 build/CORTEX_M4F_STM32F4/Libraries/STM32F4xx_StdPeriph_Driver/src/stm32f4xx_fmc.o
 .debug_ranges  0x0000000000000968       0x48 build/CORTEX_M4F_STM32F4/Libraries/STM32F4xx_StdPeriph_Driver/src/stm32f4xx_rng.o

.debug_loc      0x0000000000000000     0x4415
 .debug_loc     0x0000000000000000      0x12d build/CORTEX_M4F_STM32F4/startup/system_stm32f4xx.o
 .debug_loc     0x000000000000012d      0x15d build/CORTEX_M4F_STM32F4/Libraries/STM32F4xx_StdPeriph_Driver/src/misc.o
 .debug_loc     0x000000000000028a      0x3b8 build/CORTEX_M4F_STM32F4/Libraries/STM32F4xx_StdPeriph_Driver/src/stm32f4xx_gpio.o
 .debug_loc     0x0000000000000642      0xd02 build/CORTEX_M4F_STM32F4/Libraries/STM32F4xx_StdPeriph_Driver/src/stm32f4xx_rcc.o
 .debug_loc     0x0000000000001344      0x6b6 build/CORTEX_M4F_STM32F4/Libraries/STM32F4xx_StdPeriph_Driver/src/stm32f4xx_usart.o
 .debug_loc     0x00000000000019fa       0xa6 build/CORTEX_M4F_STM32F4/Libraries/STM32F4xx_StdPeriph_Driver/src/stm32f4xx_syscfg.o
 .debug_loc     0x0000000000001aa0      0x773 build/CORTEX_M4F_STM32F4/Libraries/STM32F4xx_StdPeriph_Driver/src/stm32f4xx_i2c.o
 .debug_loc     0x0000000000002213      0x41c build/CORTEX_M4F_STM32F4/Libraries/STM32F4xx_StdPeriph_Driver/src/stm32f4xx_dma.o
 .debug_loc     0x000000000000262f      0x5f0 build/CORTEX_M4F_STM32F4/Libraries/STM32F4xx_StdPeriph_Driver/src/stm32f4xx_spi.o
 .debug_loc     0x0000000000002c1f      0x1d4 build/CORTEX_M4F_STM32F4/Libraries/STM32F4xx_StdPeriph_Driver/src/stm32f4xx_exti.o
 .debug_loc     0x0000000000002df3      0x483 build/CORTEX_M4F_STM32F4/Libraries/STM32F4xx_StdPeriph_Driver/src/stm32f4xx_dma2d.o
 .debug_loc     0x0000000000003276      0x800 build/CORTEX_M4F_STM32F4/Libraries/STM32F4xx_StdPeriph_Driver/src/stm32f4xx_ltdc.o
 .debug_loc     0x0000000000003a76      0x89d build/CORTEX_M4F_STM32F4/Libraries/STM32F4xx_StdPeriph_Driver/src/stm32f4xx_fmc.o
 .debug_loc     0x0000000000004313      0x102 build/CORTEX_M4F_STM32F4/Libraries/STM32F4xx_StdPeriph_Driver/src/stm32f4xx_rng.o

.debug_str      0x0000000000000000     0x3fe1
 .debug_str     0x0000000000000000      0x3ce build/CORTEX_M4F_STM32F4/startup/system_stm32f4xx.o
                                        0x442 (size before relaxing)
 .debug_str     0x00000000000003ce      0x95d build/src/main.o
                                        0xb72 (size before relaxing)
 .debug_str     0x0000000000000d2b      0x15c build/CORTEX_M4F_STM32F4/Libraries/STM32F4xx_StdPeriph_Driver/src/misc.o
                                        0x467 (size before relaxing)
 .debug_str     0x0000000000000e87      0x1b7 build/CORTEX_M4F_STM32F4/Libraries/STM32F4xx_StdPeriph_Driver/src/stm32f4xx_gpio.o
                                        0x560 (size before relaxing)
 .debug_str     0x000000000000103e      0x67f build/CORTEX_M4F_STM32F4/Libraries/STM32F4xx_StdPeriph_Driver/src/stm32f4xx_rcc.o
                                        0xa36 (size before relaxing)
 .debug_str     0x00000000000016bd      0x43a build/CORTEX_M4F_STM32F4/Libraries/STM32F4xx_StdPeriph_Driver/src/stm32f4xx_usart.o
                                        0x768 (size before relaxing)
 .debug_str     0x0000000000001af7      0x16a build/CORTEX_M4F_STM32F4/Libraries/STM32F4xx_StdPeriph_Driver/src/stm32f4xx_syscfg.o
                                        0x3be (size before relaxing)
 .debug_str     0x0000000000001c61      0x43a build/CORTEX_M4F_STM32F4/Libraries/STM32F4xx_StdPeriph_Driver/src/stm32f4xx_i2c.o
                                        0x774 (size before relaxing)
 .debug_str     0x000000000000209b      0x38d build/CORTEX_M4F_STM32F4/Libraries/STM32F4xx_StdPeriph_Driver/src/stm32f4xx_dma.o
                                        0x5db (size before relaxing)
 .debug_str     0x0000000000002428      0x39c build/CORTEX_M4F_STM32F4/Libraries/STM32F4xx_StdPeriph_Driver/src/stm32f4xx_spi.o
                                        0x764 (size before relaxing)
 .debug_str     0x00000000000027c4       0xcf build/CORTEX_M4F_STM32F4/Libraries/STM32F4xx_StdPeriph_Driver/src/stm32f4xx_exti.o
                                        0x3e5 (size before relaxing)
 .debug_str     0x0000000000002893      0x58c build/CORTEX_M4F_STM32F4/Libraries/STM32F4xx_StdPeriph_Driver/src/stm32f4xx_dma2d.o
                                        0x7e6 (size before relaxing)
 .debug_str     0x0000000000002e1f      0x814 build/CORTEX_M4F_STM32F4/Libraries/STM32F4xx_StdPeriph_Driver/src/stm32f4xx_ltdc.o
                                        0xad8 (size before relaxing)
 .debug_str     0x0000000000003633      0x8cc build/CORTEX_M4F_STM32F4/Libraries/STM32F4xx_StdPeriph_Driver/src/stm32f4xx_fmc.o
                                        0xb04 (size before relaxing)
 .debug_str     0x0000000000003eff       0xe2 build/CORTEX_M4F_STM32F4/Libraries/STM32F4xx_StdPeriph_Driver/src/stm32f4xx_rng.o
                                        0x329 (size before relaxing)

.comment        0x0000000000000000       0x1f
 .comment       0x0000000000000000       0x1f build/CORTEX_M4F_STM32F4/startup/system_stm32f4xx.o
                                         0x20 (size before relaxing)
 .comment       0x0000000000000000       0x20 build/src/main.o
 .comment       0x0000000000000000       0x20 build/CORTEX_M4F_STM32F4/Libraries/STM32F4xx_StdPeriph_Driver/src/misc.o
 .comment       0x0000000000000000       0x20 build/CORTEX_M4F_STM32F4/Libraries/STM32F4xx_StdPeriph_Driver/src/stm32f4xx_gpio.o
 .comment       0x0000000000000000       0x20 build/CORTEX_M4F_STM32F4/Libraries/STM32F4xx_StdPeriph_Driver/src/stm32f4xx_rcc.o
 .comment       0x0000000000000000       0x20 build/CORTEX_M4F_STM32F4/Libraries/STM32F4xx_StdPeriph_Driver/src/stm32f4xx_usart.o
 .comment       0x0000000000000000       0x20 build/CORTEX_M4F_STM32F4/Libraries/STM32F4xx_StdPeriph_Driver/src/stm32f4xx_syscfg.o
 .comment       0x0000000000000000       0x20 build/CORTEX_M4F_STM32F4/Libraries/STM32F4xx_StdPeriph_Driver/src/stm32f4xx_i2c.o
 .comment       0x0000000000000000       0x20 build/CORTEX_M4F_STM32F4/Libraries/STM32F4xx_StdPeriph_Driver/src/stm32f4xx_dma.o
 .comment       0x0000000000000000       0x20 build/CORTEX_M4F_STM32F4/Libraries/STM32F4xx_StdPeriph_Driver/src/stm32f4xx_spi.o
 .comment       0x0000000000000000       0x20 build/CORTEX_M4F_STM32F4/Libraries/STM32F4xx_StdPeriph_Driver/src/stm32f4xx_exti.o
 .comment       0x0000000000000000       0x20 build/CORTEX_M4F_STM32F4/Libraries/STM32F4xx_StdPeriph_Driver/src/stm32f4xx_dma2d.o
 .comment       0x0000000000000000       0x20 build/CORTEX_M4F_STM32F4/Libraries/STM32F4xx_StdPeriph_Driver/src/stm32f4xx_ltdc.o
 .comment       0x0000000000000000       0x20 build/CORTEX_M4F_STM32F4/Libraries/STM32F4xx_StdPeriph_Driver/src/stm32f4xx_fmc.o
 .comment       0x0000000000000000       0x20 build/CORTEX_M4F_STM32F4/Libraries/STM32F4xx_StdPeriph_Driver/src/stm32f4xx_rng.o

.debug_frame    0x0000000000000000     0x154c
 .debug_frame   0x0000000000000000       0x34 build/CORTEX_M4F_STM32F4/startup/system_stm32f4xx.o
 .debug_frame   0x0000000000000034       0x90 build/src/main.o
 .debug_frame   0x00000000000000c4       0x6c build/CORTEX_M4F_STM32F4/Libraries/STM32F4xx_StdPeriph_Driver/src/misc.o
 .debug_frame   0x0000000000000130      0x118 build/CORTEX_M4F_STM32F4/Libraries/STM32F4xx_StdPeriph_Driver/src/stm32f4xx_gpio.o
 .debug_frame   0x0000000000000248      0x36c build/CORTEX_M4F_STM32F4/Libraries/STM32F4xx_StdPeriph_Driver/src/stm32f4xx_rcc.o
 .debug_frame   0x00000000000005b4      0x210 build/CORTEX_M4F_STM32F4/Libraries/STM32F4xx_StdPeriph_Driver/src/stm32f4xx_usart.o
 .debug_frame   0x00000000000007c4       0x90 build/CORTEX_M4F_STM32F4/Libraries/STM32F4xx_StdPeriph_Driver/src/stm32f4xx_syscfg.o
 .debug_frame   0x0000000000000854      0x268 build/CORTEX_M4F_STM32F4/Libraries/STM32F4xx_StdPeriph_Driver/src/stm32f4xx_i2c.o
 .debug_frame   0x0000000000000abc      0x17c build/CORTEX_M4F_STM32F4/Libraries/STM32F4xx_StdPeriph_Driver/src/stm32f4xx_dma.o
 .debug_frame   0x0000000000000c38      0x1dc build/CORTEX_M4F_STM32F4/Libraries/STM32F4xx_StdPeriph_Driver/src/stm32f4xx_spi.o
 .debug_frame   0x0000000000000e14       0x9c build/CORTEX_M4F_STM32F4/Libraries/STM32F4xx_StdPeriph_Driver/src/stm32f4xx_exti.o
 .debug_frame   0x0000000000000eb0      0x16c build/CORTEX_M4F_STM32F4/Libraries/STM32F4xx_StdPeriph_Driver/src/stm32f4xx_dma2d.o
 .debug_frame   0x000000000000101c      0x250 build/CORTEX_M4F_STM32F4/Libraries/STM32F4xx_StdPeriph_Driver/src/stm32f4xx_ltdc.o
 .debug_frame   0x000000000000126c      0x248 build/CORTEX_M4F_STM32F4/Libraries/STM32F4xx_StdPeriph_Driver/src/stm32f4xx_fmc.o
 .debug_frame   0x00000000000014b4       0x98 build/CORTEX_M4F_STM32F4/Libraries/STM32F4xx_StdPeriph_Driver/src/stm32f4xx_rng.o
